03-12 20:09:22.533: D/MSF.D.AppNetInfoNewImpl(21868): registerNetInfoHandler d391a7b
03-12 20:09:22.538: D/AutoMonitor(21868): MTA, cost=10 results: true
03-12 20:09:22.551: D/MainService(21868): start MSF-Receiver 70628
03-12 20:09:22.552: D/mqq(21868): newServlet = mqq.app.BuiltInServlet@d83f098
03-12 20:09:22.554: D/MSF.D.Proxy(21868): start MsfService through Broadcast, 1
03-12 20:09:22.561: D/MSF.D.Proxy(21868): threadID:1, threadName: main bind service finished true
03-12 20:09:22.561: D/MSF.D.Proxy(21868): delay binding MSF Service
03-12 20:09:22.567: D/MSF.D.AppNetInfoNewImpl(21868): registerNetInfoHandler de534d6
03-12 20:09:22.574: D/mqq(21868): newServlet = com.tencent.mobileqq.compatible.TempServlet@434e357
03-12 20:09:22.574: I/AutoMonitor(21868): nextState 1, 201
03-12 20:09:22.581: I/AutoMonitor(21868): onActivityCreatecom.tencent.mobileqq.app.CoreService$KernelService@95dab2d
03-12 20:09:22.591: D/mqq(21868): newServlet = com.tencent.mobileqq.servlet.CliNotifyPush@4ec3ab0
03-12 20:09:22.594: D/mqq(21868): newServlet = com.tencent.mobileqq.phonecontact.ContactBindServlet@696cd29
03-12 20:09:22.607: I/SoLoadUtilNew(21868): load GIFEngine result:true code 3387394
03-12 20:09:22.617: I/Theme.ThemeUtil(21868): initTheme theme currentThemeResPath:null
03-12 20:09:22.629: D/SPLASH_ConfigServlet(21868): ReadinjoyFolderMerge config true
03-12 20:09:22.630: D/SPLASH_ConfigServlet(21868): ReadinjooyStopFunctionSwitch config:false
03-12 20:09:22.664: D/MSF.C.AccountCenter(21854): main handleLoadedAccounts setKey *7279
03-12 20:09:22.666: E/MD5(21868): loadso arm msfbootV2 resultCode=3387394
03-12 20:09:22.669: E/MD5(21868): loadso msfbootV2 true resultCode=3387394 cost=84
03-12 20:09:22.695: E/MSF.C.CodecWarpper(21854): loadso arm codecwrapperV2 resultCode=3387394
03-12 20:09:22.695: E/MSF.C.CodecWarpper(21854): loadso codecwrapperV2 true resultCode=3387394 cost=31
03-12 20:09:22.696: I/MSF.C.CodecWarpper(21854): checkSO so_appid=537060804
03-12 20:09:22.696: D/MSF.C.CodecWarpper(21854): checkSO version=780
03-12 20:09:22.698: D/MSF.C.NetConnTag(21854): use full head for uin:*7279
03-12 20:09:22.698: D/MSF.C.AccountCenter(21854): main handleLoadedAccounts setKey *7279
03-12 20:09:22.698: D/MSF.C.NetConnTag(21854): use full head for uin:*7279
03-12 20:09:22.698: D/MSF.C.AccountCenter(21854): main handleLoadedAccounts setKey *9431
03-12 20:09:22.699: D/MSF.C.NetConnTag(21854): use full head for uin:*9431
03-12 20:09:22.699: D/MSF.C.AccountCenter(21854): main handleLoadedAccounts setKey *9431
03-12 20:09:22.699: D/MSF.C.NetConnTag(21854): use full head for uin:*9431
03-12 20:09:22.700: D/MSF.C.MsfCore(21854): init msfAlarm cost=1
03-12 20:09:22.714: I/ActivityManager(1536): Process com.coloros.regservice (pid 20444) has died
03-12 20:09:22.715: D/ActivityManager(1536): cleanUpApplicationRecord -- 20444
03-12 20:09:22.718: I/OppoPhoneWindowManager(1536): KeyLockModeReceiver KeyLockMode: 0 ProcessName: com.coloros.regservice
03-12 20:09:22.742: D/plugin_tag(21868): init plugin manager
03-12 20:09:22.748: D/plugin_tag(21868): init plugin updater :0
03-12 20:09:22.751: D/WifiStateMachine(1536): Adjust rssi from -60 to -56
03-12 20:09:22.771: D/WifiStateMachine(1536): Adjust rssi from -60 to -56
03-12 20:09:22.779: D/MSF.C.MsfCore(21854): init sso&config cost=79
03-12 20:09:22.782: D/MsgLruCacheLog(21868): init, lru cache switch: false, init adjust switch: false
03-12 20:09:22.790: I/MSF.D.NetCenterNewImpl(21854): com.tencent.mobileqq:MSF create NetConnInfoCenterNewImpl instance
03-12 20:09:22.792: W/System.err(21868): org.json.JSONException: End of input at character 0 of
03-12 20:09:22.795: W/System.err(21868):    at org.json.JSONTokener.syntaxError(JSONTokener.java:449)
03-12 20:09:22.795: W/System.err(21868):    at org.json.JSONTokener.nextValue(JSONTokener.java:97)
03-12 20:09:22.795: W/System.err(21868):    at org.json.JSONArray.<init>(JSONArray.java:92)
03-12 20:09:22.795: W/System.err(21868):    at org.json.JSONArray.<init>(JSONArray.java:108)
03-12 20:09:22.795: W/System.err(21868):    at com.tencent.mobileqq.data.MessageForPtt.doParse(ProGuard:227)
03-12 20:09:22.795: W/System.err(21868):    at com.tencent.mobileqq.data.ChatMessage.parse(ProGuard:108)
03-12 20:09:22.795: W/System.err(21868):    at com.tencent.mobileqq.data.MessageForPtt.postRead(ProGuard:316)
03-12 20:09:22.795: W/System.err(21868):    at com.tencent.mobileqq.persistence.MessageRecordEntityManager.a(ProGuard:133)
03-12 20:09:22.795: W/System.err(21868):    at com.tencent.mobileqq.persistence.EntityManager.a(ProGuard:816)
03-12 20:09:22.795: W/System.err(21868):    at com.tencent.mobileqq.persistence.EntityManager.a(ProGuard:805)
03-12 20:09:22.795: W/System.err(21868):    at com.tencent.mobileqq.persistence.EntityManager.a(ProGuard:364)
03-12 20:09:22.795: W/System.err(21868):    at com.tencent.mobileqq.persistence.MessageRecordEntityManager.a(ProGuard:33)
03-12 20:09:22.795: W/System.err(21868):    at com.tencent.mobileqq.app.message.MsgProxy.b(ProGuard:1287)
03-12 20:09:22.795: W/System.err(21868):    at com.tencent.mobileqq.app.message.MsgProxy.d(ProGuard:300)
03-12 20:09:22.795: W/System.err(21868):    at com.tencent.mobileqq.app.message.MsgProxy.b(ProGuard:228)
03-12 20:09:22.795: W/System.err(21868):    at com.tencent.mobileqq.app.message.MsgProxy.a(ProGuard:185)
03-12 20:09:22.795: W/System.err(21868):    at com.tencent.mobileqq.app.message.ConversationFacade.a(ProGuard:778)
03-12 20:09:22.795: W/System.err(21868):    at com.tencent.mobileqq.app.message.ConversationFacade.a(ProGuard:194)
03-12 20:09:22.795: W/System.err(21868):    at addc.run(ProGuard:227)
03-12 20:09:22.795: W/System.err(21868):    at com.tencent.mobileqq.app.Job.run(Job.java:218)
03-12 20:09:22.795: W/System.err(21868):    at java.util.concurrent.ThreadPoolExecutor.runWorker(ThreadPoolExecutor.java:1113)
03-12 20:09:22.795: W/System.err(21868):    at java.util.concurrent.ThreadPoolExecutor$Worker.run(ThreadPoolExecutor.java:588)
03-12 20:09:22.795: W/System.err(21868):    at java.lang.Thread.run(Thread.java:818)
03-12 20:09:22.797: E/SQLiteLog(21868): (1) no such table: mr_friend_ADE1D98C5AB2997E867B1151A5C5028D_New
03-12 20:09:22.800: W/System.err(21868): org.json.JSONException: End of input at character 0 of
03-12 20:09:22.800: W/System.err(21868):    at org.json.JSONTokener.syntaxError(JSONTokener.java:449)
03-12 20:09:22.800: W/System.err(21868):    at org.json.JSONTokener.nextValue(JSONTokener.java:97)
03-12 20:09:22.800: W/System.err(21868):    at org.json.JSONArray.<init>(JSONArray.java:92)
03-12 20:09:22.800: W/System.err(21868):    at org.json.JSONArray.<init>(JSONArray.java:108)
03-12 20:09:22.800: W/System.err(21868):    at com.tencent.mobileqq.data.MessageForPtt.doParse(ProGuard:227)
03-12 20:09:22.800: W/System.err(21868):    at com.tencent.mobileqq.data.ChatMessage.parse(ProGuard:108)
03-12 20:09:22.800: W/System.err(21868):    at com.tencent.mobileqq.data.MessageForPtt.postRead(ProGuard:316)
03-12 20:09:22.800: W/System.err(21868):    at com.tencent.mobileqq.persistence.MessageRecordEntityManager.a(ProGuard:133)
03-12 20:09:22.801: W/System.err(21868):    at com.tencent.mobileqq.persistence.EntityManager.a(ProGuard:816)
03-12 20:09:22.801: W/System.err(21868):    at com.tencent.mobileqq.persistence.EntityManager.a(ProGuard:805)
03-12 20:09:22.801: W/System.err(21868):    at com.tencent.mobileqq.persistence.EntityManager.a(ProGuard:364)
03-12 20:09:22.801: W/System.err(21868):    at com.tencent.mobileqq.persistence.MessageRecordEntityManager.a(ProGuard:33)
03-12 20:09:22.801: W/System.err(21868):    at com.tencent.mobileqq.app.message.MsgProxy.b(ProGuard:1287)
03-12 20:09:22.801: W/System.err(21868):    at com.tencent.mobileqq.app.message.MsgProxy.d(ProGuard:300)
03-12 20:09:22.801: W/System.err(21868):    at com.tencent.mobileqq.app.message.MsgProxy.b(ProGuard:228)
03-12 20:09:22.801: W/System.err(21868):    at com.tencent.mobileqq.app.message.MsgProxy.a(ProGuard:185)
03-12 20:09:22.801: W/System.err(21868):    at com.tencent.mobileqq.app.message.ConversationFacade.a(ProGuard:822)
03-12 20:09:22.801: W/System.err(21868):    at com.tencent.mobileqq.app.message.ConversationFacade.a(ProGuard:803)
03-12 20:09:22.801: W/System.err(21868):    at com.tencent.mobileqq.app.message.ConversationFacade.a(ProGuard:194)
03-12 20:09:22.801: W/System.err(21868):    at addc.run(ProGuard:227)
03-12 20:09:22.801: W/System.err(21868):    at com.tencent.mobileqq.app.Job.run(Job.java:218)
03-12 20:09:22.801: W/System.err(21868):    at java.util.concurrent.ThreadPoolExecutor.runWorker(ThreadPoolExecutor.java:1113)
03-12 20:09:22.801: W/System.err(21868):    at java.util.concurrent.ThreadPoolExecutor$Worker.run(ThreadPoolExecutor.java:588)
03-12 20:09:22.801: W/System.err(21868):    at java.lang.Thread.run(Thread.java:818)
03-12 20:09:22.845: I/ActivityManager(1536): Process com.oppo.ota (pid 20725) has died
03-12 20:09:22.846: D/ActivityManager(1536): cleanUpApplicationRecord -- 20725
03-12 20:09:22.848: I/OppoPhoneWindowManager(1536): KeyLockModeReceiver KeyLockMode: 0 ProcessName: com.oppo.ota
03-12 20:09:22.866: D/MSF.C.MsfCore(21854): init network center cost=87
03-12 20:09:22.870: I/ActivityManager(1536): Process com.nearme.sync (pid 20774) has died
03-12 20:09:22.870: D/ActivityManager(1536): cleanUpApplicationRecord -- 20774
03-12 20:09:22.873: I/OppoPhoneWindowManager(1536): KeyLockModeReceiver KeyLockMode: 0 ProcessName: com.nearme.sync
03-12 20:09:22.877: D/MSF.C.NetConnTag(21854): noTry loadTestServerConfig by release
03-12 20:09:22.881: D/MSF.C.LogManager(21854): initLogLevel succ ,value =null
03-12 20:09:22.883: D/MSF.C.MsfCore(21854): init sender&light cost=17
03-12 20:09:22.898: E/PreDownloadScheduler(21868):  pre download bSampledLastTime = false
03-12 20:09:22.898: E/PreDownloadScheduler(21868):  pre download random = 0.39865071111045536
03-12 20:09:22.898: E/PreDownloadScheduler(21868):  pre download set mNeedReport = false
03-12 20:09:22.909: D/ReadInJoyHelper(21868): updateKDTabConfigCache k: local_kd_tab_switch, v: 1, account511077279
03-12 20:09:22.910: D/ReadInJoyHelper(21868): isShowKandianTabNew cache is null, read from sp, 511077279
03-12 20:09:22.910: D/ReadInJoyHelper(21868): updateKDTabConfigCache k: local_kd_tab_type, v: 1, account511077279
03-12 20:09:22.939: D/MSF.C.PushManager(21854): info.installVersion :999 strVersionCode:999 sendMsgPushRegister now
03-12 20:09:22.954: I/ConnQualityStat(21854): WeaknetNew ConfigParam: [1,true,3000,3000,2,2,20,2000,500,3000]
03-12 20:09:22.954: I/MSF.D.NetworkProvider(21854): refresh currentAPN:. received networkInfo: CONNECTED :NetworkInfo: type: WIFI[], state: CONNECTED/CONNECTED, reason: (unspecified), extra: "TP-LINK, roaming: false, failover: false, isAvailable: true, isConnectedToProvisioningNetwork: true. ExtraNetInfo: null
03-12 20:09:22.955: D/MSF.D.NetworkProvider(21854): netchange NONE to WiFi
03-12 20:09:22.955: D/MSF.C.NetConnTag(21854): resetUserSimpleHead not connect network
03-12 20:09:22.955: D/MSF.C.NetConnTag(21854): use full head for uin:*7279
03-12 20:09:22.957: D/WifiStateMachine(1536): Adjust rssi from -60 to -56
03-12 20:09:22.958: D/WifiStateMachine(1536): Adjust rssi from -60 to -56
03-12 20:09:22.961: D/MSF.C.NetConnTag(21854): pa ok: 56602
03-12 20:09:22.964: I/MSF.D.NetworkProvider(21854): refresh currentAPN:. received networkInfo: CONNECTED :NetworkInfo: type: WIFI[], state: CONNECTED/CONNECTED, reason: (unspecified), extra: "TP-LINK, roaming: false, failover: false, isAvailable: true, isConnectedToProvisioningNetwork: true. ExtraNetInfo: null
03-12 20:09:22.973: E/MD5(21854): loadso arm msfbootV2 resultCode=3387394
03-12 20:09:22.974: E/MD5(21854): loadso msfbootV2 true resultCode=3387394 cost=17
03-12 20:09:22.974: W/Settings(21854): Setting airplane_mode_on has moved from android.provider.Settings.System to android.provider.Settings.Global, returning read-only value.
03-12 20:09:22.975: I/MSF.D.NetworkProvider(21854): refresh currentAPN:. received networkInfo: CONNECTED :NetworkInfo: type: WIFI[], state: CONNECTED/CONNECTED, reason: (unspecified), extra: "TP-LINK, roaming: false, failover: false, isAvailable: true, isConnectedToProvisioningNetwork: true. ExtraNetInfo: null
03-12 20:09:22.975: D/WifiStateMachine(1536): Adjust rssi from -60 to -56
03-12 20:09:22.976: D/WifiStateMachine(1536): Adjust rssi from -60 to -56
03-12 20:09:22.977: D/WifiDetector(21854): WIFI detect onWifiConnected!
03-12 20:09:22.977: D/WifiDetector(21854): WIFI detect start failed, ssid is invalid!
03-12 20:09:22.980: D/MSF.C.NetConnTag(21854): try open Conn OSwzPz8sf3VlcmhndGtzdHtzaHprbnVgcnNoZHlodWp6c2pkYGh/YnA3IiE/YjYgcDc1OA noneProxy net:2 cross:0 protocalsocket
03-12 20:09:22.982: D/MSF.C.PushManager:PushCoder(21854): handlerPush send 19EE86F5E3F9DA4980B7A3CC0C50A41F register push id 7 pushStatus:11 bRegType:1 timeStamp:255 newIP:0 oldIP:0
03-12 20:09:22.984: D/MSF.C.MsfCore(21854): init push cost=101
03-12 20:09:22.987: D/MSF.C.ConfigManager(21854): StandbyMode whitelist not be found.
03-12 20:09:22.989: I/System.out(21854): [socket] connection /183.36.108.160:8080;LocalPort=0(8000)
03-12 20:09:22.994: D/MSF.C.MsfCore(21854): init standby&quickSender cost=10
03-12 20:09:22.995: D/MSF.C.MsfCore(21854): MsfCore init finished. cost=896
03-12 20:09:22.995: D/MsfInitCost(21854): MSF_Alive_Log MsfCoreInitCost: 899
03-12 20:09:22.997: D/MSF.S.AppProcessManager(21854): start loadAppProcessInfos proInfos size=10
03-12 20:09:22.997: D/MSF.S.AppProcessManager(21854): loadAppProcessInfo proInfo:com.tencent.mobileqq,com.tencent.mobileqq.broadcast.qq,true
03-12 20:09:22.997: I/MSF.S.AppProcessManager(21854): onRegisterApp process=com.tencent.mobileqq processBootName=com.tencent.mobileqq.broadcast.qq appid=0 callback=null
03-12 20:09:22.999: D/GuardManager(21854): onAppBind with null
03-12 20:09:23.019: D/MSF.C.TokenChecker(21854): checkToken for *9431 now: 1552392562994 lastCheckWebviewKeyTime: 1552379785000 needChangeToken: false isInstant:true
03-12 20:09:23.020: D/MSF.S.AppProcessManager(21854): loadAppProcessInfo proInfo:com.tencent.mobileqq:dataline,,false
03-12 20:09:23.020: I/MSF.S.AppProcessManager(21854): onRegisterApp process=com.tencent.mobileqq:dataline processBootName= appid=0 callback=null
03-12 20:09:23.028: D/MSF.C.NetConnTag(21854): open conn at ZXJoZ3Rrc3R7c2h6a251YHJzaGQ costTime:33 configTimeout: 8000 localSocket:e3piemtufXR7c2B6a2l0:0 noneProxy cross:0 1ad024d
03-12 20:09:23.028: I/MSF.D.NetworkProvider(21854): refresh currentAPN:. received networkInfo: CONNECTED :NetworkInfo: type: WIFI[], state: CONNECTED/CONNECTED, reason: (unspecified), extra: "TP-LINK, roaming: false, failover: false, isAvailable: true, isConnectedToProvisioningNetwork: true. ExtraNetInfo: null
03-12 20:09:23.029: I/MSF.D.NetworkProvider(21854): refresh currentAPN:. received networkInfo: CONNECTED :NetworkInfo: type: WIFI[], state: CONNECTED/CONNECTED, reason: (unspecified), extra: "TP-LINK, roaming: false, failover: false, isAvailable: true, isConnectedToProvisioningNetwork: true. ExtraNetInfo: null
03-12 20:09:23.036: D/MSF.S.AppProcessManager(21854): loadAppProcessInfo proInfo:com.tencent.mobileqq:nearby_video,,false
03-12 20:09:23.036: I/MSF.S.AppProcessManager(21854): onRegisterApp process=com.tencent.mobileqq:nearby_video processBootName= appid=0 callback=null
03-12 20:09:23.051: D/MSF.S.AppProcessManager(21854): loadAppProcessInfo proInfo:com.tencent.mobileqq:openSdk,,false
03-12 20:09:23.052: I/MSF.S.AppProcessManager(21854): onRegisterApp process=com.tencent.mobileqq:openSdk processBootName= appid=0 callback=null
03-12 20:09:23.068: D/MSF.S.AppProcessManager(21854): loadAppProcessInfo proInfo:com.tencent.mobileqq:peak,,false
03-12 20:09:23.068: I/MSF.S.AppProcessManager(21854): onRegisterApp process=com.tencent.mobileqq:peak processBootName= appid=0 callback=null
03-12 20:09:23.082: D/MSF.S.AppProcessManager(21854): loadAppProcessInfo proInfo:com.tencent.mobileqq:picture,,false
03-12 20:09:23.082: I/MSF.S.AppProcessManager(21854): onRegisterApp process=com.tencent.mobileqq:picture processBootName= appid=0 callback=null
03-12 20:09:23.095: D/MSF.S.AppProcessManager(21854): loadAppProcessInfo proInfo:com.tencent.mobileqq:qqfav,,false
03-12 20:09:23.095: I/MSF.S.AppProcessManager(21854): onRegisterApp process=com.tencent.mobileqq:qqfav processBootName= appid=0 callback=null
03-12 20:09:23.101: I/SocketReaderNew(21854): SocketReader(70627) initialized
03-12 20:09:23.101: I/SocketReaderNew(21854): SocketReader(70627) continue
03-12 20:09:23.102: D/StandbyModeManager(21854): stop try start standby by mobileOff ON when screenoff
03-12 20:09:23.108: D/MSF.S.AppProcessManager(21854): loadAppProcessInfo proInfo:com.tencent.mobileqq:qzone,,false
03-12 20:09:23.108: I/MSF.S.AppProcessManager(21854): onRegisterApp process=com.tencent.mobileqq:qzone processBootName= appid=0 callback=null
03-12 20:09:23.109: D/MSF.C.MsfCore(21854): init netflow monitor cost=83
03-12 20:09:23.117: D/MSF.C.TokenChecker(21854): checkToken for *7279 now: 1552392562994 lastCheckWebviewKeyTime: 1552376516000 needChangeToken: false isInstant:true
03-12 20:09:23.138: D/MSF.S.AppProcessManager(21854): loadAppProcessInfo proInfo:com.tencent.mobileqq:tool,,false
03-12 20:09:23.138: I/MSF.S.AppProcessManager(21854): onRegisterApp process=com.tencent.mobileqq:tool processBootName= appid=0 callback=null
03-12 20:09:23.139: D/MSF.D.AppNetInfoNewImpl(21868): registerNetEventHandler 8d2378b
03-12 20:09:23.140: D/plugin_tag(21868): init plugin manager end
03-12 20:09:23.149: D/ConnectivityService(1536): ConnectivityService NetworkRequestInfo binderDied(NetworkRequest [ id=7105, legacyType=-1, [ Capabilities: INTERNET&NOT_RESTRICTED&TRUSTED] ], android.os.BinderProxy@469b0b6)
03-12 20:09:23.149: I/libprocessgroup(1536): Killing pid 19810 in uid 10406 as part of process group 19090
03-12 20:09:23.149: I/libprocessgroup(1536): Killing pid 19812 in uid 10406 as part of process group 19090
03-12 20:09:23.149: D/ConnectivityService(1536): ConnectivityService NetworkRequestInfo binderDied(NetworkRequest [ id=7106, legacyType=-1, [ Capabilities: INTERNET&NOT_RESTRICTED&TRUSTED] ], android.os.BinderProxy@79be1b7)
03-12 20:09:23.151: D/ConnectivityService(1536): releasing NetworkRequest NetworkRequest [ id=7105, legacyType=-1, [ Capabilities: INTERNET&NOT_RESTRICTED&TRUSTED] ]
03-12 20:09:23.152: E/ConnectivityService(1536): RemoteException caught trying to send a callback msg for NetworkRequest [ id=7105, legacyType=-1, [ Capabilities: INTERNET&NOT_RESTRICTED&TRUSTED] ]
03-12 20:09:23.152: D/ConnectivityService(1536): releasing NetworkRequest NetworkRequest [ id=7106, legacyType=-1, [ Capabilities: INTERNET&NOT_RESTRICTED&TRUSTED] ]
03-12 20:09:23.153: E/ConnectivityService(1536): RemoteException caught trying to send a callback msg for NetworkRequest [ id=7106, legacyType=-1, [ Capabilities: INTERNET&NOT_RESTRICTED&TRUSTED] ]
03-12 20:09:23.154: I/libprocessgroup(1536): Killing pid 19812 in uid 10406 as part of process group 19090
03-12 20:09:23.160: I/libprocessgroup(1536): Killing pid 19812 in uid 10406 as part of process group 19090
03-12 20:09:23.160: E/libprocessgroup(1536): failed to kill 2 processes for processgroup 19090
03-12 20:09:23.160: I/ActivityManager(1536): Process com.tencent.android.qqdownloader (pid 19090) has died
03-12 20:09:23.160: D/ActivityManager(1536): cleanUpApplicationRecord -- 19090
03-12 20:09:23.162: W/ActivityManager(1536): Service crashed 0 times, stopping: ServiceRecord{5e043fa u0 com.tencent.android.qqdownloader/com.tencent.assistant.main.MainService}this is not core appcom.tencent.android.qqdownloader
03-12 20:09:23.168: D/MSF.S.AppProcessManager(21854): loadAppProcessInfo proInfo:com.tencent.mobileqq:video,com.tencent.av.ui.VChatActivity,false
03-12 20:09:23.168: I/MSF.S.AppProcessManager(21854): onRegisterApp process=com.tencent.mobileqq:video processBootName=com.tencent.av.ui.VChatActivity appid=0 callback=null
03-12 20:09:23.175: D/MSF.C.AccountCenter(21854): MsfCoreMsgSender handleLoadedAccounts setKey *7279
03-12 20:09:23.175: D/MSF.C.NetConnTag(21854): use full head for uin:*7279
03-12 20:09:23.180: I/ActivityManager(1536): Start proc 21985:com.tencent.android.qqdownloader/u0a406 for service com.tencent.android.qqdownloader/com.tencent.assistant.main.MainService
03-12 20:09:23.184: D/MsfInitCost(21854): MSF_Alive_Log ServiceInitCost: 1088
03-12 20:09:23.185: D/MSF.S.MsfService(21854): MSF_Alive_Log serivce onStart
03-12 20:09:23.185: D/MSF.C.AccountCenter(21854): MsfCoreMsgSender handleLoadedAccounts setKey *7279
03-12 20:09:23.187: D/MSF.C.NetConnTag(21854): use full head for uin:*7279
03-12 20:09:23.187: D/MSF.C.AccountCenter(21854): MsfCoreMsgSender handleLoadedAccounts setKey *9431
03-12 20:09:23.187: D/MSF.C.NetConnTag(21854): use full head for uin:*9431
03-12 20:09:23.187: D/MSF.C.AccountCenter(21854): MsfCoreMsgSender handleLoadedAccounts setKey *9431
03-12 20:09:23.187: D/MSF.C.NetConnTag(21854): use full head for uin:*9431
03-12 20:09:23.188: D/VasFont(21868): fontSwitch = 1
03-12 20:09:23.189: D/Tinker.DefaultAppLike(21568): onTrimMemory level:80
03-12 20:09:23.189: D/MSF.C.NetConnTag(21854): ssoping seq: 56605 timeout: 20000
03-12 20:09:23.189: I/OppoPhoneWindowManager(1536): KeyLockModeReceiver KeyLockMode: 0 ProcessName: com.tencent.android.qqdownloader
03-12 20:09:23.190: D/MSF.C.NetConnTag(21854): netSend ssoSeq:56605 uin:0 cmd:BxAW 56626 1ad024d
03-12 20:09:23.190: D/WeaknetNew(21854): onPingSent ssoSeq=56605 pingSend=1552392563190
03-12 20:09:23.193: D/MSF.C.PushManager:PushCoder(21854): also send pushRegister, return. true true true
03-12 20:09:23.198: I/MSF.D.NetworkProvider(21854): refresh currentAPN:. received networkInfo: CONNECTED :NetworkInfo: type: WIFI[], state: CONNECTED/CONNECTED, reason: (unspecified), extra: "TP-LINK, roaming: false, failover: false, isAvailable: true, isConnectedToProvisioningNetwork: true. ExtraNetInfo: null
03-12 20:09:23.201: D/MSF.C.NetConnTag(21854): p ok re1: 56602
03-12 20:09:23.201: D/MSF.C.NetConnTag(21854): netSend ssoSeq:56602 uin:*7279 cmd:GTcxIAkuJnQ4Jjc9KSwgKA 57408 1ad024d
03-12 20:09:23.201: D/MSF.C.NetConnTag(21854): send Packet addQueue, ssoSeq=56602, uin=*7279
03-12 20:09:23.203: D/GuardManager(21854): prestart 3, 1552392563203, 0, 720000, false, false, 0
03-12 20:09:23.206: D/MSFAliveManager(21854): startupType = 1, firstStartup = false, bootTime = 1552011270328, lastStartupTime = 1552392404585, isOffline = false, recordDay = 17967, currentDay = 17967, times=-1, sFromType = 2
03-12 20:09:23.207: D/MSF.S.MsfService(21854): MSF_Alive_Log serivce onStart
03-12 20:09:23.208: D/MSF.S.MsfService(21854): MSF_Alive_Log serivce onBind by :com.tencent.mobileqq
03-12 20:09:23.212: D/MSF.C.NetConnTag(21854): resetUserSimpleHead network type changed
03-12 20:09:23.213: D/WeaknetNew(21854): [MsfCoreSocketReaderNew] onPingRecved ssoSeq=56605 pingSend=1552392563190 pingRecv=1552392563212 cost=22
03-12 20:09:23.214: D/MSF.C.NetConnTag(21854): netRecv ssoSeq:56605 uin:0 cmd:BxAW 56626
03-12 20:09:23.214: D/WifiStateMachine(1536): Adjust rssi from -60 to -56
03-12 20:09:23.217: D/MSF.S.MsfService(21854): MSF_Alive_Log serivce onStart
03-12 20:09:23.219: D/MSF.C.NetConnTag(21854): pa ok: 56604
03-12 20:09:23.219: D/MSF.C.NetConnTag(21854): netSend ssoSeq:56604 uin:*7279 cmd:DTExLQ8xKwo4LH4XMj0mMQ 57258 1ad024d
03-12 20:09:23.220: D/NetConnInfoCenter(21854): receive broadcast Intent { act=com.tencent.mobileqq.msf.startmsf flg=0x800010 pkg=com.tencent.mobileqq cmp=com.tencent.mobileqq/.msf.core.NetConnInfoCenter }
03-12 20:09:23.221: I/AutoMonitor(21868): onActivityCreatemqq.app.QQBroadcastReceiver@d2ac167
03-12 20:09:23.223: D/WifiStateMachine(1536): Adjust rssi from -60 to -56
03-12 20:09:23.226: D/MSF.D.RemoteServiceProxy(21868): onServiceConnected service:ComponentInfo{com.tencent.mobileqq/com.tencent.mobileqq.msf.service.MsfService}
03-12 20:09:23.226: D/WifiStateMachine(1536): Adjust rssi from -60 to -56
03-12 20:09:23.228: D/WifiStateMachine(1536): Adjust rssi from -60 to -56
03-12 20:09:23.242: D/MSF.C.MsfCore(21854): init beacon Cost=132
03-12 20:09:23.243: D/MSF.C.MsfCore(21854): init BigT Cost=0
03-12 20:09:23.250: D/MSF.S.ReqHandler(21854): handleMsfRequest registerMsfService
03-12 20:09:23.250: I/MSF.S.AppProcessManager(21854): onRegisterApp process=com.tencent.mobileqq processBootName=com.tencent.mobileqq.broadcast.qq appid=537060804 callback=7cb7ebe
03-12 20:09:23.250: D/GuardManager(21854): onAppBind with com.tencent.qphone.base.remote.IMsfServiceCallbacker$Stub$Proxy@7cb7ebe
03-12 20:09:23.267: D/MSF.S.ReqHandler(21854): handleMsfRequest registerMsfService
03-12 20:09:23.267: I/MSF.S.AppProcessManager(21854): onRegisterApp process=com.tencent.mobileqq processBootName=com.tencent.mobileqq.broadcast.qq appid=537060804 callback=cd5e6c
03-12 20:09:23.267: D/GuardManager(21854): onAppBind with com.tencent.qphone.base.remote.IMsfServiceCallbacker$Stub$Proxy@cd5e6c
03-12 20:09:23.273: D/MSF.C.NetConnTag(21854): netRecv ssoSeq:56604 uin:*7279 cmd:DTExLQ8xKwo4LH4XMj0mMQ 56803 cross:0
03-12 20:09:23.273: D/Tinker.DefaultAppLike(21985): onBaseContextAttached:
03-12 20:09:23.286: D/GuardManager(21854): onEvent:6, 0, 0
03-12 20:09:23.293: I/MSF.S.AppProcessManager(21854): SendToApp PUSH process:com.tencent.mobileqq fromServiceMsg: FromServiceMsg msName:pushSetConfig ssoSeq:-1 serviceCmd:cmd_pushSetConfig appSeq:-1 failCode:1000 cost=29 needBoot=false
03-12 20:09:23.293: D/GuardManager(21854): onEvent:3, 0, 0
03-12 20:09:23.295: D/WifiDetector(21854): WIFI detect onWifiConnSucc!
03-12 20:09:23.298: W/WeaknetNew(21854): WARN: firstSendSsoseq=0 firstRecvSsoSeq=56604 out of order
03-12 20:09:23.299: D/WeaknetNew(21854): onRecvFirst ssoSeq=56604 TC=33 pingCost=22 TP=108 Trtt=85 Rttm=108 windows=(500,3000)
03-12 20:09:23.299: D/MSF.C.NetConnTag(21854): recv buf:0000006B10022C3C42042D8B85560353534F6613537663526571436865636B41707049444E65777D00003B0800010603726573180001061A4B5151436F6E6669672E4772617955696E436865636B526573701D0000100A1C2C3D000C4D000C5D000C6D000C0B8C980CA80C
03-12 20:09:23.300: I/MSF.S.AppProcessManager(21854): SendToApp PUSH process:com.tencent.mobileqq fromServiceMsg: FromServiceMsg msName:pushSetConfig ssoSeq:-1 serviceCmd:cmd_pushSetConfig appSeq:-1 failCode:1000 cost=7 needBoot=false
03-12 20:09:23.302: D/MSF.C.NetConnTag(21854): use simple head for uin:*7279
03-12 20:09:23.302: D/MSF.C.CodecWarpper(21854): recv Packet removeItem setV9, ssoSeq:56602, uin:*7279
03-12 20:09:23.302: D/MSF.C.NetConnTag(21854): netRecv ssoSeq:56602 uin:*7279 cmd:GTcxIAkuJnQ4Jjc9KSwgKA 56841 cross:0
03-12 20:09:23.304: I/MSF.S.AppProcessManager(21854): SendToApp process:com.tencent.mobileqq fromServiceMsg: FromServiceMsg msName:getAlterTickets ssoSeq:56611 serviceCmd: appSeq:2 failCode:1000 cost=4 needBoot=false
03-12 20:09:23.306: I/MSF.S.AppProcessManager(21854): SendToApp PUSH process:com.tencent.mobileqq fromServiceMsg: FromServiceMsg msName:onReceFirstResp ssoSeq:56614 serviceCmd:cmd_recvFirstResp appSeq:56613 failCode:1000 cost=2 needBoot=true
03-12 20:09:23.309: I/MTAReportManager(21854): initMtaConfig channel=00000 uin=*7279
03-12 20:09:23.309: D/MSF.C.MsfCore(21854): init mtaSupport=true mtaCost=66
03-12 20:09:23.316: I/MSF.S.AppProcessManager(21854): SendToApp PUSH process:com.tencent.mobileqq fromServiceMsg: FromServiceMsg msName:pushSetConfig ssoSeq:-1 serviceCmd:cmd_pushSetConfig appSeq:-1 failCode:1000 cost=5 needBoot=false
03-12 20:09:23.317: D/MSF.C.PushManager:PushCoder(21854): handlerPush register push succ 19EE86F5E3F9DA4980B7A3CC0C50A41F bUpdateFlag:0 timeStamp:255 cReplyCode:0
03-12 20:09:23.321: D/WifiStateMachine(1536): Adjust rssi from -60 to -56
03-12 20:09:23.325: I/MSF.S.AppProcessManager(21854): SendToApp PUSH process:com.tencent.mobileqq fromServiceMsg: FromServiceMsg msName:registerPush ssoSeq:56602 serviceCmd:StatSvc.register appSeq:-1 failCode:1000 cost=1 needBoot=false
03-12 20:09:23.326: D/WifiStateMachine(1536): Adjust rssi from -60 to -56
03-12 20:09:23.335: D/WifiStateMachine(1536): Adjust rssi from -60 to -56
03-12 20:09:23.342: D/WifiStateMachine(1536): Adjust rssi from -60 to -56
03-12 20:09:23.343: W/Tinker.Tinker(21985): tinker patch directory: /data/user/0/com.tencent.android.qqdownloader/tinker
03-12 20:09:23.344: D/WifiStateMachine(1536): Adjust rssi from -60 to -56
03-12 20:09:23.346: I/Tinker.Tinker(21985): try to install tinker, isEnable: true, version: 1.9.1
03-12 20:09:23.346: D/WifiStateMachine(1536): Adjust rssi from -60 to -56
03-12 20:09:23.347: I/Tinker.TinkerLoadResult(21985): parseTinkerResult loadCode:-1, process name:com.tencent.android.qqdownloader, main process:true, systemOTA:false, fingerPrint:OPPO/R9s/R9s:6.0.1/MMB29M/1528528402:user/release-keys, oatDir:null, useInterpretMode:false
03-12 20:09:23.347: W/Tinker.TinkerLoadResult(21985): tinker is disable, just return
03-12 20:09:23.347: I/Tinker.DefaultLoadReporter(21985): patch loadReporter onLoadResult: patch load result, path:/data/user/0/com.tencent.android.qqdownloader/tinker, code:-1, cost:0
03-12 20:09:23.347: W/Tinker.Tinker(21985): tinker load fail!
03-12 20:09:23.354: D/MSF.C.MsfCore(21854): init wifiScan cost=45
03-12 20:09:23.380: V/SensorManager(21854): RegisterListener LSM6DS3 Step Counter type:19 delay:200000us by com.tencent.mobileqq.msf.core.ad
03-12 20:09:23.383: V/SensorManager(21854): step counter dispatchSensorEvent step 28391.0 to + com.tencent.mobileqq.msf.core.ad@1024
03-12 20:09:23.383: D/MSF.C.MsfCore(21854): MsfCore init health step cost=29
03-12 20:09:23.397: I/MSF.C.MsfCore(21854): init quic_enable=1 version=0 libpath=null
03-12 20:09:23.398: I/Tinker.ComponentHotplug(21985): method install() is not invoked, ignore ensuring operations.
03-12 20:09:23.398: D/Tinker.DefaultAppLike(21985): onCreate
03-12 20:09:23.408: I/health_manager(21854): today 1552320000000 load form file:{"1552320000000_offset":0,"1552320000000_init":24057,"1552320000000_total":28391,"isStepCounterEnable":true,"last_report_time":1552391702697,"1552406400000_init":28391}
03-12 20:09:23.408: I/health_manager(21854): load file finish,total:28391,tmp:28391
03-12 20:09:23.414: W/DownloadManager(21985): DownloadManager setAppContext...main
03-12 20:09:23.433: D/TicketManager(21868): set alter tickets for *7279
03-12 20:09:23.437: D/Tinker.DefaultAppLike(21985): onTrimMemory level:10
03-12 20:09:23.481: E/beacon(21985): please set the channelID after call initUserAction!
03-12 20:09:23.524: D/WifiStateMachine(1536): Adjust rssi from -60 to -56
03-12 20:09:23.566: D/WifiStateMachine(1536): Adjust rssi from -60 to -56
03-12 20:09:23.569: I/ActivityManager(1536): Process com.nearme.gamecenter:dcs (pid 21663) has died
03-12 20:09:23.569: D/ActivityManager(1536): cleanUpApplicationRecord -- 21663
03-12 20:09:23.570: D/WifiStateMachine(1536): Adjust rssi from -60 to -56
03-12 20:09:23.572: I/OppoPhoneWindowManager(1536): KeyLockModeReceiver KeyLockMode: 0 ProcessName: com.nearme.gamecenter:dcs
03-12 20:09:23.623: E/linker(21985): /data/app/com.tencent.android.qqdownloader-1/lib/arm/libNativeRQD.so: has text relocations
03-12 20:09:23.626: D/QQAppInterface(21868): initFaceSettingCache,1591,1572,19
03-12 20:09:23.628: I/UniformDownloadMgr<FileAssistant>(21868): [UniformDL] UniformDownloadMgr onActiveAccount...
03-12 20:09:23.629: I/UniformDownloadMgr<FileAssistant>(21868): [UniformDL] >>>resumeRuningDownloadPreMobileQQReboot. start resume
03-12 20:09:23.639: I/UniformDownloadMgr<FileAssistant>(21868): [UniformDL] getDownloadingRbResmeInfo, size:[0]
03-12 20:09:23.639: I/UniformDownloadMgr<FileAssistant>(21868): [UniformDL] clearDownloadingRbResmeInfo...
03-12 20:09:23.653: E/linker(21985): /data/app/com.tencent.android.qqdownloader-1/lib/arm/libNativeRQD.so: has text relocations
03-12 20:09:23.728: I/ActivityManager(1536): Start proc 22059:com.coloros.regservice/u0a88 for service com.coloros.regservice/cn.richinfo.dm.service.DMService
03-12 20:09:23.732: W/linker(21868): /data/data/com.tencent.mobileqq/txlib/libark-armeabi-v7a-74925.so: unused DT entry: type 0x1d arg 0x4466
03-12 20:09:23.757: W/beacon(21985): startQuery: query times or query success times arrive max, return!
03-12 20:09:23.769: W/Process(1536): Unable to open /proc/20746/status
03-12 20:09:23.769: E/linker(21985): /data/app/com.tencent.android.qqdownloader-1/lib/arm/libNativeRQD.so: has text relocations
03-12 20:09:23.770: I/ActivityManager(1536): Process com.nearme.romupdate (pid 20746) has died
03-12 20:09:23.770: D/ActivityManager(1536): cleanUpApplicationRecord -- 20746
03-12 20:09:23.773: I/OppoPhoneWindowManager(1536): KeyLockModeReceiver KeyLockMode: 0 ProcessName: com.nearme.romupdate
03-12 20:09:23.786: E/ArkApp(21868): JNI_OnLoad begin !!
03-12 20:09:23.788: I/ArkApp.JNI(21868): ArkClassLoader::Init
03-12 20:09:23.788: I/ArkApp.JNI(21868): ArkClassLoader::FindClass, ClassName=com/tencent/ark/ark
03-12 20:09:23.789: I/ArkApp.JNI(21868): ArkClassLoader::FindClass, ClassName=com/tencent/ark/ark$VariantWrapper
03-12 20:09:23.789: I/ArkApp.JNI(21868): ArkClassLoader::FindClass, ClassName=com/tencent/ark/ark$Container
03-12 20:09:23.790: I/ArkApp.JNI(21868): ArkClassLoader::FindClass, ClassName=com/tencent/ark/ark$Application
03-12 20:09:23.791: I/ArkApp.JNI(21868): ArkClassLoader::FindClass, ClassName=com/tencent/ark/ark$ModuleRegister
03-12 20:09:23.791: I/ArkApp.JNI(21868): ArkClassLoader::FindClass, ClassName=com/tencent/ark/ArkDebugger
03-12 20:09:23.791: I/ArkApp.JNI(21868): ArkClassLoader::FindClass, ClassName=com/tencent/ark/EGLContextHolder
03-12 20:09:23.791: I/ArkApp.JNI(21868): ArkClassLoader::FindClass, ClassName=com/tencent/ark/ArkDispatchQueue
03-12 20:09:23.791: I/ArkApp.JNI(21868): ArkClassLoader::FindClass, ClassName=com/tencent/ark/ArkEnvironmentManager
03-12 20:09:23.791: I/ArkApp.JNI(21868): ArkClassLoader::FindClass, ClassName=com/tencent/ark/ark$NativeObject
03-12 20:09:23.791: W/System(22059): ClassLoader referenced unknown path: /system/app/RegService/lib/arm64
03-12 20:09:23.792: E/ArkApp(21868): JNI_OnLoad return success !!
03-12 20:09:23.793: D/ArkApp(21868): load libark.so for ARMv7!, loaded=true, time=120
03-12 20:09:23.795: W/beacon(21985): onUserAction return false, because eventName:[new_PluginLoaderSecureVerify] is not allowed in server strategy!
03-12 20:09:23.799: D/RegService_Utils(22059): isBootWizardCompleted:true
03-12 20:09:23.819: I/ArkApp.EGLContextHolder(21868): phone.info.start
03-12 20:09:23.819: I/ArkApp.EGLContextHolder(21868): Build.BOARD.msm8953
03-12 20:09:23.819: I/ArkApp.EGLContextHolder(21868): Build.BRAND.OPPO
03-12 20:09:23.820: I/ArkApp.EGLContextHolder(21868): Build.DEVICE.R9s
03-12 20:09:23.820: I/ArkApp.EGLContextHolder(21868): Build.FINGERPRINT.OPPO/R9s/R9s:6.0.1/MMB29M/1528528402:user/release-keys
03-12 20:09:23.820: I/ArkApp.EGLContextHolder(21868): Build.MANUFACTURER.OPPO
03-12 20:09:23.820: I/ArkApp.EGLContextHolder(21868): Build.MODEL.OPPO R9s
03-12 20:09:23.820: I/ArkApp.EGLContextHolder(21868): Build.PRODUCT.R9s
03-12 20:09:23.820: I/ArkApp.EGLContextHolder(21868): phone.info.end
03-12 20:09:23.820: I/ArkApp.Environment(21868): setThreadMode, single thread mode
03-12 20:09:23.821: I/ArkApp(21868): setupArkEnvironment,AppSetting.isPublicVersion = true
03-12 20:09:23.821: I/ArkApp(21868): setupArkEnvironment, https=true, multithreads=false
03-12 20:09:23.824: I/Adreno(21868): QUALCOMM build                   : 0a679f1, Icb4b19cf1b
03-12 20:09:23.824: I/Adreno(21868): Build Date                       : 03/06/17
03-12 20:09:23.824: I/Adreno(21868): OpenGL ES Shader Compiler Version: XE031.08.00.00
03-12 20:09:23.824: I/Adreno(21868): Local Branch                     :
03-12 20:09:23.824: I/Adreno(21868): Remote Branch                    : refs/tags/AU_LINUX_ANDROID_LA.UM.5.3.C4.06.00.01.272.032
03-12 20:09:23.824: I/Adreno(21868): Remote Branch                    : NONE
03-12 20:09:23.824: I/Adreno(21868): Reconstruct Branch               : NOTHING
03-12 20:09:23.842: I/LogToFile(22059): logPath: /storage/emulated/0/DMLog
03-12 20:09:23.849: I/ArkApp.EGLContextHolder(21868): create share context, this=7a58a86, context=2f1b0fce, share=20f
03-12 20:09:23.851: I/ArkApp.EGLContextHolder(21868): egl.context.create.2f1b0fce
03-12 20:09:23.852: I/ArkApp.EGLContextHolder(21868): isDeviceSupported.use.virtual.context.render.Adreno (TM) 506.version.OpenGL ES 3.1 V@145.0 (GIT@Icb4b19cf1b)
03-12 20:09:23.852: I/ArkApp.EGLContextHolder(21868): egl.context.destroy.this.7a58a86.context.2f1b0fce.surfaceTexture.null.virtual.true.offscreen.true
03-12 20:09:23.879: I/ArkApp.Environment(21868): isHardwareAcceleration, true, time=71
03-12 20:09:23.881: I/ArkApp.ContextManager(21868): ArkEGLGlobalContextManager.createContext.global
03-12 20:09:23.881: I/Adreno(21868): QUALCOMM build                   : 0a679f1, Icb4b19cf1b
03-12 20:09:23.881: I/Adreno(21868): Build Date                       : 03/06/17
03-12 20:09:23.881: I/Adreno(21868): OpenGL ES Shader Compiler Version: XE031.08.00.00
03-12 20:09:23.881: I/Adreno(21868): Local Branch                     :
03-12 20:09:23.881: I/Adreno(21868): Remote Branch                    : refs/tags/AU_LINUX_ANDROID_LA.UM.5.3.C4.06.00.01.272.032
03-12 20:09:23.881: I/Adreno(21868): Remote Branch                    : NONE
03-12 20:09:23.881: I/Adreno(21868): Reconstruct Branch               : NOTHING
03-12 20:09:23.886: I/ActivityManager(1536): Process com.google.android.gms (pid 19912) has died
03-12 20:09:23.886: D/ActivityManager(1536): cleanUpApplicationRecord -- 19912
03-12 20:09:23.888: W/ActivityManager(1536): Service crashed 0 times, stopping: ServiceRecord{15fdd2d u0 com.google.android.gms/.measurement.service.MeasurementBrokerService}this is not core appcom.google.android.gms
03-12 20:09:23.894: I/OppoPhoneWindowManager(1536): KeyLockModeReceiver KeyLockMode: 0 ProcessName: com.google.android.gms
03-12 20:09:23.931: I/ArkApp.EGLContextHolder(21868): create share context, this=b54ff47, context=2f1b0fce, share=20f
03-12 20:09:23.932: I/ArkApp.EGLContextHolder(21868): egl.context.create.2f1b0fce
03-12 20:09:23.932: I/ArkApp.JNI(21868): ArkClassLoader::FindClass, ClassName=com/tencent/ark/ArkEnvironmentManager
03-12 20:09:23.932: I/ArkApp.JNI(21868): ArkClassLoader::FindClass, ClassName=com/tencent/ark/ArkEnvironmentManager
03-12 20:09:23.932: I/ArkApp.JNI(21868): initMethodState is done!
03-12 20:09:23.934: I/ArkApp.Engine(21868): Engine:615 ApplicationSurface.create.succ.surface.0xcfb9f5e0.eglsurface.0xd0869a80 QueueKey:  TheadID: 22075
03-12 20:09:23.934: I/ArkApp.Engine(21868): Engine:550 ApplicationSurface.create.no.dispatch.queue.surface.0xcfb9f5e0 QueueKey:  TheadID: 22075
03-12 20:09:24.052: I/ArkApp.EGLContextHolder(21868): context.detachCurrent
03-12 20:09:24.053: I/ArkApp.ContextManager(21868): create global offscreen context
03-12 20:09:24.053: I/ArkApp.ArkViewModel(21868): precreateOfflineContext, used-time=245
03-12 20:09:24.263: D/MsfSdkUtils(21868): getServerConfig processName:com.tencent.mobileqq,configType:0,uin:0
03-12 20:09:24.264: D/MsfSdkUtils(21868): writeServerConfig processName:com.tencent.mobileqq,configType:0,uin:0
03-12 20:09:24.264: I/MSF.S.AppProcessManager(21854): SendToApp process:com.tencent.mobileqq fromServiceMsg: FromServiceMsg msName:getServerConfig ssoSeq:56615 serviceCmd:cmd_getServerConfig appSeq:29109 failCode:1000 cost=1 needBoot=false
03-12 20:09:24.289: D/MSF.C.NetConnTag(21854): add 56616 cmd:BSo0NgkuJnR6O2c1aAd1 uin: *7279 len: 15 msg to GRAfehY3IjMkDjUmPT0 delayWaitSendList
03-12 20:09:24.290: E/SQLiteLog(21868): (1) no such table: mr_friend_300ECF93B7224CF439B6DE6EE1D6C200_New
03-12 20:09:24.300: D/MSF.S.ReqHandler(21854): handleMsfRequest proxyRegisterPush
03-12 20:09:24.302: I/MSF.S.AppProcessManager(21854): onRegisterApp process=com.tencent.mobileqq:video processBootName=com.tencent.av.ui.VChatActivity appid=537060804 callback=null
03-12 20:09:24.315: D/MSF.C.PushManager(21854): recv proxyRegister sendProcess=com.tencent.mobileqq registerProcesscom.tencent.mobileqq:video callbacker= appid=537060804 ProxyRegisterInfo=
03-12 20:09:24.317: I/MSF.S.AppProcessManager(21854): SendToApp process:com.tencent.mobileqq fromServiceMsg: FromServiceMsg msName:proxyRegisterPush ssoSeq:56617 serviceCmd:push.proxyRegister appSeq:4 failCode:1000 cost=1 needBoot=false
03-12 20:09:24.330: D/MSF.S.ReqHandler(21854): handleMsfRequest proxyRegisterPush
03-12 20:09:24.330: I/MSF.S.AppProcessManager(21854): onRegisterApp process=com.tencent.mobileqq:nearby_video processBootName= appid=537060804 callback=null
03-12 20:09:24.334: I/ActivityManager(1536): Process com.oppo.usercenter (pid 21643) has died
03-12 20:09:24.334: D/ActivityManager(1536): cleanUpApplicationRecord -- 21643
03-12 20:09:24.343: D/MSF.C.PushManager(21854): recv proxyRegister sendProcess=com.tencent.mobileqq registerProcesscom.tencent.mobileqq:nearby_video callbacker= appid=537060804 ProxyRegisterInfo=
03-12 20:09:24.344: D/Tinker.DefaultAppLike(13342): onTrimMemory level:15
03-12 20:09:24.344: D/Tinker.DefaultAppLike(21985): onTrimMemory level:15
03-12 20:09:24.345: I/OppoPhoneWindowManager(1536): KeyLockModeReceiver KeyLockMode: 0 ProcessName: com.oppo.usercenter
03-12 20:09:24.346: I/Finsky(14065): [1] mgz.onTrimMemory(3): Memory trim requested to level 15
03-12 20:09:24.350: I/MSF.S.AppProcessManager(21854): SendToApp process:com.tencent.mobileqq fromServiceMsg: FromServiceMsg msName:proxyRegisterPush ssoSeq:56618 serviceCmd:push.proxyRegister appSeq:6 failCode:1000 cost=2 needBoot=false
03-12 20:09:24.393: I/ActivityManager(1536): Process com.android.providers.downloads (pid 21737) has died
03-12 20:09:24.393: D/ActivityManager(1536): cleanUpApplicationRecord -- 21737
03-12 20:09:24.395: I/OppoPhoneWindowManager(1536): KeyLockModeReceiver KeyLockMode: 0 ProcessName: com.android.providers.downloads
03-12 20:09:24.406: I/MSF.S.AppProcessManager(21854): SendToApp process:com.tencent.mobileqq fromServiceMsg: FromServiceMsg msName:registerCmdCallback ssoSeq:56619 serviceCmd:push.cmdRegister appSeq:7 failCode:1000 cost=1 needBoot=false
03-12 20:09:24.424: D/msfCore(21854): stopPCActivePolling by regPush
03-12 20:09:24.438: D/PCActiveEchoManager(21854): stopEcho succ
03-12 20:09:24.441: D/mqq(21868): 511077279, online
03-12 20:09:24.441: I/MSF.S.AppProcessManager(21854): SendToApp process:com.tencent.mobileqq fromServiceMsg: FromServiceMsg msName:registerPush ssoSeq:56620 serviceCmd:push.register appSeq:8 failCode:1000 cost=3 needBoot=false
03-12 20:09:24.520: D/WifiStateMachine(1536): Adjust rssi from -60 to -56
03-12 20:09:24.523: D/WifiStateMachine(1536): Adjust rssi from -60 to -56
03-12 20:09:24.587: W/com.eg.android.AlipayGphone(11372): type=1400 audit(0.0:10150): avc: denied { read } for uid=10590 comm=4173796E635461736B202336 name="mem" dev="debugfs" ino=18271441 scontext=u:r:securepay_app:s0 tcontext=u:object_r:debugfs:s0 tclass=file permissive=0
03-12 20:09:24.624: D/libc-netbsd(755): [getaddrinfo]:  hostname=aeventlog.beacon.qq.com; servname=(null);   app_uid=0; ai_addrlen=0; ai_canonname=(null); ai_flags=1024; ai_family=0 from prox result 11
03-12 20:09:24.625: D/libc-netbsd(755): res_queryN name = aeventlog.beacon.qq.com succeed
03-12 20:09:24.627: D/libc-netbsd(21854): [getaddrinfo]:  hostname=aeventlog.beacon.qq.com; servname=(null);   app_uid=10099; ai_addrlen=0; ai_canonname=(null); ai_flags=1024; ai_family=0 from prox result 0
03-12 20:09:24.713: I/ActivityManager(1536): Process com.tencent.mm (pid 21155) has died
03-12 20:09:24.713: D/ActivityManager(1536): cleanUpApplicationRecord -- 21155
03-12 20:09:24.721: I/OppoPhoneWindowManager(1536): KeyLockModeReceiver KeyLockMode: 0 ProcessName: com.tencent.mm
03-12 20:09:24.793: D/MSF.C.NetConnTag(21854): pa ok: 56616
03-12 20:09:24.793: D/MSF.C.NetConnTag(21854): netSend ssoSeq:56616 uin:*7279 cmd:BSo0NgkuJnR6O2c1aAd1 56707 1ad024d
03-12 20:09:24.822: D/MSF.C.NetConnTag(21854): netRecv ssoSeq:56616 uin:*7279 cmd:BSo0NgkuJnR6O2c1aAd1 56711 cross:0
03-12 20:09:24.824: I/MSF.S.AppProcessManager(21854): SendToApp process:com.tencent.mobileqq fromServiceMsg: FromServiceMsg msName:unknown ssoSeq:56616 serviceCmd:OidbSvc.0x7a2_0 appSeq:5 failCode:1000 cost=2 needBoot=false
03-12 20:09:24.900: D/MSF.D.QLog(21868): QLog init
03-12 20:09:24.930: D/RdmInit(21868): doStep process=com.tencent.mobileqq, sRdmState=1
03-12 20:09:25.007: W/FloatingWindow-(14092): type=1400 audit(0.0:10151): avc: denied { search } for uid=10406 name="1216" dev="proc" ino=18702404 scontext=u:r:untrusted_app:s0:c512,c768 tcontext=u:r:kernel:s0 tclass=dir permissive=0
03-12 20:09:25.034: E/SQLiteLog(21868): (1) no such table: mr_friend_300ECF93B7224CF439B6DE6EE1D6C200_New
03-12 20:09:25.070: E/mqq(21854): waitInit when empty:
03-12 20:09:25.070: E/mqq(21854): java.lang.RuntimeException:
03-12 20:09:25.070: E/mqq(21854):   at mqq.app.MobileQQ.waitAppRuntime(MobileQQ.java:771)
03-12 20:09:25.070: E/mqq(21854):   at com.tencent.common.app.BaseApplicationImpl.getRuntime(ProGuard:198)
03-12 20:09:25.070: E/mqq(21854):   at com.tencent.mobileqq.app.DeviceProfileManager.a(ProGuard:284)
03-12 20:09:25.070: E/mqq(21854):   at com.tencent.mobileqq.statistics.battery.BatteryStatsImpl.a(ProGuard:223)
03-12 20:09:25.070: E/mqq(21854):   at com.tencent.mobileqq.statistics.battery.BatteryStatsImpl.a(ProGuard:154)
03-12 20:09:25.070: E/mqq(21854):   at amib.run(ProGuard:79)
03-12 20:09:25.070: E/mqq(21854):   at mqq.os.MqqHandler.handleCallback(MqqHandler.java:337)
03-12 20:09:25.070: E/mqq(21854):   at mqq.os.MqqHandler.dispatchMessage(MqqHandler.java:97)
03-12 20:09:25.070: E/mqq(21854):   at mqq.os.MqqHandler$NativeHandler.dispatchMessage(MqqHandler.java:350)
03-12 20:09:25.070: E/mqq(21854):   at android.os.Looper.loop(Looper.java:179)
03-12 20:09:25.070: E/mqq(21854):   at android.os.HandlerThread.run(HandlerThread.java:61)
03-12 20:09:25.071: D/mqq(21854): doInit begin withcom.tencent.mobileqq:MSF
03-12 20:09:25.072: D/mqq(21854): doInit finished
03-12 20:09:25.097: E/SQLiteLog(21868): (1) no such table: mr_friend_B8C4C8B2271787E2F78B5FE2CE193CAA_New
03-12 20:09:25.167: E/SQLiteLog(21868): (1) no such table: mr_friend_A5329A91EF79DB75900BD9CAB3D96E43_New
03-12 20:09:25.197: D/MSF.C.NetConnTag(21854): pa ok: 56621
03-12 20:09:25.198: D/MSF.C.NetConnTag(21854): netSend ssoSeq:56621 uin:0 cmd:AiYxJi46IDs+bRE4My4g 56778 1ad024d
03-12 20:09:25.227: D/MSF.C.NetConnTag(21854): netRecv ssoSeq:56621 uin:0 cmd:AiYxJi46IDs+bRE4My4g 56687 cross:0
03-12 20:09:25.362: W/System.err(21868): org.json.JSONException: End of input at character 0 of
03-12 20:09:25.363: W/System.err(21868):    at org.json.JSONTokener.syntaxError(JSONTokener.java:449)
03-12 20:09:25.363: W/System.err(21868):    at org.json.JSONTokener.nextValue(JSONTokener.java:97)
03-12 20:09:25.363: W/System.err(21868):    at org.json.JSONArray.<init>(JSONArray.java:92)
03-12 20:09:25.363: W/System.err(21868):    at org.json.JSONArray.<init>(JSONArray.java:108)
03-12 20:09:25.363: W/System.err(21868):    at com.tencent.mobileqq.data.MessageForPtt.doParse(ProGuard:227)
03-12 20:09:25.363: W/System.err(21868):    at com.tencent.mobileqq.data.ChatMessage.parse(ProGuard:108)
03-12 20:09:25.363: W/System.err(21868):    at com.tencent.mobileqq.data.MessageForPtt.postRead(ProGuard:316)
03-12 20:09:25.363: W/System.err(21868):    at com.tencent.mobileqq.persistence.MessageRecordEntityManager.a(ProGuard:133)
03-12 20:09:25.363: W/System.err(21868):    at com.tencent.mobileqq.persistence.EntityManager.a(ProGuard:689)
03-12 20:09:25.363: W/System.err(21868):    at com.tencent.mobileqq.persistence.EntityManager.a(ProGuard:680)
03-12 20:09:25.363: W/System.err(21868):    at com.tencent.mobileqq.persistence.EntityManager.a(ProGuard:725)
03-12 20:09:25.363: W/System.err(21868):    at com.tencent.mobileqq.persistence.OGEntityManager.a(ProGuard:112)
03-12 20:09:25.363: W/System.err(21868):    at com.tencent.mobileqq.persistence.MessageRecordEntityManager.a(ProGuard:137)
03-12 20:09:25.363: W/System.err(21868):    at com.tencent.mobileqq.persistence.EntityManager.a(ProGuard:816)
03-12 20:09:25.363: W/System.err(21868):    at com.tencent.mobileqq.persistence.EntityManager.a(ProGuard:805)
03-12 20:09:25.363: W/System.err(21868):    at com.tencent.mobileqq.persistence.EntityManager.a(ProGuard:364)
03-12 20:09:25.363: W/System.err(21868):    at com.tencent.mobileqq.app.message.MsgProxy.a(ProGuard:1444)
03-12 20:09:25.363: W/System.err(21868):    at com.tencent.mobileqq.app.message.MsgProxy.a(ProGuard:1424)
03-12 20:09:25.363: W/System.err(21868):    at com.tencent.mobileqq.app.message.BaseMessageManager.a(ProGuard:291)
03-12 20:09:25.363: W/System.err(21868):    at com.tencent.mobileqq.app.message.BaseMessageManager.a(ProGuard:406)
03-12 20:09:25.363: W/System.err(21868):    at com.tencent.mobileqq.app.message.QQMessageFacade.a(ProGuard:694)
03-12 20:09:25.363: W/System.err(21868):    at com.tencent.mobileqq.app.message.QQMessageFacade.a(ProGuard:682)
03-12 20:09:25.363: W/System.err(21868):    at com.tencent.mobileqq.app.message.QQMessageFacade.a(ProGuard:604)
03-12 20:09:25.363: W/System.err(21868):    at com.tencent.mobileqq.app.message.QQMessageFacade.d(ProGuard:426)
03-12 20:09:25.364: W/System.err(21868):    at addc.run(ProGuard:228)
03-12 20:09:25.364: W/System.err(21868):    at com.tencent.mobileqq.app.Job.run(Job.java:218)
03-12 20:09:25.364: W/System.err(21868):    at java.util.concurrent.ThreadPoolExecutor.runWorker(ThreadPoolExecutor.java:1113)
03-12 20:09:25.364: W/System.err(21868):    at java.util.concurrent.ThreadPoolExecutor$Worker.run(ThreadPoolExecutor.java:588)
03-12 20:09:25.364: W/System.err(21868):    at java.lang.Thread.run(Thread.java:818)
03-12 20:09:25.370: W/System.err(21868): org.json.JSONException: End of input at character 0 of
03-12 20:09:25.370: W/System.err(21868):    at org.json.JSONTokener.syntaxError(JSONTokener.java:449)
