03-12 20:09:25.370: W/System.err(21868):    at org.json.JSONTokener.nextValue(JSONTokener.java:97)
03-12 20:09:25.370: W/System.err(21868):    at org.json.JSONArray.<init>(JSONArray.java:92)
03-12 20:09:25.370: W/System.err(21868):    at org.json.JSONArray.<init>(JSONArray.java:108)
03-12 20:09:25.370: W/System.err(21868):    at com.tencent.mobileqq.data.MessageForPtt.doParse(ProGuard:227)
03-12 20:09:25.370: W/System.err(21868):    at com.tencent.mobileqq.data.ChatMessage.parse(ProGuard:108)
03-12 20:09:25.370: W/System.err(21868):    at com.tencent.mobileqq.data.MessageForPtt.postRead(ProGuard:316)
03-12 20:09:25.370: W/System.err(21868):    at com.tencent.mobileqq.persistence.MessageRecordEntityManager.a(ProGuard:133)
03-12 20:09:25.370: W/System.err(21868):    at com.tencent.mobileqq.persistence.EntityManager.a(ProGuard:689)
03-12 20:09:25.370: W/System.err(21868):    at com.tencent.mobileqq.persistence.EntityManager.a(ProGuard:680)
03-12 20:09:25.370: W/System.err(21868):    at com.tencent.mobileqq.persistence.EntityManager.a(ProGuard:725)
03-12 20:09:25.370: W/System.err(21868):    at com.tencent.mobileqq.persistence.OGEntityManager.a(ProGuard:112)
03-12 20:09:25.370: W/System.err(21868):    at com.tencent.mobileqq.persistence.MessageRecordEntityManager.a(ProGuard:137)
03-12 20:09:25.370: W/System.err(21868):    at com.tencent.mobileqq.persistence.EntityManager.a(ProGuard:816)
03-12 20:09:25.370: W/System.err(21868):    at com.tencent.mobileqq.persistence.EntityManager.a(ProGuard:805)
03-12 20:09:25.371: W/System.err(21868):    at com.tencent.mobileqq.persistence.EntityManager.a(ProGuard:364)
03-12 20:09:25.371: W/System.err(21868):    at com.tencent.mobileqq.app.message.MsgProxy.a(ProGuard:1444)
03-12 20:09:25.371: W/System.err(21868):    at com.tencent.mobileqq.app.message.MsgProxy.a(ProGuard:1424)
03-12 20:09:25.371: W/System.err(21868):    at com.tencent.mobileqq.app.message.BaseMessageManager.a(ProGuard:291)
03-12 20:09:25.371: W/System.err(21868):    at com.tencent.mobileqq.app.message.BaseMessageManager.a(ProGuard:406)
03-12 20:09:25.371: W/System.err(21868):    at com.tencent.mobileqq.app.message.QQMessageFacade.a(ProGuard:694)
03-12 20:09:25.371: W/System.err(21868):    at com.tencent.mobileqq.app.message.QQMessageFacade.a(ProGuard:682)
03-12 20:09:25.371: W/System.err(21868):    at com.tencent.mobileqq.app.message.QQMessageFacade.a(ProGuard:616)
03-12 20:09:25.371: W/System.err(21868):    at com.tencent.mobileqq.app.message.QQMessageFacade.d(ProGuard:426)
03-12 20:09:25.371: W/System.err(21868):    at addc.run(ProGuard:228)
03-12 20:09:25.371: W/System.err(21868):    at com.tencent.mobileqq.app.Job.run(Job.java:218)
03-12 20:09:25.371: W/System.err(21868):    at java.util.concurrent.ThreadPoolExecutor.runWorker(ThreadPoolExecutor.java:1113)
03-12 20:09:25.371: W/System.err(21868):    at java.util.concurrent.ThreadPoolExecutor$Worker.run(ThreadPoolExecutor.java:588)
03-12 20:09:25.371: W/System.err(21868):    at java.lang.Thread.run(Thread.java:818)
03-12 20:09:25.534: E/SQLiteLog(21868): (1) no such table: mr_friend_B8C4C8B2271787E2F78B5FE2CE193CAA_New
03-12 20:09:25.589: E/SQLiteLog(21868): (1) no such table: mr_friend_3384ACE9A48C23D689F347236C7AB49A_New
03-12 20:09:25.591: E/SQLiteLog(21868): (1) no such table: mr_friend_74765968C67007219B197F4D9AAFB4E2_New
03-12 20:09:25.700: D/UnifiedMonitor(21854): dpc string user_ratio_0=0.0002|max_stackdep_0=8|user_ratio_3=0.01|user_ratio_4=0.001|user_ratio_5=0.001|user_ratio_6=0|max_stackdep_7=10|user_ratio_9=0.05|user_ratio_7=0.001|user_ratio_13=0.001
03-12 20:09:25.723: D/NeuronSystem(1536): To start u0_com.tencent.mm: free=1564 weight=37.1937
03-12 20:09:25.771: E/SQLiteLog(21868): (1) no such table: mr_friend_A5329A91EF79DB75900BD9CAB3D96E43_New
03-12 20:09:25.773: W/Watchdog_N(1536): !@WatchDog_10589;
03-12 20:09:25.784: D/Q.msg.BaseMsgProxyContainer_MsgLruCacheLog(21868): INIT cost: 1307 msgSize: 1113 convSize:36 adjustSwitch:false
03-12 20:09:25.785: I/AutoMonitor(21868): MSG_ProxyInitTime, cost=1308
03-12 20:09:25.785: I/AutoMonitor(21868): MSG_InitMsgNum, cost=1113
03-12 20:09:25.933: D/SQLiteOpenHelper(21868): check dbWIsNull: null dbIsNull: 24935113
03-12 20:09:25.933: D/SQLiteOpenHelper(21868): new dbW = 95875233 helper = com.tencent.mobileqq.data.QQEntityManagerFactory$SQLiteOpenHelperImpl@bcc592a this = com.tencent.mobileqq.app.SQLiteOpenHelper@9a8f31b
03-12 20:09:26.048: I/AutoMonitor(21868): STEP_DOSOMETHING, cost=1758
03-12 20:09:26.062: D/HardCoder.QQManager(21868): hc init 9
03-12 20:09:26.072: D/mqq(21854): java.lang.IllegalThreadStateException: Thread already started
03-12 20:09:26.072: D/mqq(21854):   at java.lang.Thread.checkNotStarted(Thread.java:849)
03-12 20:09:26.072: D/mqq(21854):   at java.lang.Thread.start(Thread.java:1059)
03-12 20:09:26.072: D/mqq(21854):   at mqq.app.MobileQQ.handleMessage(MobileQQ.java:114)
03-12 20:09:26.072: D/mqq(21854):   at android.os.Handler.dispatchMessage(Handler.java:98)
03-12 20:09:26.072: D/mqq(21854):   at android.os.Looper.loop(Looper.java:179)
03-12 20:09:26.072: D/mqq(21854):   at android.app.ActivityThread.main(ActivityThread.java:5769)
03-12 20:09:26.072: D/mqq(21854):   at java.lang.reflect.Method.invoke(Native Method)
03-12 20:09:26.072: D/mqq(21854):   at com.android.internal.os.ZygoteInit$MethodAndArgsCaller.run(ZygoteInit.java:784)
03-12 20:09:26.072: D/mqq(21854):   at com.android.internal.os.ZygoteInit.main(ZygoteInit.java:674)
03-12 20:09:26.078: D/MSF.S.ReqHandler(21854): get infoLogin, but not register push, register now
03-12 20:09:26.078: D/msfCore(21854): stopPCActivePolling by regPush
03-12 20:09:26.080: I/MSF.S.AppProcessManager(21854): SendToApp process:com.tencent.mobileqq fromServiceMsg: FromServiceMsg msName:registerPush ssoSeq:-1 serviceCmd:push.register appSeq:-1 failCode:1000 cost=2 needBoot=false
03-12 20:09:26.087: D/PCActiveEchoManager(21854): stopEcho succ
03-12 20:09:26.087: D/MSF.C.NetConnTag(21854): add 56622 cmd:GCY3BCggPAk8IH49ND4qCTMtMw uin: *7279 len: 440 msg to GRAfehY3IjMkDjUmPT0 delayWaitSendList
03-12 20:09:26.088: I/AutoMonitor(21868): STEP_SEND_REGISTER_PACKAGE, cost=26
03-12 20:09:26.337: D/MSF.C.NetConnTag(21854): netRecv ssoSeq:-1437108150 uin:*7279 cmd:CSw+MjM/FS85KwMiOXYVLzkrFDs3OSw0 -1437105775 cross:0
03-12 20:09:26.339: I/MSF.S.AppProcessManager(21854): SendToApp PUSH process:com.tencent.mobileqq fromServiceMsg: FromServiceMsg msName:onRecvPushMsg ssoSeq:-1437108150 serviceCmd:ConfigPushSvc.PushDomain appSeq:-1437108150 failCode:1000 cost=2 needBoot=false
03-12 20:09:26.344: D/MSF.C.NetConnTag(21854): netRecv ssoSeq:-1437108148 uin:*7279 cmd:CSw+MjM/FS85KwMiOXYVLzkrAjEr -1437105877 cross:0
03-12 20:09:26.345: D/MSF.C.NetConnTag(21854): add -1437108148 cmd:CSw+MjM/FS85KwMiOXYVLzkrAjEpKA uin: *7279 len: 91 msg to GRAfehY3IjMkDjUmPT0 delayWaitSendList
03-12 20:09:26.346: I/MSF.S.AppProcessManager(21854): SendToApp PUSH process:com.tencent.mobileqq fromServiceMsg: FromServiceMsg msName:onRecvConfigPush ssoSeq:-1437108148 serviceCmd:ConfigPushSvc.PushReq appSeq:-1437108148 failCode:1000 cost=1 needBoot=false
03-12 20:09:26.362: D/WifiStateMachine(1536): Adjust rssi from -60 to -56
03-12 20:09:26.380: D/MSF.D.AppNetInfoNewImpl(21868): registerNetInfoHandler 6e20395
03-12 20:09:26.380: D/WifiStateMachine(1536): Adjust rssi from -60 to -56
03-12 20:09:26.383: D/MSF.D.AppNetInfoNewImpl(21868): registerNetInfoHandler 5911caa
03-12 20:09:26.594: D/MSF.C.NetConnTag(21854): use full head for uin:*7279
03-12 20:09:26.594: D/MSF.C.NetConnTag(21854): pa ok: 56623
03-12 20:09:26.594: D/MSF.C.NetConnTag(21854): netSend ssoSeq:56623 uin:*7279 cmd:GRAfehY3IjMkDjUmPT0 57330 1ad024d
03-12 20:09:26.594: D/MSF.C.NetConnTag(21854): send Packet addQueue, ssoSeq=56623, uin=*7279
03-12 20:09:26.619: D/MSF.C.CodecWarpper(21854): recv Packet ssoSeq:56622, uin:*7279
03-12 20:09:26.619: D/MSF.C.NetConnTag(21854): netRecv ssoSeq:56622 uin:*7279 cmd:GCY3BCggPAk8IH49ND4qCTMtMw 56717 cross:0
03-12 20:09:26.620: I/MSF.S.AppProcessManager(21854): SendToApp process:com.tencent.mobileqq fromServiceMsg: FromServiceMsg msName:unknown ssoSeq:56622 serviceCmd:RegPrxySvc.infoSync appSeq:9 failCode:1000 cost=1 needBoot=false
03-12 20:09:26.731: D/MSF.C.NetConnTag(21854): netRecv Delay FromServiceMsg ssoSeq:-1858862501 scmd: SSO.LoginMerge len: 1306 uncompressed len: 1982
03-12 20:09:26.732: D/MSF.C.CodecWarpper(21854): recv Packet ssoSeq:-1289305096, uin:*7279
03-12 20:09:26.732: D/MSF.C.NetConnTag(21854): netRecv ssoSeq:-1289305096 uin:*7279 cmd:GCY3BCggPAk8IH4TPywIKS0VYg -1289304966 cross:0
03-12 20:09:26.732: D/MSF.C.CodecWarpper(21854): recv Packet ssoSeq:-1289305095, uin:*7279
03-12 20:09:26.732: D/MSF.C.NetConnTag(21854): netRecv ssoSeq:-1289305095 uin:*7279 cmd:GCY3BCggPAk8IH4ELystCisxMTk -1289304949 cross:0
03-12 20:09:26.732: D/MSF.C.CodecWarpper(21854): recv Packet ssoSeq:-1289305094, uin:*7279
03-12 20:09:26.732: D/MSF.C.NetConnTag(21854): netRecv ssoSeq:-1289305094 uin:*7279 cmd:GCY3BCggPAk8IH4EOAs8NCkOIzM -1289303687 cross:0
03-12 20:09:26.733: D/MSF.C.CodecWarpper(21854): recv Packet ssoSeq:-1289305093, uin:*7279
03-12 20:09:26.733: D/MSF.C.NetConnTag(21854): netRecv ssoSeq:-1289305093 uin:*7279 cmd:GCY3BCggPAk8IH4EOAs8NCkOIzM -1289304928 cross:0
03-12 20:09:26.734: I/MSF.S.AppProcessManager(21854): SendToApp PUSH process:com.tencent.mobileqq fromServiceMsg: FromServiceMsg msName:onRecvPushMsg ssoSeq:-1289305096 serviceCmd:RegPrxySvc.GetMsgV2 appSeq:-1289305096 failCode:1000 cost=2 needBoot=true
03-12 20:09:26.735: I/MSF.S.AppProcessManager(21854): SendToApp PUSH process:com.tencent.mobileqq fromServiceMsg: FromServiceMsg msName:onRecvPushMsg ssoSeq:-1289305095 serviceCmd:RegPrxySvc.PushParam appSeq:-1289305095 failCode:1000 cost=1 needBoot=true
03-12 20:09:26.735: I/MSF.S.AppProcessManager(21854): SendToApp PUSH process:com.tencent.mobileqq fromServiceMsg: FromServiceMsg msName:onRecvPushMsg ssoSeq:-1289305094 serviceCmd:RegPrxySvc.PbSyncMsg appSeq:-1289305094 failCode:1000 cost=0 needBoot=true
03-12 20:09:26.736: I/MSF.S.AppProcessManager(21854): SendToApp PUSH process:com.tencent.mobileqq fromServiceMsg: FromServiceMsg msName:onRecvPushMsg ssoSeq:-1289305093 serviceCmd:RegPrxySvc.PbSyncMsg appSeq:-1289305093 failCode:1000 cost=1 needBoot=true
03-12 20:09:26.762: I/AutoMonitor(21868): ActionLoginT, cost=4746, actLoginType=4
03-12 20:09:26.764: D/ServiceAccountFolderManager(21868): updateServiceAccountBelongInfo(1)->getPublicAccountFolderType->puin:2909288299, folder type:1, no info to judge, default service folder!
03-12 20:09:26.767: D/WeakNetworkStat(21854): start to report info login uin:511077279, timeEnd:381296405
03-12 20:09:26.767: D/MSF.S.ReqHandler(21854): recv infoSync timestamp:381296405
03-12 20:09:26.780: I/AutoMonitor(21868): SyncData, cost=4207
03-12 20:09:26.782: D/ReadInJoyUtils(21868): r:top activity is not splash
03-12 20:09:26.782: D/MsfServiceSdk(21868): registerProxyDone
03-12 20:09:26.786: D/KandianMergeManager(21868): init msgbox info from sp. KandianMsgBoxRedPntInfo{mSeq=2, mMsgCnt=1, mMsgTime=1549581072, mUin=511077279, mMsgType=2, mJumpUrl='https://kandian.qq.com/mqq/vue/messagebox?_wv=3&_bid=2378&x5PreFetch=1&adfrom=client&adtag=2', mIconUrl='', isRead=true, mNeedShowInFolder=true, mRedType=0, mSummary='你收到一条系统消息', mOrangeWord='新消息'}
03-12 20:09:26.789: D/KandianMergeManager(21868): init mianVideoTabRed : null
03-12 20:09:26.791: D/SQLiteOpenHelper(21868):  new SQLiteOpenHelper  helper = com.tencent.mobileqq.data.QQEntityManagerFactory$SQLiteOpenHelperImpl@632b7ba this = com.tencent.mobileqq.app.SQLiteOpenHelper@b6f166b
03-12 20:09:26.797: D/SQLiteOpenHelper(21868): check dbRIsNull: null dbIsNull: 54826374
03-12 20:09:26.797: D/SQLiteOpenHelper(21868): new dbR = 155485202 helper = com.tencent.mobileqq.data.QQEntityManagerFactory$SQLiteOpenHelperImpl@632b7ba this = com.tencent.mobileqq.app.SQLiteOpenHelper@b6f166b
03-12 20:09:26.824: E/MSF.C.NativeConfigStore(21868): loadso arm msfbootV2 resultCode=3387394
03-12 20:09:26.834: E/MSF.C.NativeConfigStore(21868): loadso msfbootV2 true resultCode=3387394 cost=10
03-12 20:09:26.875: D/WifiStateMachine(1536): Adjust rssi from -60 to -56
03-12 20:09:26.943: D/ServiceAccountFolderManager(21868): updateServiceAccountBelongInfo(1)->getPublicAccountFolderType->puin:3046055438, folder type:1, no info to judge, default service folder!
03-12 20:09:26.948: I/Q.fts.manager(21868): init go to loadso
03-12 20:09:26.953: D/PhoneStatusMonitor(21868): mPhoneStatusReceiver.registerReceiver()
03-12 20:09:26.954: D/SocializeFeedsInfo(21868): WebSharePageInfo core info is empty!
03-12 20:09:26.954: D/SocializeFeedsInfo(21868): create SocialFeedsInfo, feedsID : 0, followCnt : 0, followStatus : 0, masterUin : 0, followStatusHas : true
03-12 20:09:26.954: D/SocializeFeedsInfo(21868): info.topicRecommendFeedsInfo is null.
03-12 20:09:26.954: D/SocializeFeedsInfo(21868): info.mRecommendAccountReason is null.
03-12 20:09:26.955: D/SocializeFeedsInfo(21868): WebSharePageInfo core info is empty!
03-12 20:09:26.955: D/SocializeFeedsInfo(21868): create SocialFeedsInfo, feedsID : 0, followCnt : 0, followStatus : 0, masterUin : 0, followStatusHas : true
03-12 20:09:26.955: D/SocializeFeedsInfo(21868): info.topicRecommendFeedsInfo is null.
03-12 20:09:26.955: D/SocializeFeedsInfo(21868): info.mRecommendAccountReason is null.
03-12 20:09:26.956: D/SocializeFeedsInfo(21868): WebSharePageInfo core info is empty!
03-12 20:09:26.956: D/SocializeFeedsInfo(21868): create SocialFeedsInfo, feedsID : 0, followCnt : 0, followStatus : 0, masterUin : 0, followStatusHas : true
03-12 20:09:26.956: D/SocializeFeedsInfo(21868): info.topicRecommendFeedsInfo is null.
03-12 20:09:26.956: D/SocializeFeedsInfo(21868): info.mRecommendAccountReason is null.
03-12 20:09:26.957: D/SocializeFeedsInfo(21868): WebSharePageInfo core info is empty!
03-12 20:09:26.957: D/SocializeFeedsInfo(21868): create SocialFeedsInfo, feedsID : 0, followCnt : 0, followStatus : 0, masterUin : 0, followStatusHas : true
03-12 20:09:26.957: D/SocializeFeedsInfo(21868): info.topicRecommendFeedsInfo is null.
03-12 20:09:26.957: D/SocializeFeedsInfo(21868): info.mRecommendAccountReason is null.
03-12 20:09:26.958: D/SocializeFeedsInfo(21868): WebSharePageInfo core info is empty!
03-12 20:09:26.958: D/SocializeFeedsInfo(21868): create SocialFeedsInfo, feedsID : 0, followCnt : 0, followStatus : 0, masterUin : 0, followStatusHas : true
03-12 20:09:26.958: D/SocializeFeedsInfo(21868): info.topicRecommendFeedsInfo is null.
03-12 20:09:26.958: D/SocializeFeedsInfo(21868): info.mRecommendAccountReason is null.
03-12 20:09:26.959: D/SocializeFeedsInfo(21868): WebSharePageInfo core info is empty!
03-12 20:09:26.959: D/SocializeFeedsInfo(21868): create SocialFeedsInfo, feedsID : 0, followCnt : 0, followStatus : 0, masterUin : 0, followStatusHas : true
03-12 20:09:26.959: D/SocializeFeedsInfo(21868): info.topicRecommendFeedsInfo is null.
03-12 20:09:26.959: D/SocializeFeedsInfo(21868): info.mRecommendAccountReason is null.
03-12 20:09:26.959: D/SocializeFeedsInfo(21868): WebSharePageInfo core info is empty!
03-12 20:09:26.959: D/SocializeFeedsInfo(21868): create SocialFeedsInfo, feedsID : 0, followCnt : 0, followStatus : 0, masterUin : 0, followStatusHas : true
03-12 20:09:26.959: D/SocializeFeedsInfo(21868): info.topicRecommendFeedsInfo is null.
03-12 20:09:26.959: D/SocializeFeedsInfo(21868): info.mRecommendAccountReason is null.
03-12 20:09:26.960: D/SocializeFeedsInfo(21868): WebSharePageInfo core info is empty!
03-12 20:09:26.960: D/SocializeFeedsInfo(21868): create SocialFeedsInfo, feedsID : 0, followCnt : 0, followStatus : 0, masterUin : 0, followStatusHas : true
03-12 20:09:26.960: D/SocializeFeedsInfo(21868): info.topicRecommendFeedsInfo is null.
03-12 20:09:26.960: D/SocializeFeedsInfo(21868): info.mRecommendAccountReason is null.
03-12 20:09:26.969: I/DpmTcmClient(21868): RegisterTcmMonitor from: org.apache.http.impl.conn.TcmIdleTimerMonitor
03-12 20:09:26.972: D/ReadInJoyHelper(21868): getReadinjoySmartCropSwitch : true
03-12 20:09:26.980: D/ServiceAccountFolderManager(21868): updateServiceAccountBelongInfo(1)->getPublicAccountFolderType->puin:2408979958, folder type:1, no info to judge, default service folder!
03-12 20:09:26.981: D/ServiceAccountFolderManager(21868): updateServiceAccountBelongInfo(1)->getPublicAccountFolderType->puin:60462734, folder type:1, no info to judge, default service folder!
03-12 20:09:26.981: D/ServiceAccountFolderManager(21868): updateServiceAccountBelongInfo(1)->getPublicAccountFolderType->puin:2658655094, folder type:1, no info to judge, default service folder!
03-12 20:09:26.986: D/ReadInJoyHelper(21868): shouldShowComment,limitNumber:1 ,number:800
03-12 20:09:26.987: I/DB(21868): add forceColumn field private int com.tencent.mobileqq.data.RecentUser.type
03-12 20:09:26.991: D/ProxyIpManagerImpl(21868): Load local proxy ip failed, uin: *7279 config is empty
03-12 20:09:26.992: D/ProxyIpManagerImpl(21868): Load local proxy ip failed, uin:*7279 type: 1 reason: not mobile network!
03-12 20:09:26.992: I/SoLoadUtilNew(21868): load FTSDatabase result:true code 3387394
03-12 20:09:26.993: D/ProxyIpManagerImpl(21868): Load local proxy ip failed, uin:*7279 type: 1 reason: not mobile network!
03-12 20:09:27.012: D/WifiStateMachine(1536): Adjust rssi from -60 to -56
03-12 20:09:27.014: D/WifiStateMachine(1536): Adjust rssi from -60 to -56
03-12 20:09:27.015: D/ServiceAccountFolderManager(21868): updateServiceAccountBelongInfo(1)->getPublicAccountFolderType->puin:2173223560, folder type:1, no info to judge, default service folder!
03-12 20:09:27.015: D/ServiceAccountFolderManager(21868): updateServiceAccountBelongInfo(1)->getPublicAccountFolderType->puin:1770946116, folder type:1, no info to judge, default service folder!
03-12 20:09:27.015: D/ServiceAccountFolderManager(21868): updateServiceAccountBelongInfo(1)->getPublicAccountFolderType->puin:2993250418, folder type:1, no info to judge, default service folder!
03-12 20:09:27.015: D/ServiceAccountFolderManager(21868): updateServiceAccountBelongInfo(1)->getPublicAccountFolderType->puin:2632129500, folder type:1, no info to judge, default service folder!
03-12 20:09:27.015: D/ServiceAccountFolderManager(21868): updateServiceAccountBelongInfo(1)->getPublicAccountFolderType->puin:2010741172, folder type:1, no info to judge, default service folder!
03-12 20:09:27.015: D/ServiceAccountFolderManager(21868): updateServiceAccountBelongInfo(1)->getPublicAccountFolderType->puin:3105932915, folder type:1, no info to judge, default service folder!
03-12 20:09:27.016: D/ServiceAccountFolderManager(21868): updateServiceAccountBelongInfo(1)->getPublicAccountFolderType->puin:2711679534, folder type:1, no info to judge, default service folder!
03-12 20:09:27.016: D/ServiceAccountFolderManager(21868): updateServiceAccountBelongInfo(1)->getPublicAccountFolderType->puin:2720152058, folder type:1, no info to judge, default service folder!
03-12 20:09:27.016: D/ServiceAccountFolderManager(21868): updateServiceAccountBelongInfo(1)->getPublicAccountFolderType->puin:1007807100, folder type:1, no info to judge, default service folder!
03-12 20:09:27.016: D/WifiStateMachine(1536): Adjust rssi from -60 to -56
03-12 20:09:27.016: D/ServiceAccountFolderManager(21868): updateServiceAccountBelongInfo(1)->getPublicAccountFolderType->puin:2241957680, folder type:1, no info to judge, default service folder!
03-12 20:09:27.016: D/ServiceAccountFolderManager(21868): updateServiceAccountBelongInfo(1)->getPublicAccountFolderType->puin:3042703080, folder type:1, no info to judge, default service folder!
03-12 20:09:27.016: D/ServiceAccountFolderManager(21868): updateServiceAccountBelongInfo(1)->getPublicAccountFolderType->puin:2747277822, folder type:1, no info to judge, default service folder!
03-12 20:09:27.016: D/ServiceAccountFolderManager(21868): updateServiceAccountBelongInfo(1)->getPublicAccountFolderType->puin:2659464438, folder type:1, no info to judge, default service folder!
03-12 20:09:27.016: D/ServiceAccountFolderManager(21868): updateServiceAccountBelongInfo(1)->getPublicAccountFolderType->puin:2062433139, folder type:1, no info to judge, default service folder!
03-12 20:09:27.017: D/WifiStateMachine(1536): Adjust rssi from -60 to -56
03-12 20:09:27.018: D/ServiceAccountFolderManager(21868): updateServiceAccountBelongInfo(1)->getPublicAccountFolderType->puin:1816533856, folder type:1, no info to judge, default service folder!
03-12 20:09:27.019: D/ServiceAccountFolderManager(21868): updateServiceAccountBelongInfo(1)->getPublicAccountFolderType->puin:2290230341, folder type:1, no info to judge, default service folder!
03-12 20:09:27.019: D/ProxyIpManagerImpl(21868): Load local proxy ip failed, uin:*7279 type: 1 reason: not mobile network!
03-12 20:09:27.026: D/Q.msg.QQMessageFacade_UnreadMonitor(21868): Recent Msg Unread: (0,0,1) (9980,9000,0) (9953,7230,3) (9992,7000,0)
03-12 20:09:27.030: D/BadgeUtils_UnreadMonitor(21868): setBadge limit: 999, count: 4
03-12 20:09:27.030: D/BadgeUtils_UnreadMonitor(21868): setBadge limit: 999, count: 4
03-12 20:09:27.030: D/CommonBadgeUtilImpl(21868): setBadge count=4|forceSet=false
03-12 20:09:27.030: D/CommonBadgeUtilImpl(21868): setBadge count=4|forceSet=false
03-12 20:09:27.031: W/System.err(21868): java.lang.NullPointerException: Attempt to invoke virtual method 'int java.lang.String.length()' on a null object reference
03-12 20:09:27.032: W/System.err(21868):    at org.json.JSONTokener.nextCleanInternal(JSONTokener.java:116)
03-12 20:09:27.032: W/System.err(21868):    at org.json.JSONTokener.nextValue(JSONTokener.java:94)
03-12 20:09:27.032: W/System.err(21868):    at org.json.JSONObject.<init>(JSONObject.java:156)
03-12 20:09:27.032: W/System.err(21868):    at org.json.JSONObject.<init>(JSONObject.java:173)
03-12 20:09:27.032: W/System.err(21868):    at com.tencent.mobileqq.flashchat.FlashChatManager.b(ProGuard:1078)
03-12 20:09:27.032: W/System.err(21868):    at com.tencent.mobileqq.flashchat.FlashChatManager.b(ProGuard:327)
03-12 20:09:27.032: W/System.err(21868):    at actl.run(ProGuard:90)
03-12 20:09:27.032: W/System.err(21868):    at com.tencent.mobileqq.app.Job.run(Job.java:218)
03-12 20:09:27.032: W/System.err(21868):    at java.util.concurrent.ThreadPoolExecutor.runWorker(ThreadPoolExecutor.java:1113)
03-12 20:09:27.032: W/System.err(21868):    at java.util.concurrent.ThreadPoolExecutor$Worker.run(ThreadPoolExecutor.java:588)
03-12 20:09:27.032: W/System.err(21868):    at java.lang.Thread.run(Thread.java:818)
03-12 20:09:27.033: E/FlashChat(21868): handleFlashChatConfig failedjava.lang.NullPointerException: Attempt to invoke virtual method 'int java.lang.String.length()' on a null object reference
03-12 20:09:27.038: D/Q.msg.QQMessageFacade_UnreadMonitor(21868): Recent Msg Unread: (0,0,1) (9980,9000,0) (9953,7230,5) (9992,7000,0)
03-12 20:09:27.038: D/BadgeUtils_UnreadMonitor(21868): setBadge limit: 999, count: 6
03-12 20:09:27.039: D/CommonBadgeUtilImpl(21868): setBadge count=6|forceSet=false
03-12 20:09:27.042: I/SoLoadUtilNew(21868): load FTSDatabaseV2 result:true code 3387394
03-12 20:09:27.045: D/Q.fts.db(21868): QQ_FTS_Sync native initFTS V1
03-12 20:09:27.046: W/ResourceType(2790): No known package when getting name for resource number 0x9ce80002
03-12 20:09:27.047: W/ResourceType(2790): No known package when getting name for resource number 0x9ce90000
03-12 20:09:27.047: W/ResourceType(2790): No known package when getting name for resource number 0x9cf00200
03-12 20:09:27.075: D/Q.msg.QQMessageFacade_UnreadMonitor(21868): Recent Msg Unread: (0,0,1) (9980,9000,0) (9953,7230,6) (9992,7000,0)
03-12 20:09:27.075: D/BadgeUtils_UnreadMonitor(21868): setBadge limit: 999, count: 7
03-12 20:09:27.075: D/CommonBadgeUtilImpl(21868): setBadge count=7|forceSet=false
03-12 20:09:27.092: D/ProxyIpManagerImpl(21868): Load local proxy ip failed, uin:*7279 type: 1 reason: not mobile network!
03-12 20:09:27.092: D/ProxyIpManagerImpl(21868): Load local proxy ip failed, uin:*7279 type: 1 reason: not mobile network!
03-12 20:09:27.095: D/MSF.C.NetConnTag(21854): pa ok: 56637
03-12 20:09:27.095: D/MSF.C.NetConnTag(21854): netSend ssoSeq:56637 uin:*7279 cmd:GCY3BCggPAk8IH4zPywKPCwOIzM 57096 1ad024d
03-12 20:09:27.095: D/MSF.C.NetConnTag(21854): send Packet addQueue, ssoSeq=56637, uin=*7279
03-12 20:09:27.133: E/VcSystemInfo(21868): getMaxCpuFreq of cup3 failed.
03-12 20:09:27.133: E/VcSystemInfo(21868): java.io.FileNotFoundException: /sys/devices/system/cpu/cpu3/cpufreq/cpuinfo_max_freq: open failed: ENOENT (No such file or directory)
03-12 20:09:27.134: E/VcSystemInfo(21868): readMaxCpuFreqFromState failed.
03-12 20:09:27.134: E/VcSystemInfo(21868): java.lang.NumberFormatException: Invalid long: "freq"
03-12 20:09:27.136: I/VcSystemInfo(21868): [CpuInfo] readMaxCpuFreqFromState. maxFreq=0
03-12 20:09:27.136: I/VcSystemInfo(21868): [CpuInfo] readMaxCpuFreq end. thisMaxFreq  2016000
03-12 20:09:27.137: D/MSF.C.NetConnTag(21854): use simple head for uin:*7279
03-12 20:09:27.137: D/MSF.C.CodecWarpper(21854): recv Packet removeItem setV9, ssoSeq:56637, uin:*7279
03-12 20:09:27.137: D/MSF.C.NetConnTag(21854): netRecv ssoSeq:56637 uin:*7279 cmd:GCY3BCggPAk8IH4zPywKPCwOIzM 56732 cross:0
03-12 20:09:27.137: D/MSF.C.NetConnTag(21854): not tag regprxysvc resp seq:56637 by infoLogin error
03-12 20:09:27.139: I/MSF.S.AppProcessManager(21854): SendToApp process:com.tencent.mobileqq fromServiceMsg: FromServiceMsg msName:unknown ssoSeq:56637 serviceCmd:RegPrxySvc.getOffMsg appSeq:11 failCode:1000 cost=2 needBoot=false
03-12 20:09:27.141: E/art(21868): No implementation found for void com.tencent.av.config.ConfigInfo.init() (tried Java_com_tencent_av_config_ConfigInfo_init and Java_com_tencent_av_config_ConfigInfo_init__)
03-12 20:09:27.141: W/System.err(21868): java.lang.UnsatisfiedLinkError: No implementation found for void com.tencent.av.config.ConfigInfo.init() (tried Java_com_tencent_av_config_ConfigInfo_init and Java_com_tencent_av_config_ConfigInfo_init__)
03-12 20:09:27.143: W/System.err(21868):    at com.tencent.av.config.ConfigInfo.init(Native Method)
03-12 20:09:27.143: W/System.err(21868):    at com.tencent.av.config.ConfigInfo.<init>(ProGuard:33)
03-12 20:09:27.143: W/System.err(21868):    at com.tencent.av.config.ConfigInfo.instance(ProGuard:18)
03-12 20:09:27.143: W/System.err(21868):    at com.tencent.av.opengl.config.EffectFaceDeviceConfig.a(ProGuard:162)
03-12 20:09:27.143: W/System.err(21868):    at com.tencent.av.core.VcSystemInfo.c(ProGuard:658)
03-12 20:09:27.143: W/System.err(21868):    at com.tencent.biz.eqq.CrmUtils.a(ProGuard:357)
03-12 20:09:27.143: W/System.err(21868):    at com.tencent.biz.eqq.CrmUtils.<clinit>(ProGuard:118)
03-12 20:09:27.143: W/System.err(21868):    at com.tencent.mobileqq.data.PublicAccountInfo.hasIvrAbility(ProGuard:509)
03-12 20:09:27.143: W/System.err(21868):    at com.tencent.mobileqq.app.PublicAccountDataManager.b(ProGuard:135)
03-12 20:09:27.143: W/System.err(21868):    at com.tencent.mobileqq.app.PublicAccountDataManager.a(ProGuard:86)
03-12 20:09:27.143: W/System.err(21868):    at acsv.run(ProGuard:57)
03-12 20:09:27.143: W/System.err(21868):    at mqq.os.MqqHandler.handleCallback(MqqHandler.java:337)
03-12 20:09:27.143: W/System.err(21868):    at mqq.os.MqqHandler.dispatchMessage(MqqHandler.java:97)
03-12 20:09:27.143: W/System.err(21868):    at mqq.os.MqqHandler$NativeHandler.dispatchMessage(MqqHandler.java:350)
03-12 20:09:27.143: W/System.err(21868):    at android.os.Looper.loop(Looper.java:179)
03-12 20:09:27.143: W/System.err(21868):    at android.os.HandlerThread.run(HandlerThread.java:61)
03-12 20:09:27.145: D/ReadInJoyHelper(21868): shouldShowComment,limitNumber:1 ,number:0
03-12 20:09:27.147: D/ReadInJoyHelper(21868): shouldShowComment,limitNumber:1 ,number:0
03-12 20:09:27.148: D/ReadInJoyHelper(21868): shouldShowComment,limitNumber:1 ,number:0
03-12 20:09:27.149: D/ReadInJoyHelper(21868): shouldShowComment,limitNumber:1 ,number:0
03-12 20:09:27.150: D/ReadInJoyHelper(21868): shouldShowComment,limitNumber:1 ,number:0
03-12 20:09:27.151: D/ReadInJoyHelper(21868): shouldShowComment,limitNumber:1 ,number:0
03-12 20:09:27.151: D/ServiceAccountFolderManager(21868): updateServiceAccountBelongInfo(2)->getPublicAccountFolderType->puin:2658655094, folder type:1, info accountFlag:473, info accountFlag2:4165
03-12 20:09:27.151: D/ReadInJoyHelper(21868): shouldShowComment,limitNumber:1 ,number:0
03-12 20:09:27.157: D/SocializeFeedsInfo(21868): WebSharePageInfo core info is empty!
03-12 20:09:27.157: D/SocializeFeedsInfo(21868): create SocialFeedsInfo, feedsID : 0, followCnt : 0, followStatus : 0, masterUin : 0, followStatusHas : true
03-12 20:09:27.157: D/SocializeFeedsInfo(21868): info.topicRecommendFeedsInfo is null.
03-12 20:09:27.157: D/SocializeFeedsInfo(21868): info.mRecommendAccountReason is null.
03-12 20:09:27.158: D/ServiceAccountFolderManager(21868): updateServiceAccountBelongInfo(2)->getPublicAccountFolderType->puin:2408979958, folder type:1, info accountFlag:16785689, info accountFlag2:4165
03-12 20:09:27.158: D/SocializeFeedsInfo(21868): WebSharePageInfo core info is empty!
03-12 20:09:27.158: D/SocializeFeedsInfo(21868): create SocialFeedsInfo, feedsID : 0, followCnt : 0, followStatus : 0, masterUin : 0, followStatusHas : true
03-12 20:09:27.158: D/SocializeFeedsInfo(21868): info.topicRecommendFeedsInfo is null.
03-12 20:09:27.158: D/SocializeFeedsInfo(21868): info.mRecommendAccountReason is null.
03-12 20:09:27.159: D/SocializeFeedsInfo(21868): WebSharePageInfo core info is empty!
03-12 20:09:27.159: D/SocializeFeedsInfo(21868): create SocialFeedsInfo, feedsID : 0, followCnt : 0, followStatus : 0, masterUin : 0, followStatusHas : true
03-12 20:09:27.159: D/SocializeFeedsInfo(21868): info.topicRecommendFeedsInfo is null.
03-12 20:09:27.159: D/SocializeFeedsInfo(21868): info.mRecommendAccountReason is null.
03-12 20:09:27.160: D/SocializeFeedsInfo(21868): WebSharePageInfo core info is empty!
03-12 20:09:27.160: D/SocializeFeedsInfo(21868): create SocialFeedsInfo, feedsID : 0, followCnt : 0, followStatus : 0, masterUin : 0, followStatusHas : true
03-12 20:09:27.160: D/SocializeFeedsInfo(21868): info.topicRecommendFeedsInfo is null.
03-12 20:09:27.160: D/SocializeFeedsInfo(21868): info.mRecommendAccountReason is null.
03-12 20:09:27.161: D/SocializeFeedsInfo(21868): WebSharePageInfo core info is empty!
03-12 20:09:27.161: D/SocializeFeedsInfo(21868): create SocialFeedsInfo, feedsID : 0, followCnt : 0, followStatus : 0, masterUin : 0, followStatusHas : true
03-12 20:09:27.161: D/SocializeFeedsInfo(21868): info.topicRecommendFeedsInfo is null.
03-12 20:09:27.161: D/SocializeFeedsInfo(21868): info.mRecommendAccountReason is null.
03-12 20:09:27.162: D/SocializeFeedsInfo(21868): WebSharePageInfo core info is empty!
03-12 20:09:27.162: D/SocializeFeedsInfo(21868): create SocialFeedsInfo, feedsID : 0, followCnt : 0, followStatus : 0, masterUin : 0, followStatusHas : true
03-12 20:09:27.162: D/SocializeFeedsInfo(21868): info.topicRecommendFeedsInfo is null.
03-12 20:09:27.162: D/SocializeFeedsInfo(21868): info.mRecommendAccountReason is null.
03-12 20:09:27.163: D/SocializeFeedsInfo(21868): WebSharePageInfo core info is empty!
03-12 20:09:27.163: D/SocializeFeedsInfo(21868): create SocialFeedsInfo, feedsID : 0, followCnt : 0, followStatus : 0, masterUin : 0, followStatusHas : true
03-12 20:09:27.163: D/SocializeFeedsInfo(21868): info.topicRecommendFeedsInfo is null.
03-12 20:09:27.163: D/SocializeFeedsInfo(21868): info.mRecommendAccountReason is null.
03-12 20:09:27.163: D/SocializeFeedsInfo(21868): WebSharePageInfo core info is empty!
03-12 20:09:27.163: D/SocializeFeedsInfo(21868): create SocialFeedsInfo, feedsID : 0, followCnt : 0, followStatus : 0, masterUin : 0, followStatusHas : true
03-12 20:09:27.163: D/SocializeFeedsInfo(21868): info.topicRecommendFeedsInfo is null.
03-12 20:09:27.163: D/SocializeFeedsInfo(21868): info.mRecommendAccountReason is null.
03-12 20:09:27.171: D/ServiceAccountFolderManager(21868): updateServiceAccountBelongInfo(2)->getPublicAccountFolderType->puin:2993250418, folder type:1, info accountFlag:409, info accountFlag2:4165
03-12 20:09:27.175: D/ServiceAccountFolderManager(21868): updateServiceAccountBelongInfo(2)->getPublicAccountFolderType->puin:2062433139, folder type:0, info accountFlag:71956, info accountFlag2:6209
03-12 20:09:27.175: D/ServiceAccountFolderManager(21868): updateServiceAccountBelongInfo(2)->getPublicAccountFolderType->puin:2659464438, folder type:0, info accountFlag:281, info accountFlag2:6213
03-12 20:09:27.175: D/ServiceAccountFolderManager(21868): updateServiceAccountBelongInfo(2)->getPublicAccountFolderType->puin:3046055438, folder type:0, info accountFlag:281, info accountFlag2:6208
03-12 20:09:27.175: D/ServiceAccountFolderManager(21868): updateServiceAccountBelongInfo(2)->getPublicAccountFolderType->puin:2010741172, folder type:0, info accountFlag:33169, info accountFlag2:6209
03-12 20:09:27.175: D/ServiceAccountFolderManager(21868): updateServiceAccountBelongInfo(2)->getPublicAccountFolderType->puin:1770946116, folder type:1, info accountFlag:8601, info accountFlag2:4165
03-12 20:09:27.180: D/ServiceAccountFolderManager(21868): updateServiceAccountBelongInfo(2)->getPublicAccountFolderType->puin:3042703080, folder type:1, info accountFlag:281, info accountFlag2:4165
03-12 20:09:27.180: D/ServiceAccountFolderManager(21868): updateServiceAccountBelongInfo(2)->getPublicAccountFolderType->puin:2747277822, folder type:0, info accountFlag:16777625, info accountFlag2:6209
03-12 20:09:27.180: D/ServiceAccountFolderManager(21868): updateServiceAccountBelongInfo(2)->getPublicAccountFolderType->puin:2290230341, folder type:0, info accountFlag:281, info accountFlag2:6213
03-12 20:09:27.180: D/ServiceAccountFolderManager(21868): updateServiceAccountBelongInfo(2)->getPublicAccountFolderType->puin:2632129500, folder type:1, info accountFlag:131417, info accountFlag2:4161
03-12 20:09:27.192: D/ServiceAccountFolderManager(21868): updateServiceAccountBelongInfo(2)->getPublicAccountFolderType->puin:2241957680, folder type:1, info accountFlag:409, info accountFlag2:4165
03-12 20:09:27.192: D/ServiceAccountFolderManager(21868): updateServiceAccountBelongInfo(2)->getPublicAccountFolderType->puin:2909288299, folder type:0, info accountFlag:409, info accountFlag2:6213
03-12 20:09:27.192: D/ServiceAccountFolderManager(21868): updateServiceAccountBelongInfo(2)->getPublicAccountFolderType->puin:2720152058, folder type:0, info accountFlag:1057240, info accountFlag2:6213
03-12 20:09:27.192: D/ServiceAccountFolderManager(21868): updateServiceAccountBelongInfo(2)->getPublicAccountFolderType->puin:3105932915, folder type:0, info accountFlag:281, info accountFlag2:6213
03-12 20:09:27.192: D/ServiceAccountFolderManager(21868): updateServiceAccountBelongInfo(2)->getPublicAccountFolderType->puin:1816533856, folder type:0, info accountFlag:71957, info accountFlag2:6145
03-12 20:09:27.192: D/ServiceAccountFolderManager(21868): updateServiceAccountBelongInfo(2)->getPublicAccountFolderType->puin:2711679534, folder type:0, info accountFlag:473, info accountFlag2:6468
03-12 20:09:27.192: D/ServiceAccountFolderManager(21868): updateServiceAccountBelongInfo(2)->getPublicAccountFolderType->puin:1007807100, folder type:1, info accountFlag:72084, info accountFlag2:4160
03-12 20:09:27.249: D/ReadInJoyUtils(21868): update fs : 211
03-12 20:09:27.250: W/System.err(21868): org.json.JSONException: End of input at character 0 of
03-12 20:09:27.252: W/System.err(21868):    at org.json.JSONTokener.syntaxError(JSONTokener.java:449)
03-12 20:09:27.252: W/System.err(21868):    at org.json.JSONTokener.nextValue(JSONTokener.java:97)
03-12 20:09:27.252: W/System.err(21868):    at org.json.JSONArray.<init>(JSONArray.java:92)
03-12 20:09:27.252: W/System.err(21868):    at org.json.JSONArray.<init>(JSONArray.java:108)
03-12 20:09:27.252: W/System.err(21868):    at com.tencent.biz.pubaccount.troopbarassit.TroopBarAssistantManager.m(ProGuard:2034)
03-12 20:09:27.252: W/System.err(21868):    at com.tencent.biz.pubaccount.troopbarassit.TroopBarAssistantManager.k(ProGuard:286)
03-12 20:09:27.252: W/System.err(21868):    at com.tencent.biz.pubaccount.troopbarassit.TroopBarAssistantManager.j(ProGuard:2125)
03-12 20:09:27.252: W/System.err(21868):    at mpq.run(ProGuard:296)
03-12 20:09:27.252: W/System.err(21868):    at android.os.Handler.handleCallback(Handler.java:739)
03-12 20:09:27.252: W/System.err(21868):    at android.os.Handler.dispatchMessage(Handler.java:95)
03-12 20:09:27.252: W/System.err(21868):    at android.os.Looper.loop(Looper.java:179)
03-12 20:09:27.252: W/System.err(21868):    at android.os.HandlerThread.run(HandlerThread.java:61)
03-12 20:09:27.264: D/mqq(21868): newServlet = com.tencent.biz.pubaccount.PublicAccountServlet@c3764d8
03-12 20:09:27.269: D/MSF.C.NetConnTag(21854): add 56639 cmd:GjYyFTk7Ki8kNwMiOXYiPz4cNDEuOSw2FSo+MjU uin: *7279 len: 28 msg to GRAfehY3IjMkDjUmPT0 delayWaitSendList
03-12 20:09:27.340: D/MSF.C.NetConnTag(21854): netRecv Delay FromServiceMsg ssoSeq:-1858861345 scmd: SSO.LoginMerge len: 434 uncompressed len: 434
03-12 20:09:27.341: D/MSF.C.NetConnTag(21854): netRecv ssoSeq:-1289303596 uin:*7279 cmd:GCY3BCggPAk8IH4ELzQpHTgsJSQXKyIJLzI -1289303359 cross:0
03-12 20:09:27.341: D/MSF.C.NetConnTag(21854): not tag regprxysvc resp seq:-1289303596 by infoLogin error
03-12 20:09:27.341: D/MSF.C.NetConnTag(21854): netRecv ssoSeq:-1289303595 uin:*7279 cmd:GCY3BCggPAk8IH4aNSwsOS8GPjA -1289303472 cross:0
03-12 20:09:27.341: D/MSF.C.NetConnTag(21854): not tag regprxysvc resp seq:-1289303595 by infoLogin error
03-12 20:09:27.342: I/MSF.S.AppProcessManager(21854): SendToApp PUSH process:com.tencent.mobileqq fromServiceMsg: FromServiceMsg msName:onRecvPushMsg ssoSeq:-1289303596 serviceCmd:RegPrxySvc.PullGroupMsgSeq appSeq:-1289303596 failCode:1000 cost=1 needBoot=true
03-12 20:09:27.344: I/MSF.S.AppProcessManager(21854): SendToApp PUSH process:com.tencent.mobileqq fromServiceMsg: FromServiceMsg msName:onRecvPushMsg ssoSeq:-1289303595 serviceCmd:RegPrxySvc.NoticeEnd appSeq:-1289303595 failCode:1000 cost=2 needBoot=true
03-12 20:09:27.345: D/MSF.D.AppNetInfoNewImpl(21868): registerNetEventHandler e29f684
03-12 20:09:27.346: D/WifiStateMachine(1536): Adjust rssi from -60 to -56
03-12 20:09:27.354: D/MSF.C.NetConnTag(21854): add 56640 cmd:BSo0NgkuJnR6O2g1Yg uin: *7279 len: 65 msg to GRAfehY3IjMkDjUmPT0 delayWaitSendList
03-12 20:09:27.355: D/MSF.C.NetConnTag(21854): add 56641 cmd:BSo0NgkuJnR6O2g1bg uin: *7279 len: 36 msg to GRAfehY3IjMkDjUmPT0 delayWaitSendList
03-12 20:09:27.487: D/f-0-null(13342): -----sendReq start-----
03-12 20:09:27.487: I/f-0-null(13342): add to request wrapper queue, try to send app data req
03-12 20:09:27.497: I/f-0-null(13342): request add to waiting queue
03-12 20:09:27.497: I/f-0-null(13342): writer get request from waiting queue and start to write
03-12 20:09:27.498: I/f-0-null(13342): end writing data to socket
03-12 20:09:27.503: D/f-0-socket-read(13342): -----ReadSocket start-----
03-12 20:09:27.503: I/f-0-socket-read(13342): stream has data, start to read...
03-12 20:09:27.504: I/f-0-null(13342): security built, do send app data req
03-12 20:09:27.504: I/f-0-null(13342): request add to waiting queue
03-12 20:09:27.504: I/f-0-null(13342): writer get request from waiting queue and start to write
03-12 20:09:27.504: I/f-0-null(13342): end writing data to socket
03-12 20:09:27.514: D/f-0-socket-read(13342): -----ReadSocket start-----
03-12 20:09:27.514: I/f-0-socket-read(13342): stream has data, start to read...
03-12 20:09:27.515: I/f-0-socket-read(13342): succ in reading req data, tag appid-serviceid-cmd to continue flow
03-12 20:09:27.515: D/f-0-socket-read(13342): -----ReadSocket end-----
03-12 20:09:27.515: I/f-0-null(13342): app req succ, callback to upper level
03-12 20:09:27.515: D/f-0-null(13342): -----SendAppData end-----
03-12 20:09:27.777: D/MSF.C.NetConnTag(21854): use full head for uin:*7279
03-12 20:09:27.778: D/MSF.C.NetConnTag(21854): pa ok: 56642
03-12 20:09:27.782: D/MSF.C.NetConnTag(21854): netSend ssoSeq:56642 uin:*7279 cmd:GRAfehY3IjMkDjUmPT0 57133 1ad024d
03-12 20:09:27.782: D/MSF.C.NetConnTag(21854): send Packet addQueue, ssoSeq=56642, uin=*7279
03-12 20:09:27.887: W/ResourceType(2790): No known package when getting name for resource number 0x9ce80002
03-12 20:09:27.888: W/ResourceType(2790): No known package when getting name for resource number 0x9ce90000
03-12 20:09:27.889: W/ResourceType(2790): No known package when getting name for resource number 0x9cf00200
03-12 20:09:27.952: D/MSF.C.NetConnTag(21854): netRecv Delay FromServiceMsg ssoSeq:-1858860222 scmd: SSO.LoginMerge len: 726 uncompressed len: 726
03-12 20:09:27.953: D/MSF.C.CodecWarpper(21854): recv Packet ssoSeq:56640, uin:*7279
03-12 20:09:27.953: D/MSF.C.NetConnTag(21854): netRecv ssoSeq:56640 uin:*7279 cmd:BSo0NgkuJnR6O2g1Yg 56653 cross:0
03-12 20:09:27.953: D/MSF.C.CodecWarpper(21854): recv Packet ssoSeq:56641, uin:*7279
03-12 20:09:27.954: D/MSF.C.NetConnTag(21854): netRecv ssoSeq:56641 uin:*7279 cmd:BSo0NgkuJnR6O2g1bg 56662 cross:0
03-12 20:09:27.954: D/MSF.C.CodecWarpper(21854): recv Packet ssoSeq:56639, uin:*7279
03-12 20:09:27.954: D/MSF.C.NetConnTag(21854): netRecv ssoSeq:56639 uin:*7279 cmd:GjYyFTk7Ki8kNwMiOXYiPz4cNDEuOSw2FSo+MjU 57245 cross:0
03-12 20:09:27.957: I/MSF.S.AppProcessManager(21854): SendToApp process:com.tencent.mobileqq fromServiceMsg: FromServiceMsg msName:unknown ssoSeq:56640 serviceCmd:OidbSvc.0x8a8 appSeq:13 failCode:1000 cost=3 needBoot=false
03-12 20:09:27.958: I/System.out(21868): -----> handleReportWifi
03-12 20:09:27.960: I/MSF.S.AppProcessManager(21854): SendToApp process:com.tencent.mobileqq fromServiceMsg: FromServiceMsg msName:unknown ssoSeq:56641 serviceCmd:OidbSvc.0x8a4 appSeq:14 failCode:1000 cost=3 needBoot=false
03-12 20:09:27.962: I/MSF.S.AppProcessManager(21854): SendToApp process:com.tencent.mobileqq fromServiceMsg: FromServiceMsg msName:unknown ssoSeq:56639 serviceCmd:PubAccountSvc.get_detail_info appSeq:12 failCode:1000 cost=2 needBoot=false
03-12 20:09:27.972: D/MSF.C.NetConnTag(21854): add 56643 cmd:BSo0NgkuJnR6O2Rsagd8 uin: *7279 len: 37 msg to GRAfehY3IjMkDjUmPT0 delayWaitSendList
03-12 20:09:27.973: D/MSF.C.NetConnTag(21854): add 56644 cmd:BSo0NgkuJnR6O2Rsagd8 uin: *7279 len: 37 msg to GRAfehY3IjMkDjUmPT0 delayWaitSendList
03-12 20:09:27.999: D/MSF.C.NetConnTag(21854): add 56645 cmd:BSo0NgkuJnR6O2Rsagd8 uin: *7279 len: 37 msg to GRAfehY3IjMkDjUmPT0 delayWaitSendList
03-12 20:09:28.000: D/MSF.C.NetConnTag(21854): add 56646 cmd:BSo0NgkuJnR6O2Rsagd8 uin: *7279 len: 37 msg to GRAfehY3IjMkDjUmPT0 delayWaitSendList
03-12 20:09:28.017: D/ServiceAccountFolderManager(21868): updateServiceAccountBelongInfo(2)->getPublicAccountFolderType->puin:2173223560, folder type:0, info accountFlag:16849176, info accountFlag2:6209
03-12 20:09:28.040: W/System.err(21868): java.io.FileNotFoundException: /sys/devices/system/cpu/cpu0/cpufreq/cpuinfo_max_freq: open failed: ENOENT (No such file or directory)
03-12 20:09:28.040: W/System.err(21868):    at libcore.io.IoBridge.open(IoBridge.java:452)
03-12 20:09:28.040: W/System.err(21868):    at java.io.FileInputStream.<init>(FileInputStream.java:76)
03-12 20:09:28.040: W/System.err(21868):    at java.io.FileInputStream.<init>(FileInputStream.java:103)
03-12 20:09:28.040: W/System.err(21868):    at java.io.FileReader.<init>(FileReader.java:66)
03-12 20:09:28.040: W/System.err(21868):    at com.tencent.mobileqq.utils.DeviceInfoUtil.a(ProGuard:312)
03-12 20:09:28.040: W/System.err(21868):    at com.tencent.mobileqq.utils.DeviceInfoUtil.a(ProGuard:297)
03-12 20:09:28.040: W/System.err(21868):    at com.tencent.mobileqq.utils.DeviceInfoUtil.b(ProGuard:284)
03-12 20:09:28.040: W/System.err(21868):    at com.tencent.mobileqq.app.SVIPHandler.b(ProGuard:131)
03-12 20:09:28.040: W/System.err(21868):    at com.tencent.mobileqq.app.automator.step.AfterSyncMsg.d(ProGuard:345)
03-12 20:09:28.040: W/System.err(21868):    at com.tencent.mobileqq.app.automator.step.AfterSyncMsg.a(ProGuard:145)
03-12 20:09:28.041: W/System.err(21868):    at com.tencent.mobileqq.app.automator.AsyncStep.run(ProGuard:50)
03-12 20:09:28.041: W/System.err(21868):    at com.tencent.mobileqq.app.automator.LinearGroup.a(ProGuard:11)
03-12 20:09:28.041: W/System.err(21868):    at com.tencent.mobileqq.app.automator.AsyncStep.run(ProGuard:50)
03-12 20:09:28.041: W/System.err(21868):    at com.tencent.mobileqq.app.automator.Automator.run(ProGuard:114)
03-12 20:09:28.041: W/System.err(21868):    at java.util.concurrent.ThreadPoolExecutor.runWorker(ThreadPoolExecutor.java:1113)
03-12 20:09:28.041: W/System.err(21868):    at java.util.concurrent.ThreadPoolExecutor$Worker.run(ThreadPoolExecutor.java:588)
03-12 20:09:28.041: W/System.err(21868):    at java.lang.Thread.run(Thread.java:818)
03-12 20:09:28.041: W/System.err(21868): Caused by: android.system.ErrnoException: open failed: ENOENT (No such file or directory)
03-12 20:09:28.041: W/System.err(21868):    at libcore.io.Posix.open(Native Method)
03-12 20:09:28.041: W/System.err(21868):    at libcore.io.BlockGuardOs.open(BlockGuardOs.java:186)
03-12 20:09:28.041: W/System.err(21868):    at libcore.io.IoBridge.open(IoBridge.java:438)
03-12 20:09:28.041: W/System.err(21868):    ... 16 more
03-12 20:09:28.041: W/System.err(21868): java.io.FileNotFoundException: /sys/devices/system/cpu/cpu1/cpufreq/cpuinfo_max_freq: open failed: ENOENT (No such file or directory)
03-12 20:09:28.041: W/System.err(21868):    at libcore.io.IoBridge.open(IoBridge.java:452)
03-12 20:09:28.042: W/System.err(21868):    at java.io.FileInputStream.<init>(FileInputStream.java:76)
03-12 20:09:28.042: W/System.err(21868):    at java.io.FileInputStream.<init>(FileInputStream.java:103)
03-12 20:09:28.042: W/System.err(21868):    at java.io.FileReader.<init>(FileReader.java:66)
03-12 20:09:28.042: W/System.err(21868):    at com.tencent.mobileqq.utils.DeviceInfoUtil.a(ProGuard:312)
03-12 20:09:28.042: W/System.err(21868):    at com.tencent.mobileqq.utils.DeviceInfoUtil.a(ProGuard:297)
03-12 20:09:28.042: W/System.err(21868):    at com.tencent.mobileqq.utils.DeviceInfoUtil.b(ProGuard:284)
03-12 20:09:28.042: W/System.err(21868):    at com.tencent.mobileqq.app.SVIPHandler.b(ProGuard:131)
03-12 20:09:28.042: W/System.err(21868):    at com.tencent.mobileqq.app.automator.step.AfterSyncMsg.d(ProGuard:345)
03-12 20:09:28.042: W/System.err(21868):    at com.tencent.mobileqq.app.automator.step.AfterSyncMsg.a(ProGuard:145)
03-12 20:09:28.042: W/System.err(21868):    at com.tencent.mobileqq.app.automator.AsyncStep.run(ProGuard:50)
03-12 20:09:28.042: W/System.err(21868):    at com.tencent.mobileqq.app.automator.LinearGroup.a(ProGuard:11)
03-12 20:09:28.042: W/System.err(21868):    at com.tencent.mobileqq.app.automator.AsyncStep.run(ProGuard:50)
03-12 20:09:28.042: W/System.err(21868):    at com.tencent.mobileqq.app.automator.Automator.run(ProGuard:114)
03-12 20:09:28.042: W/System.err(21868):    at java.util.concurrent.ThreadPoolExecutor.runWorker(ThreadPoolExecutor.java:1113)
03-12 20:09:28.042: W/System.err(21868):    at java.util.concurrent.ThreadPoolExecutor$Worker.run(ThreadPoolExecutor.java:588)
03-12 20:09:28.042: W/System.err(21868):    at java.lang.Thread.run(Thread.java:818)
03-12 20:09:28.042: W/System.err(21868): Caused by: android.system.ErrnoException: open failed: ENOENT (No such file or directory)
03-12 20:09:28.042: W/System.err(21868):    at libcore.io.Posix.open(Native Method)
03-12 20:09:28.042: W/System.err(21868):    at libcore.io.BlockGuardOs.open(BlockGuardOs.java:186)
03-12 20:09:28.042: W/System.err(21868):    at libcore.io.IoBridge.open(IoBridge.java:438)
03-12 20:09:28.042: W/System.err(21868):    ... 16 more
03-12 20:09:28.043: W/System.err(21868): java.io.FileNotFoundException: /sys/devices/system/cpu/cpu2/cpufreq/cpuinfo_max_freq: open failed: ENOENT (No such file or directory)
03-12 20:09:28.043: W/System.err(21868):    at libcore.io.IoBridge.open(IoBridge.java:452)
03-12 20:09:28.043: W/System.err(21868):    at java.io.FileInputStream.<init>(FileInputStream.java:76)
03-12 20:09:28.043: W/System.err(21868):    at java.io.FileInputStream.<init>(FileInputStream.java:103)
03-12 20:09:28.043: W/System.err(21868):    at java.io.FileReader.<init>(FileReader.java:66)
03-12 20:09:28.043: W/System.err(21868):    at com.tencent.mobileqq.utils.DeviceInfoUtil.a(ProGuard:312)
03-12 20:09:28.043: W/System.err(21868):    at com.tencent.mobileqq.utils.DeviceInfoUtil.a(ProGuard:297)
03-12 20:09:28.043: W/System.err(21868):    at com.tencent.mobileqq.utils.DeviceInfoUtil.b(ProGuard:284)
03-12 20:09:28.043: W/System.err(21868):    at com.tencent.mobileqq.app.SVIPHandler.b(ProGuard:131)
03-12 20:09:28.043: W/System.err(21868):    at com.tencent.mobileqq.app.automator.step.AfterSyncMsg.d(ProGuard:345)
03-12 20:09:28.043: W/System.err(21868):    at com.tencent.mobileqq.app.automator.step.AfterSyncMsg.a(ProGuard:145)
03-12 20:09:28.043: W/System.err(21868):    at com.tencent.mobileqq.app.automator.AsyncStep.run(ProGuard:50)
03-12 20:09:28.043: W/System.err(21868):    at com.tencent.mobileqq.app.automator.LinearGroup.a(ProGuard:11)
03-12 20:09:28.043: W/System.err(21868):    at com.tencent.mobileqq.app.automator.AsyncStep.run(ProGuard:50)
03-12 20:09:28.043: W/System.err(21868):    at com.tencent.mobileqq.app.automator.Automator.run(ProGuard:114)
03-12 20:09:28.043: W/System.err(21868):    at java.util.concurrent.ThreadPoolExecutor.runWorker(ThreadPoolExecutor.java:1113)
03-12 20:09:28.043: W/System.err(21868):    at java.util.concurrent.ThreadPoolExecutor$Worker.run(ThreadPoolExecutor.java:588)
03-12 20:09:28.043: W/System.err(21868):    at java.lang.Thread.run(Thread.java:818)
03-12 20:09:28.043: W/System.err(21868): Caused by: android.system.ErrnoException: open failed: ENOENT (No such file or directory)
