03-12 20:08:38.061: I/ActivityManager(1536): Process com.tencent.mobileqq (pid 20123) has died
03-12 20:08:38.061: D/ActivityManager(1536): cleanUpApplicationRecord -- 20123
03-12 20:08:38.064: I/OppoPhoneWindowManager(1536): KeyLockModeReceiver KeyLockMode: 0 ProcessName: com.tencent.mobileqq
03-12 20:08:38.073: D/Tinker.DefaultAppLike(21568): onTrimMemory level:15
03-12 20:08:38.862: W/System.err(21416): java.lang.NoSuchMethodError: No interface method onSpecialSiteDetectedResult(Ljava/util/Set;Ljava/util/Set;)V in class Lcom/tencent/smtt/export/external/extension/interfaces/IX5WebViewClientExtension; or its super classes (declaration of 'com.tencent.smtt.export.external.extension.interfaces.IX5WebViewClientExtension' appears in /data/user/0/com.tencent.mm/tinker/patch-8e1e3675/dex/tinker_classN.apk:classes8.dex)
03-12 20:08:38.862: W/System.err(21416):    at com.tencent.smtt.webkit.WebViewChromiumExtension$2.run(Unknown Source)
03-12 20:08:38.862: W/System.err(21416):    at android.os.Handler.handleCallback(Handler.java:739)
03-12 20:08:38.862: W/System.err(21416):    at android.os.Handler.dispatchMessage(Handler.java:95)
03-12 20:08:38.862: W/System.err(21416):    at android.os.Looper.loop(Looper.java:179)
03-12 20:08:38.862: W/System.err(21416):    at android.app.ActivityThread.main(ActivityThread.java:5769)
03-12 20:08:38.862: W/System.err(21416):    at java.lang.reflect.Method.invoke(Native Method)
03-12 20:08:38.862: W/System.err(21416):    at com.android.internal.os.ZygoteInit$MethodAndArgsCaller.run(ZygoteInit.java:784)
03-12 20:08:38.862: W/System.err(21416):    at com.android.internal.os.ZygoteInit.main(ZygoteInit.java:674)
03-12 20:08:39.027: W/MemoryCheckThre(21501): type=1400 audit(0.0:10147): avc: denied { read } for uid=10097 name="mem" dev="debugfs" ino=18895144 scontext=u:r:untrusted_app:s0:c512,c768 tcontext=u:object_r:debugfs:s0 tclass=file permissive=0
03-12 20:08:39.044: I/chromium(21416): [INFO:CONSOLE(2980)] "WeixinJSBridge exec time", source:  (2980)
03-12 20:08:40.017: W/FloatingWindow-(14092): type=1400 audit(0.0:10148): avc: denied { search } for uid=10406 name="1216" dev="proc" ino=18702404 scontext=u:r:untrusted_app:s0:c512,c768 tcontext=u:r:kernel:s0 tclass=dir permissive=0
03-12 20:08:41.271: W/fb4a.BlueServiceQueue(17416): Exception during service
03-12 20:08:41.271: W/fb4a.BlueServiceQueue(17416): com.facebook.tigon.tigonutils.TigonErrorException: TigonError(2): TigonLigerErrorDomain(3) AsyncSocketException: connect timed out after 29996ms, type = Timed out
03-12 20:08:41.271: W/fb4a.BlueServiceQueue(17416):     at X.21s.onError(:297231)
03-12 20:08:41.271: W/fb4a.BlueServiceQueue(17416):     at com.facebook.tigon.TigonCallbacksIntegerBufferJavaHelper.onError(:297438)
03-12 20:08:41.271: W/fb4a.BlueServiceQueue(17416):     at com.facebook.common.jniexecutors.NativeRunnable.run(Native Method)
03-12 20:08:41.271: W/fb4a.BlueServiceQueue(17416):     at com.facebook.common.jniexecutors.PooledNativeRunnable.run(:70185)
03-12 20:08:41.271: W/fb4a.BlueServiceQueue(17416):     at java.util.concurrent.ThreadPoolExecutor.runWorker(ThreadPoolExecutor.java:1113)
03-12 20:08:41.271: W/fb4a.BlueServiceQueue(17416):     at java.util.concurrent.ThreadPoolExecutor$Worker.run(ThreadPoolExecutor.java:588)
03-12 20:08:41.271: W/fb4a.BlueServiceQueue(17416):     at X.1Is.run(:87592)
03-12 20:08:41.271: W/fb4a.BlueServiceQueue(17416):     at java.lang.Thread.run(Thread.java:818)
03-12 20:08:41.281: E/fb4a.FacebookPushServerRegisterJobImpl(17416): RegisterPushToken register_push failed CONNECTION_FAILURE: CONNECTION_FAILURE
03-12 20:08:41.298: D/libc-netbsd(755): [getaddrinfo]:  hostname=b-api.facebook.com; servname=(null);   app_uid=0; ai_addrlen=0; ai_canonname=(null); ai_flags=1024; ai_family=0 from prox result 11
03-12 20:08:41.299: D/libc-netbsd(755): res_queryN name = b-api.facebook.com succeed
03-12 20:08:41.300: D/libc-netbsd(17416): [getaddrinfo]:  hostname=b-api.facebook.com; servname=(null);   app_uid=10346; ai_addrlen=0; ai_canonname=(null); ai_flags=1024; ai_family=0 from prox result 0
03-12 20:08:41.627: I/ActivityManager(1536): Start proc 21617:com.nearme.gamecenter/u0a47 for service com.nearme.gamecenter/com.oppo.cdo.domain.push.OPushService
03-12 20:08:41.769: I/MultiDex(21617): VM with version 2.1.0 has multidex support
03-12 20:08:41.770: I/MultiDex(21617): Installing application
03-12 20:08:41.770: I/MultiDex(21617): VM has multidex support, MultiDex support library is disabled.
03-12 20:08:41.892: D/UrlProvider(21617): serverType: 0
03-12 20:08:41.961: D/zl_channel(21617): channel: 2201
03-12 20:08:41.963: W/System.err(21617): java.lang.NoSuchMethodException: <init> [class java.lang.Boolean]
03-12 20:08:41.967: W/System.err(21617):    at java.lang.Class.getConstructor(Class.java:528)
03-12 20:08:41.967: W/System.err(21617):    at java.lang.Class.getConstructor(Class.java:492)
03-12 20:08:41.968: W/System.err(21617):    at com.nearme.profile.a.<init>(CpuTracker.java:23)
03-12 20:08:41.968: W/System.err(21617):    at com.nearme.profile.d.ؠ(MainThreadTracker.java:117)
03-12 20:08:41.968: W/System.err(21617):    at com.nearme.profile.d.ؠ(MainThreadTracker.java:18)
03-12 20:08:41.968: W/System.err(21617):    at com.nearme.profile.d$2.handleMessage(MainThreadTracker.java:96)
03-12 20:08:41.968: W/System.err(21617):    at android.os.Handler.dispatchMessage(Handler.java:98)
03-12 20:08:41.968: W/System.err(21617):    at android.os.Looper.loop(Looper.java:179)
03-12 20:08:41.968: W/System.err(21617):    at android.os.HandlerThread.run(HandlerThread.java:61)
03-12 20:08:42.105: W/BASE_INFO(21617): IMEI:864326033351796, InternalFreeSpace:20.46GB, ROM_version:R9s_11_A.29_190124, Model:R9s, SDK_version:6.0.1, App_versioncode:7701, ColorOS_version:V3.0, RAMSize:3.51GB, App_version:7.7.0|record_base_info
03-12 20:08:42.147: I/ActivityManager(1536): Start proc 21643:com.oppo.usercenter/u0a53 for content provider com.oppo.usercenter/.common.db.UserCenterContentProvider
03-12 20:08:42.241: I/MultiDex(21643): VM with version 2.1.0 has multidex support
03-12 20:08:42.242: I/MultiDex(21643): Installing application
03-12 20:08:42.242: I/MultiDex(21643): VM has multidex support, MultiDex support library is disabled.
03-12 20:08:42.250: W/System.err(21617): java.io.IOException: open failed: ENOTDIR (Not a directory)
03-12 20:08:42.251: W/System.err(21617):    at java.io.File.createNewFile(File.java:939)
03-12 20:08:42.252: W/System.err(21617):    at com.nearme.stat.BaseStatManager.setStatPath(BaseStatManager.java:110)
03-12 20:08:42.252: W/System.err(21617):    at com.nearme.platform.stat.StaticCollector.initial(StaticCollector.java:193)
03-12 20:08:42.252: W/System.err(21617):    at com.nearme.platform.PlatformService.֏(PlatformService.java:169)
03-12 20:08:42.252: W/System.err(21617):    at com.nearme.platform.PlatformService.֏(PlatformService.java:144)
03-12 20:08:42.252: W/System.err(21617):    at com.nearme.platform.PlatformService.getServiceComponent(PlatformService.java:75)
03-12 20:08:42.252: W/System.err(21617):    at com.nearme.platform.PlatformService.getStatisticsService(PlatformService.java:197)
03-12 20:08:42.252: W/System.err(21617):    at a.a.a.bad.ؠ(DownloadPluginUtil.java:228)
03-12 20:08:42.252: W/System.err(21617):    at com.nearme.platform.PlatformService.getDownloadManager(PlatformService.java:213)
03-12 20:08:42.252: W/System.err(21617):    at com.oppo.cdo.download.b.ؠ(DownloadProxy.java:184)
03-12 20:08:42.252: W/System.err(21617):    at com.oppo.cdo.download.b.֏(DownloadProxy.java:61)
03-12 20:08:42.252: W/System.err(21617):    at com.oppo.cdo.download.b$6.run(DownloadProxy.java:242)
03-12 20:08:42.252: W/System.err(21617):    at a.a.a.bzj$1.onTask(SyncTask.java:50)
03-12 20:08:42.252: W/System.err(21617):    at com.nearme.transaction.BaseTransaction.run(BaseTransaction.java:132)
03-12 20:08:42.252: W/System.err(21617):    at java.util.concurrent.Executors$RunnableAdapter.call(Executors.java:423)
03-12 20:08:42.252: W/System.err(21617):    at java.util.concurrent.FutureTask.run(FutureTask.java:237)
03-12 20:08:42.252: W/System.err(21617):    at java.util.concurrent.ScheduledThreadPoolExecutor$ScheduledFutureTask.access$201(ScheduledThreadPoolExecutor.java:154)
03-12 20:08:42.252: W/System.err(21617):    at java.util.concurrent.ScheduledThreadPoolExecutor$ScheduledFutureTask.run(ScheduledThreadPoolExecutor.java:269)
03-12 20:08:42.252: W/System.err(21617):    at java.util.concurrent.ThreadPoolExecutor.runWorker(ThreadPoolExecutor.java:1113)
03-12 20:08:42.252: W/System.err(21617):    at java.util.concurrent.ThreadPoolExecutor$Worker.run(ThreadPoolExecutor.java:588)
03-12 20:08:42.252: W/System.err(21617):    at java.lang.Thread.run(Thread.java:818)
03-12 20:08:42.252: W/System.err(21617): Caused by: android.system.ErrnoException: open failed: ENOTDIR (Not a directory)
03-12 20:08:42.252: W/System.err(21617):    at libcore.io.Posix.open(Native Method)
03-12 20:08:42.252: W/System.err(21617):    at libcore.io.BlockGuardOs.open(BlockGuardOs.java:186)
03-12 20:08:42.252: W/System.err(21617):    at java.io.File.createNewFile(File.java:932)
03-12 20:08:42.252: W/System.err(21617):    ... 20 more
03-12 20:08:42.257: W/PlatformService(21617): CokaNew-1|getDownloadManger instance is com.nearme.download.a@1a8d90b
03-12 20:08:42.259: W/InstallAppUtil(21617): CokaNew-1|refreshInstallList
03-12 20:08:42.331: I/ActivityManager(1536): Start proc 21663:com.nearme.gamecenter:dcs/u0a47 for service com.nearme.gamecenter/com.oppo.cdo.domain.statis.service.StaticSetSSoIdService
03-12 20:08:42.332: W/InstallAppUtil(21617): CokaNew-1|addAll
03-12 20:08:42.333: V/LogUtil(21617): release version
03-12 20:08:42.333: W/InstallAppUtil(21617): CokaNew-1|refreshInstallList end
03-12 20:08:42.349: I/RemoteConfig(21617): RemoteConfig init
03-12 20:08:42.353: I/RemoteConfig(21617): RemoteConfig loadLocalConfig: empty
03-12 20:08:42.371: W/httpdns(21617): CokaNew-1|HttpDns::performGslbCmd(1,true,false)
03-12 20:08:42.414: W/FileUtils(21617): Failed to chmod(/storage/emulated/0/.mcs/mcs.db): android.system.ErrnoException: chmod failed: EPERM (Operation not permitted)
03-12 20:08:42.428: I/MultiDex(21663): VM with version 2.1.0 has multidex support
03-12 20:08:42.428: I/MultiDex(21663): Installing application
03-12 20:08:42.428: I/MultiDex(21663): VM has multidex support, MultiDex support library is disabled.
03-12 20:08:42.450: D/SoLoader(21617): init start
03-12 20:08:42.452: D/SoLoader(21617): Preparing SO source: com.facebook.soloader.b[root = /system/lib flags = 2]
03-12 20:08:42.452: D/SoLoader(21617): Preparing SO source: com.facebook.soloader.b[root = /system/vendor/lib flags = 2]
03-12 20:08:42.452: D/SoLoader(21617): Preparing SO source: com.facebook.soloader.b[root = /data/app/com.nearme.gamecenter-1/lib/arm flags = 0]
03-12 20:08:42.452: D/SoLoader(21617): Preparing SO source: com.facebook.soloader.a[root = /data/data/com.nearme.gamecenter/lib-main flags = 1]
03-12 20:08:42.454: V/fb-UnpackingSoSource(21617): locked dso store /data/user/0/com.nearme.gamecenter/lib-main
03-12 20:08:42.456: I/fb-UnpackingSoSource(21617): dso store is up-to-date: /data/user/0/com.nearme.gamecenter/lib-main
03-12 20:08:42.456: V/fb-UnpackingSoSource(21617): releasing dso store lock for /data/user/0/com.nearme.gamecenter/lib-main
03-12 20:08:42.456: D/SoLoader(21617): init finish: 4 SO sources prepared
03-12 20:08:42.459: E/com.coloros.mcssdk---(21617): MCS-->intent is null , please check param of parseIntent()
03-12 20:08:42.462: D/SoLoader(21663): init start
03-12 20:08:42.465: D/SoLoader(21663): Preparing SO source: com.facebook.soloader.b[root = /system/lib flags = 2]
03-12 20:08:42.465: D/SoLoader(21663): Preparing SO source: com.facebook.soloader.b[root = /system/vendor/lib flags = 2]
03-12 20:08:42.465: D/SoLoader(21663): Preparing SO source: com.facebook.soloader.b[root = /data/app/com.nearme.gamecenter-1/lib/arm flags = 0]
03-12 20:08:42.465: D/SoLoader(21663): Preparing SO source: com.facebook.soloader.a[root = /data/data/com.nearme.gamecenter/lib-main flags = 1]
03-12 20:08:42.465: W/Network_Info(21617): wifi
03-12 20:08:42.466: V/fb-UnpackingSoSource(21663): locked dso store /data/user/0/com.nearme.gamecenter/lib-main
03-12 20:08:42.468: I/fb-UnpackingSoSource(21663): dso store is up-to-date: /data/user/0/com.nearme.gamecenter/lib-main
03-12 20:08:42.468: V/fb-UnpackingSoSource(21663): releasing dso store lock for /data/user/0/com.nearme.gamecenter/lib-main
03-12 20:08:42.468: D/SoLoader(21663): init finish: 4 SO sources prepared
03-12 20:08:42.555: I/android.os.Debug(1536): void android::android_os_Debug_getIonOrphaned(long int*): total orphaned         84877312
03-12 20:08:42.555: I/android.os.Debug(1536): void android::android_os_Debug_getIonOrphaned(long int*): ion orphaned 82888
03-12 20:08:42.656: I/System.out(5017): [socket][:56271] exception
03-12 20:08:42.657: I/System.out(5017): [socket] connection android.googleapis.com/216.58.200.234:443;LocalPort=44958(30000)
03-12 20:08:43.635: I/System.out(6344): [socket] connection /106.11.12.92:80;LocalPort=35764(12000)
03-12 20:08:46.614: D/FingerprintHook(1536): onGoToSleep
03-12 20:08:46.614: I/PowerManagerService(1536): Going to sleep due to screen timeout (uid 1000)...
03-12 20:08:46.652: D/PowerManagerService(1536): wakelock list dump: mLocks.size=3:
03-12 20:08:46.652: D/PowerManagerService(1536): No.0: PARTIAL_WAKE_LOCK              '*job*/com.android.vending/com.google.android.finsky.scheduler.JobSchedulerEngine$PhoneskyJobSchedulerJobService'activated(flags=1, uid=1000, pid=1536) total=155265ms)
03-12 20:08:46.652: D/PowerManagerService(1536): No.1: PARTIAL_WAKE_LOCK              '*job*/com.facebook.katana/com.facebook.push.registration.FacebookPushServerFinishNotifiedLollipopService'activated(flags=1, uid=1000, pid=1536) total=35393ms)
03-12 20:08:46.652: D/PowerManagerService(1536): No.2: PARTIAL_WAKE_LOCK              '*job*/com.facebook.katana/com.facebook.push.registration.FacebookPushServerFinishNotifiedLollipopService'activated(flags=1, uid=1000, pid=1536) total=5360ms)
03-12 20:08:46.652: V/KeyguardServiceDelegate(1536): onStartedGoingToSleep() clear mKeyguardState.keyguarddone = false
03-12 20:08:46.652: V/KeyguardServiceDelegate(1536): onStartedGoingToSleep mKeyguardState.interactiveState = 2
03-12 20:08:46.729: D/KeyguardServiceDelegate(1536): loadEnabledListeners --> flat = com.coloros.keyguard.notification/com.coloros.keyguard.notification.KeyguardNotificationListener
03-12 20:08:46.762: D/Kgd.KeyguardUpdateMonitor(8213): isFpSwitchOn = false
03-12 20:08:46.805: I/Launcher.LauncherTraceUtil(2790): writeLauncherStateToFile. The mStateTrace is null!
03-12 20:08:46.826: I/Pict.PictorialService(13913): registerAutoplayCallback: callback = com.coloros.pictorial.service.IAutoplayCallback$Stub$Proxy@9c7b1e, caller.pid = 8213, caller.uid = 10010
03-12 20:08:46.828: I/Pict.PictorialMediator(13913): addAutoplayServiceCallback callback = com.coloros.pictorial.service.IAutoplayCallback$Stub$Proxy@9c7b1e
03-12 20:08:46.832: I/Pict.PictorialService(13913): getAutoplayList,size = 33
03-12 20:08:46.857: I/Kgd.KeyguardPagedView(8213): loadNormalKeyguard, isDefaultKeyguardInSettings is true
03-12 20:08:46.888: D/FingerprintHook(1536): onGoToSleepFinish
03-12 20:08:46.892: V/KeyguardServiceDelegate(1536): onScreenTurnedOff()
03-12 20:08:46.892: V/KeyguardServiceDelegate(1536): onScreenTurnedOff mKeyguardState.screenState = 0
03-12 20:08:46.892: D/OppoExService(1536): OppoExService  dealScreenoffGesture nGesture = 10001  mGestureCallback = null
03-12 20:08:46.893: D/fpc_tac(787): fpc_tee_set_screen_state 0
03-12 20:08:46.910: D/Kgd.AsyncKeyguardUpdateMonitor(8213): handleMessage, msg = { when=-1ms what=402 obj=com.android.keyguard.sliding.StatusView$2@402ef6e target=com.android.keyguard.base.AsyncKeyguardUpdateMonitor$1 }
03-12 20:08:46.910: D/SurfaceControl(1536): Set power mode=0, in nativeSetDisplayPowerMode
03-12 20:08:46.910: D/SurfaceFlinger(506): Set power mode=0, type=0 flinger=0x7f91403c00
03-12 20:08:46.910: I/SDM(506): HWCDisplay::SetPowerMode: display = 0, mode = 0
03-12 20:08:46.913: I/Kgd.KeyguardPagedView(8213): initSecurityKeyguard, mSecurityKeyguard = null
03-12 20:08:46.914: I/DisplayManagerService(1536): Display device changed state: "内置屏幕", OFF
03-12 20:08:46.917: I/SDM(506): DisplayBase::SetDisplayState: Set state = 0, display 0
03-12 20:08:46.920: D/Kgd.StatusView(8213): hasSimInfo, simId = 0, simInfoString = 中国移动4G
03-12 20:08:46.920: D/Kgd.StatusView(8213): hasSimInfo, simId = 1, simInfoString = 无SIM卡
03-12 20:08:46.920: D/Kgd.AsyncKeyguardUpdateMonitor(8213): handleMessage, msg = { when=-11ms what=402 obj=com.android.keyguard.sliding.StatusView$2@402ef6e target=com.android.keyguard.base.AsyncKeyguardUpdateMonitor$1 } end.
03-12 20:08:46.972: D/OppoPhoneGlobals(2739): Action intent recieved:android.intent.action.CLOSE_SYSTEM_DIALOGS
03-12 20:08:46.973: I/RecentsServiceProxy(5953): transact mBound=true, code=1024
03-12 20:08:46.977: D/TelephonyManager(5953): getDataEnabled: retVal=false
03-12 20:08:46.977: E/HomeEventObserver(21568): processFlag: tools, [main:1] f.onReceive(84): action: android.intent.action.CLOSE_SYSTEM_DIALOGS,reason: lock
03-12 20:08:46.977: E/HomeEventObserver(13342): processFlag: daemon, [main:1] f.onReceive(84): action: android.intent.action.CLOSE_SYSTEM_DIALOGS,reason: lock
03-12 20:08:46.977: E/HomeEventObserver(19090): processFlag: market, [main:1] f.onReceive(84): action: android.intent.action.CLOSE_SYSTEM_DIALOGS,reason: lock
03-12 20:08:47.007: I/Pict.NetworkTask(13913): startPredownloadTask, config = com.coloros.pictorial.network.NetworkTask$NetworkTaskConfig@757bfff, mTriggerSource = SERVER_TIME_PREDOWNLOAD, mAllowAllNetwork = false, mIsAuditMode = false, mIsTestMode = false
03-12 20:08:47.015: V/OppoAppStartupManager(1536): intent == null || callerApp == null
03-12 20:08:47.021: I/Pict.LocalVersionManager(13913): readLastUpdateTimeStamp, timeMillis = 1552381986000, format = 20190312 17:13:06
03-12 20:08:47.022: I/Pict.LocalVersionManager(13913): writeLastUpdateTimeStamp, date = 20190312 20:08:47
03-12 20:08:47.038: I/Pict.HttpClientHelper(13913): execute, method = GET, httpUrl = https://imagzine.oppomobile.com/api/pre_download/package_list?ts=server_time
03-12 20:08:47.039: I/DpmTcmClient(13913): RegisterTcmMonitor from: com.android.okhttp.TcmIdleTimerMonitor
03-12 20:08:47.056: D/libc-netbsd(755): [getaddrinfo]:  hostname=imagzine.oppomobile.com; servname=(null);   app_uid=0; ai_addrlen=0; ai_canonname=(null); ai_flags=1024; ai_family=0 from prox result 11
03-12 20:08:47.059: D/libc-netbsd(755): res_queryN name = imagzine.oppomobile.com succeed
03-12 20:08:47.060: D/libc-netbsd(13913): [getaddrinfo]:  hostname=imagzine.oppomobile.com; servname=(null);   app_uid=10072; ai_addrlen=0; ai_canonname=(null); ai_flags=1024; ai_family=0 from prox result 0
03-12 20:08:47.061: I/System.out(13913): [socket] connection imagzine.oppomobile.com/223.202.200.137:443;LocalPort=48587(30000)
03-12 20:08:47.131: D/SurfaceFlinger(506): Set power mode=0, type=0 done
03-12 20:08:47.131: I/Dpps(571): ProcessAbaEvents():473 Already in suspend state return
03-12 20:08:47.131: D/SurfaceControl(1536): Set power mode=0, out nativeSetDisplayPowerMode
03-12 20:08:47.132: I/QTI PowerHAL(1536): Got set_interactive hint
03-12 20:08:47.133: E/QCOM PowerHAL(1536): Error opening sys/devices/system/cpu/cpu0/cpufreq/scaling_governor: No such file or directory
03-12 20:08:47.133: E/QCOM PowerHAL(1536): Error opening sys/devices/system/cpu/cpu1/cpufreq/scaling_governor: No such file or directory
03-12 20:08:47.133: E/QCOM PowerHAL(1536): Error opening sys/devices/system/cpu/cpu2/cpufreq/scaling_governor: No such file or directory
03-12 20:08:47.133: E/QCOM PowerHAL(1536): Error opening sys/devices/system/cpu/cpu3/cpufreq/scaling_governor: No such file or directory
03-12 20:08:47.133: E/QTI PowerHAL(1536): Can't obtain scaling governor.
03-12 20:08:47.135: I/PowerManagerService(1536): Sleeping (uid 1000)...
03-12 20:08:47.135: V/WindowManager(1536): Changing focus from Window{3090ba5 u0 com.oppo.launcher/com.oppo.launcher.Launcher} to Window{d50d0c7 u0 Keyguard} Callers=com.android.server.wm.WindowManagerService.relayoutWindow:3805 com.android.server.wm.Session.relayout:217 android.view.IWindowSession$Stub.onTransact:284 com.android.server.wm.Session.onTransact:143
03-12 20:08:47.138: V/KeyguardServiceDelegate(1536): onFinishedGoingToSleep mKeyguardState.interactiveState = 0
03-12 20:08:47.142: I/Adreno(8213): QUALCOMM build                   : 0a679f1, Icb4b19cf1b
03-12 20:08:47.142: I/Adreno(8213): Build Date                       : 03/06/17
03-12 20:08:47.142: I/Adreno(8213): OpenGL ES Shader Compiler Version: XE031.08.00.00
03-12 20:08:47.142: I/Adreno(8213): Local Branch                     :
03-12 20:08:47.142: I/Adreno(8213): Remote Branch                    : refs/tags/AU_LINUX_ANDROID_LA.UM.5.3.C4.06.00.01.272.032
03-12 20:08:47.142: I/Adreno(8213): Remote Branch                    : NONE
03-12 20:08:47.142: I/Adreno(8213): Reconstruct Branch               : NOTHING
03-12 20:08:47.146: I/OppoSafeDbReader(1536): mUserAllowPkgSize: 5
03-12 20:08:47.147: D/AudioFlinger(760): getActiveAudioPids pids =
03-12 20:08:47.149: D/OppoBroadcastManager(1536): skip broadcast for pkg:com.facebook.katana, action:android.intent.action.SCREEN_OFF , app:ProcessRecord{5907910 17416:com.facebook.katana/u0a346}
03-12 20:08:47.150: I/OpenGLRenderer(8213): Initialized EGL, version 1.4
03-12 20:08:47.151: I/BatteryService(1536): android.intent.action.SCREEN_OFF received
03-12 20:08:47.162: I/RecentsServiceProxy(5953): transact mBound=true, code=1024
03-12 20:08:47.166: D/AudioFlinger(760): getActiveAudioPids pids =
03-12 20:08:47.186: I/Pict.PictorialService(13913): registerOnlineCallback: callback = com.coloros.pictorial.service.IOnlineCallback$Stub$Proxy@b16a1cc, caller.pid = 8213, caller.uid = 10010
03-12 20:08:47.186: I/Pict.PictorialMediator(13913): addOnlineServiceCallback callback = com.coloros.pictorial.service.IOnlineCallback$Stub$Proxy@b16a1cc
03-12 20:08:47.187: D/WifiStateMachine(1536): handleScreenStateChanged: false
03-12 20:08:47.190: D/AudioFlinger(760): setParameters() +++ io 0, keyvalue screen_state=off, calling pid 1536
03-12 20:08:47.190: V/SRS_Proc(760): ParamSet string: screen_state=off
03-12 20:08:47.190: D/audio_hw_primary(760): adev_set_parameters: enter: screen_state=off
03-12 20:08:47.192: D/audio_hw_extn(760): audio_extn_set_anc_parameters: anc_enabled:0
03-12 20:08:47.192: D/audio_hw_spkr_prot(760): audio_extn_fbsp_set_parameters: Speaker protection disabled
03-12 20:08:47.193: E/bt_a2dp_hw(760): adev_set_parameters: ERROR: set param called even when stream out is null
03-12 20:08:47.193: I/Pict.PictorialService(13913): checkOnlineAllList
03-12 20:08:47.195: E/native(1536): do suspend true
03-12 20:08:47.204: D/Pict.ad.AdList(13913): getCachedAdInfos, return null
03-12 20:08:47.227: D/Kgd.KeyguardWallpaperContainer(8213): setWallpaper checkpoint 1
03-12 20:08:47.260: D/ColorServicesMonitor(5248): start OppoAutoClearService in 3 minutes  317647710/317647713
03-12 20:08:47.266: D/ColorAppServicesManagerClient(5314): getAction = android.intent.action.SCREEN_OFF
03-12 20:08:47.266: D/Kgd.KeyguardWallpaperContainer(8213): setWallpaper checkpoint 2
03-12 20:08:47.267: D/ActivityManager(1536): bringUpService for proc:com.coloros.safecenter, isolated:false
03-12 20:08:47.270: D/ColorAppServicesManagerClient(5314): isInAutoScanTencentTime = false, isAutoScanTencentOpen = true
03-12 20:08:47.315: I/Choreographer(5352): frameHandleService pause to monitor
03-12 20:08:47.321: I/OppoSafeDbReader(1536): mUserAllowPkgSize: 5
03-12 20:08:47.321: D/AudioFlinger(760): getActiveAudioPids pids =
03-12 20:08:47.323: D/OppoBroadcastManager(1536): skip broadcast for pkg:com.eg.android.AlipayGphone, action:android.intent.action.SCREEN_OFF , app:ProcessRecord{13d1c2c 28463:com.eg.android.AlipayGphone/u0a590}
03-12 20:08:47.325: I/OppoSafeDbReader(1536): mUserAllowPkgSize: 5
03-12 20:08:47.326: D/AudioFlinger(760): getActiveAudioPids pids =
03-12 20:08:47.327: D/OppoBroadcastManager(1536): skip broadcast for pkg:com.eg.android.AlipayGphone, action:android.intent.action.SCREEN_OFF , app:ProcessRecord{13d1c2c 28463:com.eg.android.AlipayGphone/u0a590}
03-12 20:08:47.328: I/OppoSafeDbReader(1536): mUserAllowPkgSize: 5
03-12 20:08:47.328: D/AudioFlinger(760): getActiveAudioPids pids =
03-12 20:08:47.330: D/OppoBroadcastManager(1536): skip broadcast for pkg:com.eg.android.AlipayGphone, action:android.intent.action.SCREEN_OFF , app:ProcessRecord{13d1c2c 28463:com.eg.android.AlipayGphone/u0a590}
03-12 20:08:47.330: I/OppoSafeDbReader(1536): mUserAllowPkgSize: 5
03-12 20:08:47.331: D/AudioFlinger(760): getActiveAudioPids pids =
03-12 20:08:47.333: D/OppoBroadcastManager(1536): skip broadcast for pkg:com.eg.android.AlipayGphone, action:android.intent.action.SCREEN_OFF , app:ProcessRecord{13d1c2c 28463:com.eg.android.AlipayGphone/u0a590}
03-12 20:08:47.333: I/OppoSafeDbReader(1536): mUserAllowPkgSize: 5
03-12 20:08:47.333: D/AudioFlinger(760): getActiveAudioPids pids =
03-12 20:08:47.335: D/OppoBroadcastManager(1536): skip broadcast for pkg:com.eg.android.AlipayGphone, action:android.intent.action.SCREEN_OFF , app:ProcessRecord{13d1c2c 28463:com.eg.android.AlipayGphone/u0a590}
03-12 20:08:47.335: I/OppoSafeDbReader(1536): mUserAllowPkgSize: 5
03-12 20:08:47.336: D/AudioFlinger(760): getActiveAudioPids pids =
03-12 20:08:47.338: D/OppoBroadcastManager(1536): skip broadcast for pkg:com.eg.android.AlipayGphone, action:android.intent.action.SCREEN_OFF , app:ProcessRecord{13d1c2c 28463:com.eg.android.AlipayGphone/u0a590}
03-12 20:08:47.338: I/OppoSafeDbReader(1536): mUserAllowPkgSize: 5
03-12 20:08:47.339: D/AudioFlinger(760): getActiveAudioPids pids =
03-12 20:08:47.341: D/OppoBroadcastManager(1536): skip broadcast for pkg:com.eg.android.AlipayGphone, action:android.intent.action.SCREEN_OFF , app:ProcessRecord{d01f7a3 29661:com.eg.android.AlipayGphone:push/u0a590}
03-12 20:08:47.363: I/OppoSafeDbReader(1536): mUserAllowPkgSize: 5
03-12 20:08:47.363: D/AudioFlinger(760): getActiveAudioPids pids =
03-12 20:08:47.365: D/OppoBroadcastManager(1536): skip broadcast for pkg:com.google.android.gms, action:android.intent.action.SCREEN_OFF , app:ProcessRecord{ce5b0e1 5017:com.google.android.gms.persistent/u0a114}
03-12 20:08:47.367: I/OppoSafeDbReader(1536): mUserAllowPkgSize: 5
03-12 20:08:47.367: D/AudioFlinger(760): getActiveAudioPids pids =
03-12 20:08:47.370: D/OppoBroadcastManager(1536): skip broadcast for pkg:com.google.android.gms, action:android.intent.action.SCREEN_OFF , app:ProcessRecord{ce5b0e1 5017:com.google.android.gms.persistent/u0a114}
03-12 20:08:47.370: I/OppoSafeDbReader(1536): mUserAllowPkgSize: 5
03-12 20:08:47.370: D/AudioFlinger(760): getActiveAudioPids pids =
03-12 20:08:47.372: D/OppoBroadcastManager(1536): skip broadcast for pkg:com.google.android.gms, action:android.intent.action.SCREEN_OFF , app:ProcessRecord{ce5b0e1 5017:com.google.android.gms.persistent/u0a114}
03-12 20:08:47.372: I/OppoSafeDbReader(1536): mUserAllowPkgSize: 5
03-12 20:08:47.373: D/AudioFlinger(760): getActiveAudioPids pids =
03-12 20:08:47.375: D/OppoBroadcastManager(1536): skip broadcast for pkg:com.google.android.gms, action:android.intent.action.SCREEN_OFF , app:ProcessRecord{ce5b0e1 5017:com.google.android.gms.persistent/u0a114}
03-12 20:08:47.375: I/OppoSafeDbReader(1536): mUserAllowPkgSize: 5
03-12 20:08:47.375: D/AudioFlinger(760): getActiveAudioPids pids =
03-12 20:08:47.377: D/OppoBroadcastManager(1536): skip broadcast for pkg:com.google.android.gms, action:android.intent.action.SCREEN_OFF , app:ProcessRecord{ce5b0e1 5017:com.google.android.gms.persistent/u0a114}
03-12 20:08:47.381: I/Pict.HttpClientHelper(13913): execute, use traffic = 2175 Bytes
03-12 20:08:47.381: D/Pict.NetworkTask(13913): recordNextUpdateTime, nextOffsetTime is -1 out of (0, 10800 ), just return
03-12 20:08:47.383: W/RecentTasks_RecentsActivity(6011): dismissRecentsToHome but recent is not top most
03-12 20:08:47.383: I/OppoSafeDbReader(1536): mUserAllowPkgSize: 5
03-12 20:08:47.383: D/AudioFlinger(760): getActiveAudioPids pids =
03-12 20:08:47.386: D/OppoBroadcastManager(1536): skip broadcast for pkg:cn.ninegame.gamemanager, action:android.intent.action.SCREEN_OFF , app:ProcessRecord{bb2333 10084:cn.ninegame.gamemanager:core/u0a426}
03-12 20:08:47.388: I/OppoSafeDbReader(1536): mUserAllowPkgSize: 5
03-12 20:08:47.388: D/AudioFlinger(760): getActiveAudioPids pids =
03-12 20:08:47.389: I/Pict.PictorialMediator(13913): needUserConfirm, not need show confirm dialog, just download...
03-12 20:08:47.389: I/Pict.LocalVersionManager(13913): clearNewVersionRecord
03-12 20:08:47.391: D/OppoBroadcastManager(1536): skip broadcast for pkg:com.eg.android.AlipayGphone, action:android.intent.action.SCREEN_OFF , app:ProcessRecord{13d1c2c 28463:com.eg.android.AlipayGphone/u0a590}
03-12 20:08:47.391: I/OppoSafeDbReader(1536): mUserAllowPkgSize: 5
03-12 20:08:47.392: D/AudioFlinger(760): getActiveAudioPids pids =
03-12 20:08:47.394: D/OppoBroadcastManager(1536): skip broadcast for pkg:com.eg.android.AlipayGphone, action:android.intent.action.SCREEN_OFF , app:ProcessRecord{13d1c2c 28463:com.eg.android.AlipayGphone/u0a590}
03-12 20:08:47.394: I/OppoSafeDbReader(1536): mUserAllowPkgSize: 5
03-12 20:08:47.395: D/AudioFlinger(760): getActiveAudioPids pids =
03-12 20:08:47.397: D/OppoBroadcastManager(1536): skip broadcast for pkg:com.eg.android.AlipayGphone, action:android.intent.action.SCREEN_OFF , app:ProcessRecord{13d1c2c 28463:com.eg.android.AlipayGphone/u0a590}
03-12 20:08:47.397: I/OppoSafeDbReader(1536): mUserAllowPkgSize: 5
03-12 20:08:47.397: D/AudioFlinger(760): getActiveAudioPids pids =
03-12 20:08:47.398: I/Pict.NetworkTask(13913): generatePackageDetailRequests, find new version, add = PackageDetailRequestItem{date=20190313, packageIds=[1, 2, 3]}
03-12 20:08:47.399: D/OppoBroadcastManager(1536): skip broadcast for pkg:com.eg.android.AlipayGphone, action:android.intent.action.SCREEN_OFF , app:ProcessRecord{13d1c2c 28463:com.eg.android.AlipayGphone/u0a590}
03-12 20:08:47.400: I/OppoSafeDbReader(1536): mUserAllowPkgSize: 5
03-12 20:08:47.400: D/AudioFlinger(760): getActiveAudioPids pids =
03-12 20:08:47.402: D/OppoBroadcastManager(1536): skip broadcast for pkg:com.eg.android.AlipayGphone, action:android.intent.action.SCREEN_OFF , app:ProcessRecord{13d1c2c 28463:com.eg.android.AlipayGphone/u0a590}
03-12 20:08:47.403: I/OppoSafeDbReader(1536): mUserAllowPkgSize: 5
03-12 20:08:47.403: D/AudioFlinger(760): getActiveAudioPids pids =
03-12 20:08:47.405: D/OppoBroadcastManager(1536): skip broadcast for pkg:com.eg.android.AlipayGphone, action:android.intent.action.SCREEN_OFF , app:ProcessRecord{13d1c2c 28463:com.eg.android.AlipayGphone/u0a590}
03-12 20:08:47.405: I/OppoSafeDbReader(1536): mUserAllowPkgSize: 5
03-12 20:08:47.406: D/AudioFlinger(760): getActiveAudioPids pids =
03-12 20:08:47.407: D/OppoBroadcastManager(1536): skip broadcast for pkg:cn.ninegame.gamemanager, action:android.intent.action.SCREEN_OFF , app:ProcessRecord{f5e840a 6344:cn.ninegame.gamemanager/u0a426}
03-12 20:08:47.408: I/OppoSafeDbReader(1536): mUserAllowPkgSize: 5
03-12 20:08:47.408: D/AudioFlinger(760): getActiveAudioPids pids =
03-12 20:08:47.410: I/Pict.HttpClientHelper(13913): execute, method = POST, httpUrl = https://imagzine.oppomobile.com/api/pre_download/package_detail?ts=server_time
03-12 20:08:47.410: D/OppoBroadcastManager(1536): skip broadcast for pkg:com.tencent.android.qqdownloader, action:android.intent.action.SCREEN_OFF , app:ProcessRecord{cfaafaf 13342:com.tencent.android.qqdownloader:daemon/u0a406}
03-12 20:08:47.410: I/OppoSafeDbReader(1536): mUserAllowPkgSize: 5
03-12 20:08:47.411: D/AudioFlinger(760): getActiveAudioPids pids =
03-12 20:08:47.413: D/OppoBroadcastManager(1536): skip broadcast for pkg:com.tencent.android.qqdownloader, action:android.intent.action.SCREEN_OFF , app:ProcessRecord{cfaafaf 13342:com.tencent.android.qqdownloader:daemon/u0a406}
03-12 20:08:47.413: I/OppoSafeDbReader(1536): mUserAllowPkgSize: 5
03-12 20:08:47.414: D/AudioFlinger(760): getActiveAudioPids pids =
03-12 20:08:47.416: D/OppoBroadcastManager(1536): skip broadcast for pkg:com.tencent.android.qqdownloader, action:android.intent.action.SCREEN_OFF , app:ProcessRecord{cfaafaf 13342:com.tencent.android.qqdownloader:daemon/u0a406}
03-12 20:08:47.416: I/OppoSafeDbReader(1536): mUserAllowPkgSize: 5
03-12 20:08:47.417: D/AudioFlinger(760): getActiveAudioPids pids =
03-12 20:08:47.419: D/OppoBroadcastManager(1536): skip broadcast for pkg:com.android.vending, action:android.intent.action.SCREEN_OFF , app:ProcessRecord{64c225a 14065:com.android.vending/u0a117}
03-12 20:08:47.419: I/OppoSafeDbReader(1536): mUserAllowPkgSize: 5
03-12 20:08:47.420: D/AudioFlinger(760): getActiveAudioPids pids =
03-12 20:08:47.421: D/OppoBroadcastManager(1536): skip broadcast for pkg:com.tencent.android.qqdownloader, action:android.intent.action.SCREEN_OFF , app:ProcessRecord{1c3d1d9 19090:com.tencent.android.qqdownloader/u0a406}
03-12 20:08:47.421: I/OppoSafeDbReader(1536): mUserAllowPkgSize: 5
03-12 20:08:47.426: I/OppoSafeDbReader(1536): mUserAllowPkgSize: 5
03-12 20:08:47.431: I/OppoSafeDbReader(1536): mUserAllowPkgSize: 5
03-12 20:08:47.433: I/OppoSafeDbReader(1536): mUserAllowPkgSize: 5
03-12 20:08:47.435: I/OppoSafeDbReader(1536): mUserAllowPkgSize: 5
03-12 20:08:47.444: I/OppoSafeDbReader(1536): mUserAllowPkgSize: 5
03-12 20:08:47.445: I/OppoSafeDbReader(1536): mUserAllowPkgSize: 5
03-12 20:08:47.512: I/Pict.HttpClientHelper(13913): execute, use traffic = 31739 Bytes
03-12 20:08:47.540: D/Pict.DownloadWorker(13913): isPreDownloading, sCopyingCache.is empty!
03-12 20:08:47.540: D/Pict.DownloadWorker(13913): isPreDownloading, sCopyingCache.is empty!
03-12 20:08:47.549: D/Pict.DownloadWorker(13913): isPreDownloading, sCopyingCache.is empty!
03-12 20:08:47.549: D/Pict.DownloadWorker(13913): isPreDownloading, sCopyingCache.is empty!
03-12 20:08:47.559: D/Pict.DownloadWorker(13913): isPreDownloading, sCopyingCache.is empty!
03-12 20:08:47.559: D/Pict.DownloadWorker(13913): isPreDownloading, sCopyingCache.is empty!
03-12 20:08:47.563: W/NetworkStats(1536): replaceValues update tun0 xt, and index is 5
03-12 20:08:47.563: W/NetworkStats(1536): replaceValues update rmnet_data0 xt, and index is 4
03-12 20:08:47.563: W/NetworkStats(1536): replaceValues update rmnet_data6 xt, and index is 3
03-12 20:08:47.563: W/NetworkStats(1536): replaceValues update wlan0 xt, and index is 2
03-12 20:08:47.563: W/NetworkStats(1536): replaceValues update dummy0 xt, and index is 0
03-12 20:08:47.564: W/NetworkStats(1536): replaceValues update rmnet_data7 xt, and index is 1
03-12 20:08:47.565: I/TetherStatsReporting(1536): getTetherStats() called Log not enable.
03-12 20:08:47.565: I/TetherStatsReporting(1536): combining tether stats
03-12 20:08:47.569: D/QtiTetherService/IpaWrapper(2724): getStats(false)
03-12 20:08:47.730: D/Pict.PictorialDataManager(13913): updateAutoplayInfoByThread, autoplayInfos.size = 33
03-12 20:08:47.963: I/art(1536): Background sticky concurrent mark sweep GC freed 164521(13MB) AllocSpace objects, 5(100KB) LOS objects, 9% free, 105MB/116MB, paused 7.199ms total 104.707ms
03-12 20:08:47.995: I/Pict.PictorialDataManager(13913): checkPredownloadByThread, predownload request size = 64
03-12 20:08:47.995: I/Pict.LocalVersionManager(13913): readLastPreDownloadTimeStamp, timeMillis = 1552381987000, format = 20190312 17:13:07
03-12 20:08:48.000: I/Pict.LocalVersionManager(13913): writeLastPreDownloadTimeStamp, date = 20190312 20:08:47
03-12 20:08:48.004: D/Pict.DownloadWorker(13913): isPreDownloading, sCopyingCache.is empty!
03-12 20:08:48.005: I/Pict.PictorialMediator(13913): needUserConfirm, not need show confirm dialog, just download...
03-12 20:08:48.006: I/Pict.PictorialMediator(13913): handlePredownloadRequests, refreshType = -1
03-12 20:08:48.041: I/ActivityManager(1536): Start proc 21737:com.android.providers.downloads/u0a7 for content provider com.android.providers.downloads/.DownloadProvider
03-12 20:08:48.076: W/System(21737): ClassLoader referenced unknown path: /system/priv-app/DownloadProvider/lib/arm64
03-12 20:08:48.458: D/OppoUsbEnvironmentSys(21737): getVolumes: mInternalSdDir/storage/emulated/0
03-12 20:08:48.460: D/OppoUsbEnvironmentSys(21737): update: registerReceiver mVolumeStateReceiver
03-12 20:08:48.575: I/DpmTcmClient(21737): RegisterTcmMonitor from: com.android.okhttp.TcmIdleTimerMonitor
03-12 20:08:48.596: I/System.out(21737): Not need to boost!
03-12 20:08:48.609: D/libc-netbsd(755): [getaddrinfo]:  hostname=magzinefs6.nearme.com.cn; servname=(null);   app_uid=0; ai_addrlen=0; ai_canonname=(null); ai_flags=1024; ai_family=0 from prox result 11
03-12 20:08:48.613: D/libc-netbsd(755): res_queryN name = magzinefs6.nearme.com.cn succeed
03-12 20:08:48.616: D/libc-netbsd(21737): [getaddrinfo]:  hostname=magzinefs6.nearme.com.cn; servname=(null);   app_uid=10007; ai_addrlen=0; ai_canonname=(null); ai_flags=1024; ai_family=0 from prox result 0
03-12 20:08:48.618: I/System.out(21737): [socket] connection magzinefs6.nearme.com.cn/119.147.227.229:80;LocalPort=51336(20000)
03-12 20:08:48.773: W/NetworkStats(1536): replaceValues update tun0 xt, and index is 5
03-12 20:08:48.773: W/NetworkStats(1536): replaceValues update rmnet_data0 xt, and index is 4
03-12 20:08:48.773: W/NetworkStats(1536): replaceValues update rmnet_data6 xt, and index is 3
03-12 20:08:48.773: W/NetworkStats(1536): replaceValues update wlan0 xt, and index is 2
03-12 20:08:48.773: W/NetworkStats(1536): replaceValues update dummy0 xt, and index is 0
03-12 20:08:48.773: W/NetworkStats(1536): replaceValues update rmnet_data7 xt, and index is 1
03-12 20:08:48.773: I/TetherStatsReporting(1536): getTetherStats() called Log not enable.
03-12 20:08:48.773: I/TetherStatsReporting(1536): combining tether stats
03-12 20:08:48.774: D/QtiTetherService/IpaWrapper(2724): getStats(false)
03-12 20:08:48.784: D/NetworkStats(1536): begin setGlobalAlert
03-12 20:08:48.786: D/NetworkStats(1536): after setGlobalAlert
03-12 20:08:49.171: I/System.out(21737): [socket] connection magzinefs6.nearme.com.cn/119.147.227.229:80;LocalPort=36401(20000)
03-12 20:08:49.185: I/System.out(21737): [socket] connection magzinefs6.nearme.com.cn/119.147.227.229:80;LocalPort=57578(20000)
03-12 20:08:49.243: I/MediaProvider(4905): updateStoragePaths, mExternalStoragePaths=[/storage/emulated/0]
03-12 20:08:49.493: E/MediaTraceUtil(4905): writeTraceToFile trace is null or size is 0.so return
03-12 20:08:49.495: I/MediaProvider(4905): updateStoragePaths, mExternalStoragePaths=[/storage/emulated/0]
03-12 20:08:49.583: E/MediaTraceUtil(4905): writeTraceToFile trace is null or size is 0.so return
03-12 20:08:49.713: I/System.out(21737): [socket] connection magzinefs6.nearme.com.cn/119.147.227.229:80;LocalPort=58218(20000)
03-12 20:08:49.743: I/MediaProvider(4905): updateStoragePaths, mExternalStoragePaths=[/storage/emulated/0]
03-12 20:08:49.756: D/libc-netbsd(755): [getaddrinfo]:  hostname=magzinefs5.nearme.com.cn; servname=(null);   app_uid=0; ai_addrlen=0; ai_canonname=(null); ai_flags=1024; ai_family=0 from prox result 11
03-12 20:08:49.775: D/libc-netbsd(755): res_queryN name = magzinefs5.nearme.com.cn succeed
03-12 20:08:49.778: D/libc-netbsd(21737): [getaddrinfo]:  hostname=magzinefs5.nearme.com.cn; servname=(null);   app_uid=10007; ai_addrlen=0; ai_canonname=(null); ai_flags=1024; ai_family=0 from prox result 0
03-12 20:08:49.778: I/System.out(21737): [socket] connection magzinefs5.nearme.com.cn/113.96.98.74:80;LocalPort=50052(20000)
03-12 20:08:49.806: E/MediaTraceUtil(4905): writeTraceToFile trace is null or size is 0.so return
03-12 20:08:49.807: I/MediaProvider(4905): updateStoragePaths, mExternalStoragePaths=[/storage/emulated/0]
03-12 20:08:49.856: E/MediaTraceUtil(4905): writeTraceToFile trace is null or size is 0.so return
03-12 20:08:49.923: I/art(1536): Background sticky concurrent mark sweep GC freed 203430(9MB) AllocSpace objects, 0(0B) LOS objects, 7% free, 107MB/116MB, paused 3.857ms total 101.715ms
03-12 20:08:49.982: I/MediaProvider(4905): updateStoragePaths, mExternalStoragePaths=[/storage/emulated/0]
03-12 20:08:49.990: D/libc-netbsd(755): [getaddrinfo]:  hostname=magzinefs4.nearme.com.cn; servname=(null);   app_uid=0; ai_addrlen=0; ai_canonname=(null); ai_flags=1024; ai_family=0 from prox result 11
03-12 20:08:49.994: D/libc-netbsd(755): res_queryN name = magzinefs4.nearme.com.cn succeed
03-12 20:08:49.996: D/libc-netbsd(21737): [getaddrinfo]:  hostname=magzinefs4.nearme.com.cn; servname=(null);   app_uid=10007; ai_addrlen=0; ai_canonname=(null); ai_flags=1024; ai_family=0 from prox result 0
03-12 20:08:49.997: I/System.out(21737): [socket] connection magzinefs4.nearme.com.cn/119.147.227.140:80;LocalPort=38853(20000)
03-12 20:08:50.025: E/MediaTraceUtil(4905): writeTraceToFile trace is null or size is 0.so return
03-12 20:08:50.256: I/System.out(21737): [socket] connection magzinefs6.nearme.com.cn/119.147.227.229:80;LocalPort=56079(20000)
03-12 20:08:50.257: I/MediaProvider(4905): updateStoragePaths, mExternalStoragePaths=[/storage/emulated/0]
03-12 20:08:50.279: I/System.out(21737): [socket] connection magzinefs6.nearme.com.cn/119.147.227.229:80;LocalPort=37798(20000)
03-12 20:08:50.313: E/MediaTraceUtil(4905): writeTraceToFile trace is null or size is 0.so return
03-12 20:08:50.315: I/MediaProvider(4905): updateStoragePaths, mExternalStoragePaths=[/storage/emulated/0]
03-12 20:08:50.381: E/MediaTraceUtil(4905): writeTraceToFile trace is null or size is 0.so return
03-12 20:08:50.518: I/MediaProvider(4905): updateStoragePaths, mExternalStoragePaths=[/storage/emulated/0]
03-12 20:08:50.583: E/MediaTraceUtil(4905): writeTraceToFile trace is null or size is 0.so return
03-12 20:08:50.822: I/MediaProvider(4905): updateStoragePaths, mExternalStoragePaths=[/storage/emulated/0]
03-12 20:08:50.824: D/libc-netbsd(755): [getaddrinfo]:  hostname=magzinefs8.nearme.com.cn; servname=(null);   app_uid=0; ai_addrlen=0; ai_canonname=(null); ai_flags=1024; ai_family=0 from prox result 11
03-12 20:08:50.823: D/libc-netbsd(755): [getaddrinfo]:  hostname=magzinefs7.nearme.com.cn; servname=(null);   app_uid=0; ai_addrlen=0; ai_canonname=(null); ai_flags=1024; ai_family=0 from prox result 11
03-12 20:08:50.829: D/libc-netbsd(755): res_queryN name = magzinefs8.nearme.com.cn succeed
03-12 20:08:50.832: D/libc-netbsd(21737): [getaddrinfo]:  hostname=magzinefs8.nearme.com.cn; servname=(null);   app_uid=10007; ai_addrlen=0; ai_canonname=(null); ai_flags=1024; ai_family=0 from prox result 0
03-12 20:08:50.833: I/System.out(21737): [socket] connection magzinefs8.nearme.com.cn/113.105.165.172:80;LocalPort=50353(20000)
03-12 20:08:50.841: D/libc-netbsd(755): res_queryN name = magzinefs7.nearme.com.cn succeed
03-12 20:08:50.844: D/libc-netbsd(21737): [getaddrinfo]:  hostname=magzinefs7.nearme.com.cn; servname=(null);   app_uid=10007; ai_addrlen=0; ai_canonname=(null); ai_flags=1024; ai_family=0 from prox result 0
03-12 20:08:50.845: I/System.out(21737): [socket] connection magzinefs7.nearme.com.cn/113.96.83.117:80;LocalPort=33574(20000)
03-12 20:08:50.878: E/MediaTraceUtil(4905): writeTraceToFile trace is null or size is 0.so return
03-12 20:08:50.995: W/NetworkStats(1536): replaceValues update tun0 xt, and index is 5
03-12 20:08:50.995: W/NetworkStats(1536): replaceValues update rmnet_data0 xt, and index is 4
03-12 20:08:50.995: W/NetworkStats(1536): replaceValues update rmnet_data6 xt, and index is 3
03-12 20:08:50.995: W/NetworkStats(1536): replaceValues update wlan0 xt, and index is 2
03-12 20:08:50.995: W/NetworkStats(1536): replaceValues update dummy0 xt, and index is 0
03-12 20:08:50.995: W/NetworkStats(1536): replaceValues update rmnet_data7 xt, and index is 1
03-12 20:08:50.995: I/TetherStatsReporting(1536): getTetherStats() called Log not enable.
03-12 20:08:50.995: I/TetherStatsReporting(1536): combining tether stats
03-12 20:08:50.996: D/QtiTetherService/IpaWrapper(2724): getStats(false)
03-12 20:08:51.024: D/NetworkStats(1536): begin setGlobalAlert
03-12 20:08:51.025: D/NetworkStats(1536): after setGlobalAlert
03-12 20:08:51.291: D/libc-netbsd(755): [getaddrinfo]:  hostname=magzinefs9.nearme.com.cn; servname=(null);   app_uid=0; ai_addrlen=0; ai_canonname=(null); ai_flags=1024; ai_family=0 from prox result 11
03-12 20:08:51.296: D/libc-netbsd(755): res_queryN name = magzinefs9.nearme.com.cn succeed
03-12 20:08:51.299: I/MediaProvider(4905): updateStoragePaths, mExternalStoragePaths=[/storage/emulated/0]
03-12 20:08:51.300: D/libc-netbsd(21737): [getaddrinfo]:  hostname=magzinefs9.nearme.com.cn; servname=(null);   app_uid=10007; ai_addrlen=0; ai_canonname=(null); ai_flags=1024; ai_family=0 from prox result 0
03-12 20:08:51.301: I/System.out(21737): [socket] connection magzinefs9.nearme.com.cn/119.147.227.140:80;LocalPort=58398(20000)
03-12 20:08:51.305: I/System.out(21737): [socket] connection magzinefs9.nearme.com.cn/119.147.227.140:80;LocalPort=57024(20000)
03-12 20:08:51.357: E/MediaTraceUtil(4905): writeTraceToFile trace is null or size is 0.so return
03-12 20:08:51.358: I/MediaProvider(4905): updateStoragePaths, mExternalStoragePaths=[/storage/emulated/0]
03-12 20:08:51.419: E/MediaTraceUtil(4905): writeTraceToFile trace is null or size is 0.so return
03-12 20:08:51.578: I/MediaProvider(4905): updateStoragePaths, mExternalStoragePaths=[/storage/emulated/0]
03-12 20:08:51.590: I/System.out(21737): [socket] connection magzinefs7.nearme.com.cn/113.96.83.117:80;LocalPort=41126(20000)
03-12 20:08:51.661: E/MediaTraceUtil(4905): writeTraceToFile trace is null or size is 0.so return
03-12 20:08:51.840: I/System.out(21737): [socket] connection magzinefs9.nearme.com.cn/119.147.227.140:80;LocalPort=34143(20000)
03-12 20:08:51.858: I/System.out(21737): [socket] connection magzinefs9.nearme.com.cn/119.147.227.140:80;LocalPort=48820(20000)
03-12 20:08:51.862: I/MediaProvider(4905): updateStoragePaths, mExternalStoragePaths=[/storage/emulated/0]
03-12 20:08:51.921: I/MediaProvider(4905): updateStoragePaths, mExternalStoragePaths=[/storage/emulated/0]
03-12 20:08:51.928: E/MediaTraceUtil(4905): writeTraceToFile trace is null or size is 0.so return
03-12 20:08:51.967: E/MediaTraceUtil(4905): writeTraceToFile trace is null or size is 0.so return
03-12 20:08:52.143: I/System.out(21737): [socket] connection magzinefs8.nearme.com.cn/113.105.165.172:80;LocalPort=49453(20000)
03-12 20:08:52.149: I/MediaProvider(4905): updateStoragePaths, mExternalStoragePaths=[/storage/emulated/0]
03-12 20:08:52.184: I/System.out(21737): [socket] connection magzinefs9.nearme.com.cn/119.147.227.140:80;LocalPort=60369(20000)
03-12 20:08:52.214: E/MediaTraceUtil(4905): writeTraceToFile trace is null or size is 0.so return
03-12 20:08:52.216: I/MediaProvider(4905): updateStoragePaths, mExternalStoragePaths=[/storage/emulated/0]
03-12 20:08:52.261: E/MediaTraceUtil(4905): writeTraceToFile trace is null or size is 0.so return
03-12 20:08:52.400: I/MediaProvider(4905): updateStoragePaths, mExternalStoragePaths=[/storage/emulated/0]
03-12 20:08:52.405: I/System.out(21737): [socket] connection magzinefs9.nearme.com.cn/119.147.227.140:80;LocalPort=46323(20000)
03-12 20:08:52.451: E/MediaTraceUtil(4905): writeTraceToFile trace is null or size is 0.so return
03-12 20:08:52.693: I/System.out(21737): [socket] connection magzinefs9.nearme.com.cn/119.147.227.140:80;LocalPort=48347(20000)
03-12 20:08:52.706: I/MediaProvider(4905): updateStoragePaths, mExternalStoragePaths=[/storage/emulated/0]
03-12 20:08:52.711: I/System.out(21737): [socket] connection magzinefs9.nearme.com.cn/119.147.227.140:80;LocalPort=47338(20000)
03-12 20:08:52.802: E/MediaTraceUtil(4905): writeTraceToFile trace is null or size is 0.so return
03-12 20:08:52.804: I/MediaProvider(4905): updateStoragePaths, mExternalStoragePaths=[/storage/emulated/0]
03-12 20:08:52.864: W/NetworkStats(1536): replaceValues update tun0 xt, and index is 5
03-12 20:08:52.864: W/NetworkStats(1536): replaceValues update rmnet_data0 xt, and index is 4
03-12 20:08:52.864: W/NetworkStats(1536): replaceValues update rmnet_data6 xt, and index is 3
03-12 20:08:52.864: W/NetworkStats(1536): replaceValues update wlan0 xt, and index is 2
03-12 20:08:52.864: W/NetworkStats(1536): replaceValues update dummy0 xt, and index is 0
03-12 20:08:52.864: W/NetworkStats(1536): replaceValues update rmnet_data7 xt, and index is 1
03-12 20:08:52.864: I/TetherStatsReporting(1536): getTetherStats() called Log not enable.
03-12 20:08:52.864: I/TetherStatsReporting(1536): combining tether stats
03-12 20:08:52.865: D/QtiTetherService/IpaWrapper(2724): getStats(false)
03-12 20:08:52.885: I/Pict.AutoplayImageManager(13913): receiveNewDivision, save division = com.coloros.pictorial.data.model.DivisionInfo@a879939(mPicId = 93042,mFilePath = /data/user/0/com.coloros.pictorial/files/20190313_101_201_5c8780d7847fd_1080x1920.jpg.88.ppic,mTextColor -1,mFlag = 1,mDownloadState = success)
03-12 20:08:52.895: D/NetworkStats(1536): begin setGlobalAlert
03-12 20:08:52.898: D/NetworkStats(1536): after setGlobalAlert
03-12 20:08:52.901: E/MediaTraceUtil(4905): writeTraceToFile trace is null or size is 0.so return
03-12 20:08:53.068: I/Pict.AutoplayImageManager(13913): receiveNewDivision, save division = com.coloros.pictorial.data.model.DivisionInfo@2e1cc56(mPicId = 92995,mFilePath = /data/user/0/com.coloros.pictorial/files/20190313_101_205_5c87671162a36_1080x1920.jpg.94.ppic,mTextColor -1,mFlag = 1,mDownloadState = success)
