03-12 20:08:14.784: D/cocos2d-x debug info(20794): [LUA-print] DEBUG -- [Http]:[13][POST][http://yourfungame.com/api.php] {"d":"{\"sid\":1,\"fc\":\"friend.getMessage\",\"mid\":\"1610961\",\"api\":16822784,\"t\":1552392494,\"v\":\"1.7.0\",\"l\":1,\"param\":{\"check\":1}}","s":"951167e7b606cfa76969ae3fb2c150c7"}
03-12 20:08:14.785: D/cocos2d-x debug info(20794): [LUA-print] DEBUG -- [Http]:调用接口:online.box
03-12 20:08:14.786: D/cocos2d-x debug info(20794): [LUA-print] DEBUG -- [Http]:准备md5的参数值:WZEO{"sid":1,"fc":"online.box","mid":"1610961","api":16822784,"t":1552392494,"v":"1.7.0","l":1,"param":{"award":0}}
03-12 20:08:14.786: D/cocos2d-x debug info(20794): [LUA-print] DEBUG -- [Http]:加密md5值:018ab510d712f6ef91b33e2baad23da3
03-12 20:08:14.787: I/System.out(20794): [socket] connection yourfungame.com/119.81.94.228:80;LocalPort=57432(10000)
03-12 20:08:14.789: D/cocos2d-x debug info(20794): [LUA-print] DEBUG -- HttpService : [ 14 ]  POST url =  http://yourfungame.com/api.php  params =  {
03-12 20:08:14.789: D/cocos2d-x debug info(20794):   d = '{"sid":1,"fc":"online.box","mid":"1610961","api":16822784,"t":1552392494,"v":"1.7.0","l":1,"param":{"award":0}}',
03-12 20:08:14.789: D/cocos2d-x debug info(20794):   s = "018ab510d712f6ef91b33e2baad23da3"
03-12 20:08:14.789: D/cocos2d-x debug info(20794): }
03-12 20:08:14.790: D/cocos2d-x debug info(20794): [LUA-print] DEBUG -- [Http]:[14][POST][http://yourfungame.com/api.php] {"d":"{\"sid\":1,\"fc\":\"online.box\",\"mid\":\"1610961\",\"api\":16822784,\"t\":1552392494,\"v\":\"1.7.0\",\"l\":1,\"param\":{\"award\":0}}","s":"018ab510d712f6ef91b33e2baad23da3"}
03-12 20:08:14.791: D/cocos2d-x debug info(20794): [LUA-print] %s
03-12 20:08:14.791: D/cocos2d-x debug info(20794): [LUA-print] DEBUG -- [Logger]:LuaJavaBridge %s
03-12 20:08:14.791: D/cocos2d-x debug info(20794): create rendererRecreatedListener for GLProgramState
03-12 20:08:14.792: I/System.out(20794): [socket] connection yourfungame.com/119.81.94.228:80;LocalPort=57759(10000)
03-12 20:08:14.803: D/cocos2d-x debug info(20794): [LUA-print] %s
03-12 20:08:14.803: D/cocos2d-x debug info(20794): [LUA-print] DEBUG -- [Logger]:GooglePlugin %s
03-12 20:08:14.804: D/cocos2d-x debug info(20794): [LUA-print] DEBUG -- :onLoadProductsComplete jsonString =  []
03-12 20:08:14.804: D/cocos2d-x debug info(20794): [LUA-print] DEBUG -- ProductManager:filterIAPGoods goods =  {}
03-12 20:08:14.814: D/cocos2d-x debug info(20794): [LUA-print] DEBUG -- HttpService response :[ 3 ] from    data =  {
03-12 20:08:14.814: D/cocos2d-x debug info(20794):   data = {
03-12 20:08:14.814: D/cocos2d-x debug info(20794):     s1 = {
03-12 20:08:14.814: D/cocos2d-x debug info(20794):       ["1"] = 0,
03-12 20:08:14.814: D/cocos2d-x debug info(20794):       ["1024"] = 0,
03-12 20:08:14.814: D/cocos2d-x debug info(20794):       ["128"] = "https://www.facebook.com/PaiKangTha",
03-12 20:08:14.814: D/cocos2d-x debug info(20794):       ["16"] = {
03-12 20:08:14.814: D/cocos2d-x debug info(20794):         ["1"] = { 1000, 5000, 10000, 50000 },
03-12 20:08:14.814: D/cocos2d-x debug info(20794):         ["2"] = { 1000, 5000, 10000, 50000 }
03-12 20:08:14.814: D/cocos2d-x debug info(20794):       },
03-12 20:08:14.814: D/cocos2d-x debug info(20794):       ["2"] = "http://share.bfgamesth.com/kings/",
03-12 20:08:14.814: D/cocos2d-x debug info(20794):       ["2048"] = {
03-12 20:08:14.814: D/cocos2d-x debug info(20794):         commonShareUrl = "http://bit.ly/2S4ML49"
03-12 20:08:14.814: D/cocos2d-x debug info(20794):       },
03-12 20:08:14.814: D/cocos2d-x debug info(20794):       ["256"] = "http://upimg.bfgamesth.com/api.php",
03-12 20:08:14.814: D/cocos2d-x debug info(20794):       ["32"] = 3,
03-12 20:08:14.814: D/cocos2d-x debug info(20794):       ["4"] = 0,
03-12 20:08:14.814: D/cocos2d-x debug info(20794):       ["512"] = {
03-12 20:08:14.814: D/cocos2d-x debug info(20794):         ["1"] = "这个#1游戏非常好玩，强烈推荐，来和我一起玩吧。#2",
03-12 20:08:14.814: D/cocos2d-x debug info(20794):         ["2"] = "我在#1游戏里创建了私人房，密码是#3，进来和我一起玩吧。#2",
03-12 20:08:14.814: D/cocos2d-x debug info(20794):         ["3"] = "输入我的邀请码，立刻获得一棵摇钱树，每天收取免费筹码！我的邀请码：#1  ",
03-12 20:08:14.814: D/cocos2d-x debug info(20794):         ["4"] = "我在#1游戏中种了一颗摇钱树，输入我的邀请码#2，你即可免费获得它，每天收取免费筹码。"
03-12 20:08:14.814: D/cocos2d-x debug info(20794):       },
03-12 20:08:14.814: D/cocos2d-x debug info(20794):       ["64"] = {
03-12 20:08:14.814: D/cocos2d-x debug info(20794):         in
03-12 20:08:14.818: D/cocos2d-x debug info(20794): [LUA-print] DEBUG -- [Http]:[3] response={"ret":1,"msg":"","time":1552392567,"data":{"s1":{"2048":{"commonShareUrl":"http:\/\/bit.ly\/2S4ML49"},"1024":0,"512":{"1":"\u8fd9\u4e2a#1\u6e38\u620f\u975e\u5e38\u597d\u73a9\uff0c\u5f3a\u70c8\u63a8\u8350\uff0c\u6765\u548c\u6211\u4e00\u8d77\u73a9\u5427\u3002#2","2":"\u6211\u5728#1\u6e38\u620f\u91cc\u521b\u5efa\u4e86\u79c1\u4eba\u623f\uff0c\u5bc6\u7801\u662f#3\uff0c\u8fdb\u6765\u548c\u6211\u4e00\u8d77\u73a9\u5427\u3002#2","3":"\u8f93\u5165\u6211\u7684\u9080\u8bf7\u7801\uff0c\u7acb\u523b\u83b7\u5f97\u4e00\u68f5\u6447\u94b1\u6811\uff0c\u6bcf\u5929\u6536\u53d6\u514d\u8d39\u7b79\u7801\uff01\u6211\u7684\u9080\u8bf7\u7801\uff1a#1  ","4":"\u6211\u5728#1\u6e38\u620f\u4e2d\u79cd\u4e86\u4e00\u9897\u6447\u94b1\u6811\uff0c\u8f93\u5165\u6211\u7684\u9080\u8bf7\u7801#2\uff0c\u4f60\u5373\u53ef\u514d\u8d39\u83b7\u5f97\u5b83\uff0c\u6bcf\u5929\u6536\u53d6\u514d\u8d39\u7b79\u7801\u3002"},"256":"http:\/\/upimg.bfgamesth.com\/api.php","128":"https:\/\/www.facebook.com\/PaiKangTha","64":{"in
03-12 20:08:14.846: D/audio_hw_primary(760): start_output_stream: enter: stream(0xecad2c00)usecase(3: compress-offload-playback) devices(0x2)
03-12 20:08:14.846: D/audio_hw_primary(760): select_devices for use case (compress-offload-playback)
03-12 20:08:14.846: D/audio_hw_primary(760): select_devices: out_snd_device(2: speaker) in_snd_device(0: )
03-12 20:08:14.846: E/ANDR-PERF-MPCTL(3390): Invalid profile no. 0, total profiles 0 only
03-12 20:08:14.846: I/msm8916_platform(760): platform_check_and_set_codec_backend_cfg:becf: afe: bitwidth 16, samplerate 22050, backend_idx 0 usecase = 3 device (speaker)
03-12 20:08:14.846: I/msm8916_platform(760): platform_check_codec_backend_cfg:becf: afe: Codec selected backend: 0 current bit width: 16 and sample rate: 22050
03-12 20:08:14.846: D/msm8916_platform(760): platform_check_codec_backend_cfg:napb: (0) - (low-latency-playback)id (1) sr 48000 bw (16) device speaker
03-12 20:08:14.847: D/msm8916_platform(760): platform_check_codec_backend_cfg:becf: afe: playback on speakers Configure afe to             default Sample Rate(48k)
03-12 20:08:14.847: D/msm8916_platform(760): platform_check_codec_backend_cfg:becf: afe: only 48KHZ sample rate is supported                       Configure afe to default Sample Rate(48k)
03-12 20:08:14.847: I/msm8916_platform(760): platform_check_codec_backend_cfg:becf: afe: Codec selected backend: 0 updated bit width: 16 and sample rate: 48000
03-12 20:08:14.847: D/audio_hw_primary(760): check_usecases_codec_backend:becf: force routing 0
03-12 20:08:14.847: D/audio_hw_primary(760): check_usecases_codec_backend:becf: (40) check_usecases backend_idx: 0,usecase_backend_idx: 0, curr device: speaker, usecase device:speaker
03-12 20:08:14.847: D/audio_hw_primary(760): check_usecases_codec_backend:becf: check_usecases num.of Usecases to switch 0
03-12 20:08:14.847: D/hardware_info(760): hw_info_append_hw_type : device_name = speaker
03-12 20:08:14.847: I/audio_hw_primary(760): select_devices Selected apptype: 69936
03-12 20:08:14.847: E/audio_hw_dolby(760): audio_extn_dolby_ds2_set_endpoint: Dolby set endpint :0x2
03-12 20:08:14.847: D/soundtrigger(760): audio_extn_sound_trigger_update_stream_status: uc_id 3 of type 0 for Event 3, with Raise=1
03-12 20:08:14.847: D/sound_trigger_platform(760): platform_stdev_check_and_update_concurrency: concurrency active 0, tx 0, rx 1, concurrency session_allowed 1
03-12 20:08:14.847: I/audio_hw_utils(760): audio_extn_utils_send_app_type_cfg PLAYBACK app_type 69936, acdb_dev_id 15, sample_rate 48000
03-12 20:08:14.847: I/audio_hw_utils(760): audio_extn_utils_send_app_type_cfg:becf: adm: app_type 69936, acdb_dev_id 15, sample_rate 48000
03-12 20:08:14.847: D/ACDB-LOADER(760): ACDB -> send_audio_cal, acdb_id = 15, path = 0, app id = 0x11130, sample rate = 48000
03-12 20:08:14.847: D/(760): AcdbCmdGetAudProcInfo, 1080
03-12 20:08:14.847: D/(760): AcdbCmdGetAudProcInfo, 1145, result = 0
03-12 20:08:14.847: D/(760): AcdbCmdGetAudProcInfo, 1226, result = 0
03-12 20:08:14.847: D/(760): AcdbCmdGetAudProcInfo, 1080
03-12 20:08:14.847: D/(760): AcdbCmdGetAudProcInfo, 1145, result = 0
03-12 20:08:14.847: D/(760): AcdbCmdGetAudProcInfo, 1226, result = 0
03-12 20:08:14.847: D/ACDB-LOADER(760): ACDB -> ACDB_CMD_GET_AUDPROC_GAIN_DEP_STEP_TABLE, vol index 0
03-12 20:08:14.847: D/(760): Failed to fetch the lookup information of the device 0000000F
03-12 20:08:14.847: E/ACDB-LOADER(760): Error: ACDB AudProc vol returned = -19
03-12 20:08:14.847: D/ACDB-LOADER(760): ACDB -> audstrm_cal->cal_type.cal_data.cal_size = 456
03-12 20:08:14.847: D/audio_hw_primary(760): enable_audio_route: apply mixer and update path: compress-offload-playback quat-mi2s
03-12 20:08:14.848: D/audio_hw_primary(760): select_devices: done
03-12 20:08:14.848: D/msm8916_platform(760): platform_set_channel_map mixer_ctl_name:Playback Channel Map9
03-12 20:08:14.848: D/msm8916_platform(760): platform_set_channel_map: set mapping(1 2 0 0 0 0 0 0) for channel:2
03-12 20:08:14.871: D/offload_visualizer(760): thread enter
03-12 20:08:14.902: D/audio_hw_primary(760): start_output_stream: exit
03-12 20:08:14.902: D/audio_hw_primary(760): copl(0xecad2c00):send new gapless metadata
03-12 20:08:14.906: I/System.out(14065): [socket][:52646] exception
03-12 20:08:14.913: I/AudioSink(760): callbackwrapper: EVENT_UNDERRUN (discarded)
03-12 20:08:14.920: D/cocos2d-x debug info(20794): [LUA-print] DEBUG -- HttpService response :[ 4 ] from    data =  {
03-12 20:08:14.920: D/cocos2d-x debug info(20794):   data = {
03-12 20:08:14.920: D/cocos2d-x debug info(20794):     list = {
03-12 20:08:14.920: D/cocos2d-x debug info(20794):       ["1"] = { { 1, 50, 1000, 500000, 1 }, { 2, 100, 50000, 2000000, 1 }, { 3, 500, 100000, -1, 1 }, { 4, 1000, 500000, -1, 1 }, { 5, 5000, 1000000, -1, 1 }, { 6, 10000, 5000000, -1, 1 } },
03-12 20:08:14.920: D/cocos2d-x debug info(20794):       ["10"] = { { 1, 3000, 30000, 300000, 1 }, { 2, 10000, 100000, 1500000, 1 }, { 3, 50000, 500000, -1, 1 }, { 4, 200000, 2000000, -1, 1 }, { 5, 1000000, 10000000, -1, 1 }, { 6, 5000000, 50000000, -1, 1 } },
03-12 20:08:14.920: D/cocos2d-x debug info(20794):       ["11"] = { { 1, 100, 10000, 200000, 1, 1 }, { 2, 200, 100000, 500000, 1, 1 }, { 3, 500, 250000, -1, 1, 1 }, { 4, 1000, 500000, -1, 1, 1 }, { 5, 2000, 1000000, -1, 1, 1 }, { 6, 5000, 2500000, -1, 1, 1 }, { 7, 10000, 5000000, -1, 1, 2 }, { 8, 20000, 10000000, -1, 1, 2 }, { 9, 50000, 25000000, -1, 1, 2 }, { 10, 100000, 50000000, -1, 1, 2 }, { 11, 200000, 100000000, -1, 1, 2 }, { 12, 500000, 250000000, -1, 1, 2 } },
03-12 20:08:14.920: D/cocos2d-x debug info(20794):       ["2"] = { { 1, 50, 1000, 500000, 1 }, { 2, 100, 50000, 2000000, 1 }, { 3, 500, 100000, -1, 1 }, { 4, 10
03-12 20:08:14.921: D/cocos2d-x debug info(20794): [LUA-print] DEBUG -- [Http]:[4] response={"ret":1,"msg":"","time":1552392567,"data":{"list":{"1":[[1,50,1000,500000,1],[2,100,50000,2000000,1],[3,500,100000,-1,1],[4,1000,500000,-1,1],[5,5000,1000000,-1,1],[6,10000,5000000,-1,1]],"2":[[1,50,1000,500000,1],[2,100,50000,2000000,1],[3,500,100000,-1,1],[4,1000,500000,-1,1],[5,5000,1000000,-1,1],[6,10000,5000000,-1,1]],"3":[[1,1000,1000,1000000,1],[2,5000,100000,5000000,1],[3,10000,200000,-1,1],[4,50000,1000000,-1,1],[5,100000,2000000,-1,1],[6,500000,10000000,-1,1]],"4":[[1,5000,5000,200000,1],[2,25000,200000,800000,1],[3,100000,800000,-1,1],[4,500000,4000000,-1,1],[5,2000000,15000000,-1,1],[6,5000000,40000000,-1,1]],"5":[[1,3000,10000,150000,1],[2,10000,50000,750000,1],[3,50000,250000,-1,1],[4,200000,1000000,-1,1],[5,1000000,5000000,-1,1],[6,5000000,25000000,-1,1]],"6":[[1,500,5000,250000,1,1],[2,2000,20000,1000000,1,1],[3,10000,100000,-1,1,1],[4,50000,500000,-1,1,1],[5,200000,2000000,-1,1,1],[6,1000000,10000000,-1,1,1],[11,500,5000,250000,1,2],[12,2000,20000,10
03-12 20:08:14.925: I/AudioSink(760): callbackwrapper: EVENT_UNDERRUN (discarded)
03-12 20:08:14.942: E/PlayCommon(14065): [70338] acmh.d(524): Failed to connect to server for server timestamp: java.net.SocketTimeoutException: failed to connect to play.googleapis.com/172.217.160.106 (port 443) after 40000ms: isConnected failed: ETIMEDOUT (Connection timed out)
03-12 20:08:14.946: D/NuPlayerDecoderPassThrough(760): return aggregated buffer and save err(=-1011) for later
03-12 20:08:14.957: D/AudioTrack(760): stop() mState 0
03-12 20:08:14.967: I/AudioSink(760): callbackwrapper: EVENT_UNDERRUN (discarded)
03-12 20:08:14.969: D/audio_hw_primary(760): copl(0xecad2c00):calling compress_partial_drain
03-12 20:08:15.008: D/cocos2d-x debug info(20794): [LUA-print] DEBUG -- HallConfigManager:onHallConfigCallBack data = :{
03-12 20:08:15.008: D/cocos2d-x debug info(20794):   data = {
03-12 20:08:15.008: D/cocos2d-x debug info(20794):     list = {
03-12 20:08:15.008: D/cocos2d-x debug info(20794):       ["1"] = { { 1, 50, 1000, 500000, 1 }, { 2, 100, 50000, 2000000, 1 }, { 3, 500, 100000, -1, 1 }, { 4, 1000, 500000, -1, 1 }, { 5, 5000, 1000000, -1, 1 }, { 6, 10000, 5000000, -1, 1 } },
03-12 20:08:15.008: D/cocos2d-x debug info(20794):       ["10"] = { { 1, 3000, 30000, 300000, 1 }, { 2, 10000, 100000, 1500000, 1 }, { 3, 50000, 500000, -1, 1 }, { 4, 200000, 2000000, -1, 1 }, { 5, 1000000, 10000000, -1, 1 }, { 6, 5000000, 50000000, -1, 1 } },
03-12 20:08:15.008: D/cocos2d-x debug info(20794):       ["11"] = { { 1, 100, 10000, 200000, 1, 1 }, { 2, 200, 100000, 500000, 1, 1 }, { 3, 500, 250000, -1, 1, 1 }, { 4, 1000, 500000, -1, 1, 1 }, { 5, 2000, 1000000, -1, 1, 1 }, { 6, 5000, 2500000, -1, 1, 1 }, { 7, 10000, 5000000, -1, 1, 2 }, { 8, 20000, 10000000, -1, 1, 2 }, { 9, 50000, 25000000, -1, 1, 2 }, { 10, 100000, 50000000, -1, 1, 2 }, { 11, 200000, 100000000, -1, 1, 2 }, { 12, 500000, 250000000, -1, 1, 2 } },
03-12 20:08:15.008: D/cocos2d-x debug info(20794):       ["2"] = { { 1, 50, 1000, 500000, 1 }, { 2, 100, 50000, 2000000, 1 }, { 3, 500, 100000, -1, 1 }, { 4,
03-12 20:08:15.030: D/cocos2d-x debug info(20794): [LUA-print] DEBUG -- HttpService response :[ 5 ] from    data =  {
03-12 20:08:15.030: D/cocos2d-x debug info(20794):   data = {
03-12 20:08:15.030: D/cocos2d-x debug info(20794):     bicon = "http://cdn.bfgamesth.com/1/461/221/i1610961b.png?1551860986",
03-12 20:08:15.030: D/cocos2d-x debug info(20794):     coin = 153,
03-12 20:08:15.030: D/cocos2d-x debug info(20794):     exp = 1694,
03-12 20:08:15.030: D/cocos2d-x debug info(20794):     level = 9,
03-12 20:08:15.030: D/cocos2d-x debug info(20794):     losetimes = 173,
03-12 20:08:15.030: D/cocos2d-x debug info(20794):     maxwin = 12000000,
03-12 20:08:15.030: D/cocos2d-x debug info(20794):     mid = "1610961",
03-12 20:08:15.030: D/cocos2d-x debug info(20794):     mnick = "Mary",
03-12 20:08:15.030: D/cocos2d-x debug info(20794):     money = 202148171,
03-12 20:08:15.030: D/cocos2d-x debug info(20794):     online = 1,
03-12 20:08:15.030: D/cocos2d-x debug info(20794):     sex = 1,
03-12 20:08:15.030: D/cocos2d-x debug info(20794):     sicon = "http://cdn.bfgamesth.com/1/461/221/i1610961s.png?1551860986",
03-12 20:08:15.030: D/cocos2d-x debug info(20794):     sid = "1",
03-12 20:08:15.030: D/cocos2d-x debug info(20794):     vip = 0,
03-12 20:08:15.030: D/cocos2d-x debug info(20794):     wintimes = 94
03-12 20:08:15.030: D/cocos2d-x debug info(20794):   },
03-12 20:08:15.030: D/cocos2d-x debug info(20794):   msg = "",
03-12 20:08:15.030: D/cocos2d-x debug info(20794):   ret = 1,
03-12 20:08:15.030: D/cocos2d-x debug info(20794):   time = 1552392567
03-12 20:08:15.030: D/cocos2d-x debug info(20794): }
03-12 20:08:15.032: D/cocos2d-x debug info(20794): [LUA-print] DEBUG -- [Http]:[5] response={"ret":1,"msg":"","time":1552392567,"data":{"mid":"1610961","mnick":"Mary","sex":1,"sicon":"http:\/\/cdn.bfgamesth.com\/1\/461\/221\/i1610961s.png?1551860986","bicon":"http:\/\/cdn.bfgamesth.com\/1\/461\/221\/i1610961b.png?1551860986","exp":1694,"level":9,"money":202148171,"coin":153,"sid":"1","maxwin":12000000,"wintimes":94,"losetimes":173,"vip":0,"online":1}}
03-12 20:08:15.034: D/cocos2d-x debug info(20794): [LUA-print] [INFO] table: 0x7f647abc10 [EventProtocol] dispatchEvent() - event EVT_USERINFO_UPDATE
03-12 20:08:15.034: D/cocos2d-x debug info(20794): [LUA-print] [INFO] table: 0x7f647abc10 [EventProtocol] dispatchEvent() - dispatching event EVT_USERINFO_UPDATE to listener 5
03-12 20:08:15.036: D/cocos2d-x debug info(20794): [LUA-print] [INFO] table: 0x7f647abc10 [EventProtocol] dispatchEvent() - event EVT_USERINFO_PIC
03-12 20:08:15.036: D/cocos2d-x debug info(20794): [LUA-print] [INFO] table: 0x7f647abc10 [EventProtocol] dispatchEvent() - dispatching event EVT_USERINFO_PIC to listener 7
03-12 20:08:15.037: D/cocos2d-x debug info(20794): [LUA-print] DEBUG -- CustomAlbum:setUrl url =  http://cdn.bfgamesth.com/1/461/221/i1610961s.png?1551860986  sex =  1
03-12 20:08:15.039: D/cocos2d-x debug info(20794): [LUA-print] DEBUG -- CustomAlbum:setFile fileName =  /storage/emulated/0/.bfgames/.com.yourfun.kings/cache/headpics/a50199e75ccc15f15052003c2e7aed89
03-12 20:08:15.039: D/cocos2d-x debug info(20794): [LUA-print] DEBUG -- CustomAlbum:onDownloadCallback self.m_url =  http://cdn.bfgamesth.com/1/461/221/i1610961s.png?1551860986
03-12 20:08:15.040: D/cocos2d-x debug info(20794): [LUA-print] [INFO] table: 0x7f647abc10 [EventProtocol] dispatchEvent() - event EVT_USERINFO_LOBBY_UPDATE
03-12 20:08:15.040: D/cocos2d-x debug info(20794): [LUA-print] [INFO] table: 0x7f647abc10 [EventProtocol] dispatchEvent() - event EVT_USERINFO_LOBBY_PIC
03-12 20:08:15.048: D/cocos2d-x debug info(20794): [LUA-print] DEBUG -- HttpService response :[ 6 ] from    data =  {
03-12 20:08:15.048: D/cocos2d-x debug info(20794):   data = { {
03-12 20:08:15.048: D/cocos2d-x debug info(20794):       desc = "可以用来发送全服广播，发送内容可被所有在线玩家看到",
03-12 20:08:15.048: D/cocos2d-x debug info(20794):       id = 200,
03-12 20:08:15.048: D/cocos2d-x debug info(20794):       name = "小喇叭",
03-12 20:08:15.048: D/cocos2d-x debug info(20794):       nums = 1
03-12 20:08:15.048: D/cocos2d-x debug info(20794):     }, {
03-12 20:08:15.048: D/cocos2d-x debug info(20794):       desc = "可以用来创建私人房，与好友一起玩",
03-12 20:08:15.048: D/cocos2d-x debug info(20794):       id = 406,
03-12 20:08:15.048: D/cocos2d-x debug info(20794):       name = "私人房卡",
03-12 20:08:15.048: D/cocos2d-x debug info(20794):       nums = "6"
03-12 20:08:15.048: D/cocos2d-x debug info(20794):     } },
03-12 20:08:15.048: D/cocos2d-x debug info(20794):   msg = "",
03-12 20:08:15.048: D/cocos2d-x debug info(20794):   ret = 1,
03-12 20:08:15.048: D/cocos2d-x debug info(20794):   time = 1552392567
03-12 20:08:15.048: D/cocos2d-x debug info(20794): }
03-12 20:08:15.048: D/cocos2d-x debug info(20794): [LUA-print] DEBUG -- [Http]:[6] response={"ret":1,"msg":"","time":1552392567,"data":[{"id":200,"desc":"\u53ef\u4ee5\u7528\u6765\u53d1\u9001\u5168\u670d\u5e7f\u64ad\uff0c\u53d1\u9001\u5185\u5bb9\u53ef\u88ab\u6240\u6709\u5728\u7ebf\u73a9\u5bb6\u770b\u5230","name":"\u5c0f\u5587\u53ed","nums":1},{"id":406,"desc":"\u53ef\u4ee5\u7528\u6765\u521b\u5efa\u79c1\u4eba\u623f\uff0c\u4e0e\u597d\u53cb\u4e00\u8d77\u73a9","name":"\u79c1\u4eba\u623f\u5361","nums":"6"}]}
03-12 20:08:15.049: D/cocos2d-x debug info(20794): [LUA-print] [INFO] table: 0x7f647abc10 [EventProtocol] dispatchEvent() - event EVT_BROAD_NUM_REFRESH
03-12 20:08:15.111: D/JniHelper(20794): JniHelper::getJavaVM(), pthread_self() = 547067147328
03-12 20:08:15.111: D/JniHelper(20794): JniHelper::getJavaVM(), pthread_self() = 547067147328
03-12 20:08:15.123: D/cocos2d-x debug info(20794): [LUA-print] DEBUG -- HttpService response :[ 10 ] from    data =  {
03-12 20:08:15.123: D/cocos2d-x debug info(20794):   data = {},
03-12 20:08:15.123: D/cocos2d-x debug info(20794):   msg = "",
03-12 20:08:15.123: D/cocos2d-x debug info(20794):   ret = 1,
03-12 20:08:15.123: D/cocos2d-x debug info(20794):   time = 1552392567
03-12 20:08:15.123: D/cocos2d-x debug info(20794): }
03-12 20:08:15.124: D/cocos2d-x debug info(20794): [LUA-print] DEBUG -- [Http]:[10] response={"ret":1,"msg":"","time":1552392567,"data":[]}
03-12 20:08:15.125: D/cocos2d-x debug info(20794): [LUA-print] %s
03-12 20:08:15.125: D/cocos2d-x debug info(20794): [LUA-print] DEBUG -- [Logger]:MessageAndSystemData %s
03-12 20:08:15.125: D/cocos2d-x debug info(20794): [LUA-print] %s
03-12 20:08:15.126: D/cocos2d-x debug info(20794): [LUA-print] DEBUG -- [Logger]:MessageAndSystemData %s
03-12 20:08:15.126: D/cocos2d-x debug info(20794): [LUA-print] %s
03-12 20:08:15.126: D/cocos2d-x debug info(20794): [LUA-print] DEBUG -- [Logger]:MessageAndSystemData %s
03-12 20:08:15.135: D/JniHelper(20794): JniHelper::getJavaVM(), pthread_self() = 547065058368
03-12 20:08:15.136: D/JniHelper(20794): JniHelper::getJavaVM(), pthread_self() = 547065058368
03-12 20:08:15.153: D/JniHelper(20794): JniHelper::getJavaVM(), pthread_self() = 547070280768
03-12 20:08:15.153: D/JniHelper(20794): JniHelper::getJavaVM(), pthread_self() = 547066102848
03-12 20:08:15.153: D/JniHelper(20794): JniHelper::getJavaVM(), pthread_self() = 547066102848
03-12 20:08:15.153: D/JniHelper(20794): JniHelper::getJavaVM(), pthread_self() = 547070280768
03-12 20:08:15.157: D/cocos2d-x debug info(20794): [LUA-print] DEBUG -- HttpService response :[ 7 ] from    data =  {
03-12 20:08:15.157: D/cocos2d-x debug info(20794):   data = {
03-12 20:08:15.157: D/cocos2d-x debug info(20794):     actNum = 1,
03-12 20:08:15.157: D/cocos2d-x debug info(20794):     popup = 1014
03-12 20:08:15.157: D/cocos2d-x debug info(20794):   },
03-12 20:08:15.157: D/cocos2d-x debug info(20794):   msg = "",
03-12 20:08:15.157: D/cocos2d-x debug info(20794):   ret = 1,
03-12 20:08:15.157: D/cocos2d-x debug info(20794):   time = 1552392567
03-12 20:08:15.157: D/cocos2d-x debug info(20794): }
03-12 20:08:15.158: D/cocos2d-x debug info(20794): [LUA-print] DEBUG -- [Http]:[7] response={"ret":1,"msg":"","time":1552392567,"data":{"popup":1014,"actNum":1}}
03-12 20:08:15.159: D/cocos2d-x debug info(20794): [LUA-print] DEBUG -- HallPopupManager:showPopup { 3, 1 }
03-12 20:08:15.167: D/cocos2d-x debug info(20794): [LUA-print] DEBUG -- HttpService response :[ 11 ] from    data =  {
03-12 20:08:15.167: D/cocos2d-x debug info(20794):   data = {
03-12 20:08:15.167: D/cocos2d-x debug info(20794):     badge = 1,
03-12 20:08:15.167: D/cocos2d-x debug info(20794):     list = { {
03-12 20:08:15.167: D/cocos2d-x debug info(20794):         content = "OPPO R11通过了你的好友请求",
03-12 20:08:15.167: D/cocos2d-x debug info(20794):         id = "3-1551856799",
03-12 20:08:15.167: D/cocos2d-x debug info(20794):         reward = {},
03-12 20:08:15.167: D/cocos2d-x debug info(20794):         status = 0,
03-12 20:08:15.167: D/cocos2d-x debug info(20794):         time = 1551856799
03-12 20:08:15.167: D/cocos2d-x debug info(20794):       } },
03-12 20:08:15.167: D/cocos2d-x debug info(20794):     url = "http://vcdn.bfgamesth.com/image/icon/"
03-12 20:08:15.167: D/cocos2d-x debug info(20794):   },
03-12 20:08:15.167: D/cocos2d-x debug info(20794):   msg = "",
03-12 20:08:15.167: D/cocos2d-x debug info(20794):   ret = 1,
03-12 20:08:15.167: D/cocos2d-x debug info(20794):   time = 1552392567
03-12 20:08:15.167: D/cocos2d-x debug info(20794): }
03-12 20:08:15.170: D/cocos2d-x debug info(20794): [LUA-print] DEBUG -- [Http]:[11] response={"ret":1,"msg":"","time":1552392567,"data":{"url":"http:\/\/vcdn.bfgamesth.com\/image\/icon\/","list":[{"id":"3-1551856799","content":"OPPO R11\u901a\u8fc7\u4e86\u4f60\u7684\u597d\u53cb\u8bf7\u6c42","time":1551856799,"status":0,"reward":[]}],"badge":1}}
03-12 20:08:15.181: D/cocos2d-x debug info(20794): [LUA-print] DEBUG -- HttpService response :[ 12 ] from    data =  {
03-12 20:08:15.181: D/cocos2d-x debug info(20794):   data = { {} },
03-12 20:08:15.181: D/cocos2d-x debug info(20794):   msg = "",
03-12 20:08:15.181: D/cocos2d-x debug info(20794):   ret = 1,
03-12 20:08:15.181: D/cocos2d-x debug info(20794):   time = 1552392567
03-12 20:08:15.181: D/cocos2d-x debug info(20794): }
03-12 20:08:15.182: D/cocos2d-x debug info(20794): [LUA-print] DEBUG -- [Http]:[12] response={"ret":1,"msg":"","time":1552392567,"data":[[]]}
03-12 20:08:15.190: D/cocos2d-x debug info(20794): [LUA-print] DEBUG -- [Client]:大厅已经加载完成，数据可以更新拉取
03-12 20:08:15.191: D/cocos2d-x debug info(20794): [LUA-print] DEBUG -- [Client]:[**HallController: executeHallLoginSocket**] ##登录大厅成功后 ## 请求商品列表
03-12 20:08:15.197: D/cocos2d-x debug info(20794): [LUA-print] DEBUG -- [Http]:调用接口:pay.goodslist
03-12 20:08:15.197: D/cocos2d-x debug info(20794): [LUA-print] DEBUG -- [Http]:准备md5的参数值:WZEO{"sid":1,"fc":"pay.goodslist","mid":"1610961","api":16822784,"t":1552392495,"v":"1.7.0","l":1,"param":{"ver":"","o":"OPPO","aType":[0],"aSupportMode":[27,26,13,14,4,10,5,11,25,8,12,2,15]}}
03-12 20:08:15.198: D/cocos2d-x debug info(20794): [LUA-print] DEBUG -- [Http]:加密md5值:0f42b6a8972ba10991b75ec36123e1f7
03-12 20:08:15.200: D/cocos2d-x debug info(20794): [LUA-print] DEBUG -- HttpService : [ 15 ]  POST url =  http://yourfungame.com/api.php  params =  {
03-12 20:08:15.200: D/cocos2d-x debug info(20794):   d = '{"sid":1,"fc":"pay.goodslist","mid":"1610961","api":16822784,"t":1552392495,"v":"1.7.0","l":1,"param":{"ver":"","o":"OPPO","aType":[0],"aSupportMode":[27,26,13,14,4,10,5,11,25,8,12,2,15]}}',
03-12 20:08:15.200: D/cocos2d-x debug info(20794):   s = "0f42b6a8972ba10991b75ec36123e1f7"
03-12 20:08:15.200: D/cocos2d-x debug info(20794): }
03-12 20:08:15.201: D/cocos2d-x debug info(20794): [LUA-print] DEBUG -- [Http]:[15][POST][http://yourfungame.com/api.php] {"d":"{\"sid\":1,\"fc\":\"pay.goodslist\",\"mid\":\"1610961\",\"api\":16822784,\"t\":1552392495,\"v\":\"1.7.0\",\"l\":1,\"param\":{\"ver\":\"\",\"o\":\"OPPO\",\"aType\":[0],\"aSupportMode\":[27,26,13,14,4,10,5,11,25,8,12,2,15]}}","s":"0f42b6a8972ba10991b75ec36123e1f7"}
03-12 20:08:15.202: D/cocos2d-x debug info(20794): [LUA-print] DEBUG -- [Http]:调用接口:pay.goodslist
03-12 20:08:15.203: D/cocos2d-x debug info(20794): [LUA-print] DEBUG -- [Http]:准备md5的参数值:WZEO{"sid":1,"fc":"pay.goodslist","mid":"1610961","api":16822784,"t":1552392495,"v":"1.7.0","l":1,"param":{"ver":"","o":"OPPO","aType":[2],"aSupportMode":[27,26,13,14,4,10,5,11,25,8,12,2,15]}}
03-12 20:08:15.203: D/cocos2d-x debug info(20794): [LUA-print] DEBUG -- [Http]:加密md5值:6388c4cf8b6a39cfc4563adda4011731
03-12 20:08:15.206: D/cocos2d-x debug info(20794): [LUA-print] DEBUG -- HttpService : [ 16 ]  POST url =  http://yourfungame.com/api.php  params =  {
03-12 20:08:15.206: D/cocos2d-x debug info(20794):   d = '{"sid":1,"fc":"pay.goodslist","mid":"1610961","api":16822784,"t":1552392495,"v":"1.7.0","l":1,"param":{"ver":"","o":"OPPO","aType":[2],"aSupportMode":[27,26,13,14,4,10,5,11,25,8,12,2,15]}}',
03-12 20:08:15.206: D/cocos2d-x debug info(20794):   s = "6388c4cf8b6a39cfc4563adda4011731"
03-12 20:08:15.206: D/cocos2d-x debug info(20794): }
03-12 20:08:15.207: D/cocos2d-x debug info(20794): [LUA-print] DEBUG -- [Http]:[16][POST][http://yourfungame.com/api.php] {"d":"{\"sid\":1,\"fc\":\"pay.goodslist\",\"mid\":\"1610961\",\"api\":16822784,\"t\":1552392495,\"v\":\"1.7.0\",\"l\":1,\"param\":{\"ver\":\"\",\"o\":\"OPPO\",\"aType\":[2],\"aSupportMode\":[27,26,13,14,4,10,5,11,25,8,12,2,15]}}","s":"6388c4cf8b6a39cfc4563adda4011731"}
03-12 20:08:15.208: D/cocos2d-x debug info(20794): [LUA-print] DEBUG -- [Http]:调用接口:pay.goodslist
03-12 20:08:15.209: D/cocos2d-x debug info(20794): [LUA-print] DEBUG -- [Http]:准备md5的参数值:WZEO{"sid":1,"fc":"pay.goodslist","mid":"1610961","api":16822784,"t":1552392495,"v":"1.7.0","l":1,"param":{"ver":"","o":"OPPO","aType":[3],"aSupportMode":[27,26,13,14,4,10,5,11,25,8,12,2,15]}}
03-12 20:08:15.209: D/cocos2d-x debug info(20794): [LUA-print] DEBUG -- [Http]:加密md5值:40dad6c11943a7aca22337c03d029273
03-12 20:08:15.212: D/cocos2d-x debug info(20794): [LUA-print] DEBUG -- HttpService : [ 17 ]  POST url =  http://yourfungame.com/api.php  params =  {
03-12 20:08:15.212: D/cocos2d-x debug info(20794):   d = '{"sid":1,"fc":"pay.goodslist","mid":"1610961","api":16822784,"t":1552392495,"v":"1.7.0","l":1,"param":{"ver":"","o":"OPPO","aType":[3],"aSupportMode":[27,26,13,14,4,10,5,11,25,8,12,2,15]}}',
03-12 20:08:15.212: D/cocos2d-x debug info(20794):   s = "40dad6c11943a7aca22337c03d029273"
03-12 20:08:15.212: D/cocos2d-x debug info(20794): }
03-12 20:08:15.213: D/cocos2d-x debug info(20794): [LUA-print] DEBUG -- [Http]:[17][POST][http://yourfungame.com/api.php] {"d":"{\"sid\":1,\"fc\":\"pay.goodslist\",\"mid\":\"1610961\",\"api\":16822784,\"t\":1552392495,\"v\":\"1.7.0\",\"l\":1,\"param\":{\"ver\":\"\",\"o\":\"OPPO\",\"aType\":[3],\"aSupportMode\":[27,26,13,14,4,10,5,11,25,8,12,2,15]}}","s":"40dad6c11943a7aca22337c03d029273"}
03-12 20:08:15.215: D/cocos2d-x debug info(20794): [LUA-print] DEBUG -- [Http]:调用接口:pay.goodslist
03-12 20:08:15.215: D/cocos2d-x debug info(20794): [LUA-print] DEBUG -- [Http]:准备md5的参数值:WZEO{"sid":1,"fc":"pay.goodslist","mid":"1610961","api":16822784,"t":1552392495,"v":"1.7.0","l":1,"param":{"ver":"","o":"OPPO","aType":[4],"aSupportMode":[27,26,13,14,4,10,5,11,25,8,12,2,15]}}
03-12 20:08:15.216: D/cocos2d-x debug info(20794): [LUA-print] DEBUG -- [Http]:加密md5值:1b51a5fffc1667e193f1f22ddc9d7109
03-12 20:08:15.219: D/cocos2d-x debug info(20794): [LUA-print] DEBUG -- HttpService : [ 18 ]  POST url =  http://yourfungame.com/api.php  params =  {
03-12 20:08:15.219: D/cocos2d-x debug info(20794):   d = '{"sid":1,"fc":"pay.goodslist","mid":"1610961","api":16822784,"t":1552392495,"v":"1.7.0","l":1,"param":{"ver":"","o":"OPPO","aType":[4],"aSupportMode":[27,26,13,14,4,10,5,11,25,8,12,2,15]}}',
03-12 20:08:15.219: D/cocos2d-x debug info(20794):   s = "1b51a5fffc1667e193f1f22ddc9d7109"
03-12 20:08:15.219: D/cocos2d-x debug info(20794): }
03-12 20:08:15.219: D/cocos2d-x debug info(20794): [LUA-print] DEBUG -- [Http]:[18][POST][http://yourfungame.com/api.php] {"d":"{\"sid\":1,\"fc\":\"pay.goodslist\",\"mid\":\"1610961\",\"api\":16822784,\"t\":1552392495,\"v\":\"1.7.0\",\"l\":1,\"param\":{\"ver\":\"\",\"o\":\"OPPO\",\"aType\":[4],\"aSupportMode\":[27,26,13,14,4,10,5,11,25,8,12,2,15]}}","s":"1b51a5fffc1667e193f1f22ddc9d7109"}
03-12 20:08:15.220: D/cocos2d-x debug info(20794): [LUA-print] DEBUG -- [Client]:请求自己的礼物
03-12 20:08:15.221: D/CCFileUtils-android.cpp(20794): relative path = src/app/module/baseroom/common/GiftConfig.lua
03-12 20:08:15.223: D/cocos2d-x debug info(20794): [LUA-print] DEBUG -- [Http]:调用接口:gift.userGift
03-12 20:08:15.223: D/cocos2d-x debug info(20794): [LUA-print] DEBUG -- [Http]:准备md5的参数值:WZEO{"sid":1,"fc":"gift.userGift","mid":"1610961","api":16822784,"t":1552392495,"v":"1.7.0","l":1,"param":{"supportGiftIds":[1,2,3,4,5,6,7,8,9,10,11,12,13,14,15,16],"gmid":1610961}}
03-12 20:08:15.223: D/cocos2d-x debug info(20794): [LUA-print] DEBUG -- [Http]:加密md5值:0dd757796e3ddd134e04d7145d68bbef
03-12 20:08:15.226: D/cocos2d-x debug info(20794): [LUA-print] DEBUG -- HttpService : [ 19 ]  POST url =  http://yourfungame.com/api.php  params =  {
03-12 20:08:15.226: D/cocos2d-x debug info(20794):   d = '{"sid":1,"fc":"gift.userGift","mid":"1610961","api":16822784,"t":1552392495,"v":"1.7.0","l":1,"param":{"supportGiftIds":[1,2,3,4,5,6,7,8,9,10,11,12,13,14,15,16],"gmid":1610961}}',
03-12 20:08:15.226: D/cocos2d-x debug info(20794):   s = "0dd757796e3ddd134e04d7145d68bbef"
03-12 20:08:15.226: D/cocos2d-x debug info(20794): }
03-12 20:08:15.227: D/cocos2d-x debug info(20794): [LUA-print] DEBUG -- [Http]:[19][POST][http://yourfungame.com/api.php] {"d":"{\"sid\":1,\"fc\":\"gift.userGift\",\"mid\":\"1610961\",\"api\":16822784,\"t\":1552392495,\"v\":\"1.7.0\",\"l\":1,\"param\":{\"supportGiftIds\":[1,2,3,4,5,6,7,8,9,10,11,12,13,14,15,16],\"gmid\":1610961}}","s":"0dd757796e3ddd134e04d7145d68bbef"}
03-12 20:08:15.230: D/CCFileUtils-android.cpp(20794): relative path = src/app/popup/0x0100B200/InviteFriendPopup.lua
03-12 20:08:15.230: I/System.out(20794): [socket] connection yourfungame.com/119.81.94.228:80;LocalPort=35008(10000)
03-12 20:08:15.290: D/CCFileUtils-android.cpp(20794): relative path = src/app/pokerUI/TabPanel.lua
03-12 20:08:15.308: D/CCFileUtils-android.cpp(20794): relative path = src/app/pokerUI/Panel.lua
03-12 20:08:15.315: D/cocos2d-x debug info(20794): [LUA-print] DEBUG -- [Client]:没有东西，去掉这个文件吧
03-12 20:08:15.317: D/cocos2d-x debug info(20794): [LUA-print] DEBUG -- [Http]:调用接口:news.getNotice
03-12 20:08:15.317: D/cocos2d-x debug info(20794): [LUA-print] DEBUG -- [Http]:准备md5的参数值:WZEO{"sid":1,"fc":"news.getNotice","mid":"1610961","api":16822784,"t":1552392495,"v":"1.7.0","l":1}
03-12 20:08:15.317: D/cocos2d-x debug info(20794): [LUA-print] DEBUG -- [Http]:加密md5值:d68313dbf06a47a0a3014ce838d3dd00
03-12 20:08:15.321: D/cocos2d-x debug info(20794): [LUA-print] DEBUG -- HttpService : [ 20 ]  POST url =  http://yourfungame.com/api.php  params =  {
03-12 20:08:15.321: D/cocos2d-x debug info(20794):   d = '{"sid":1,"fc":"news.getNotice","mid":"1610961","api":16822784,"t":1552392495,"v":"1.7.0","l":1}',
03-12 20:08:15.321: D/cocos2d-x debug info(20794):   s = "d68313dbf06a47a0a3014ce838d3dd00"
03-12 20:08:15.321: D/cocos2d-x debug info(20794): }
03-12 20:08:15.323: D/cocos2d-x debug info(20794): [LUA-print] DEBUG -- [Http]:[20][POST][http://yourfungame.com/api.php] {"d":"{\"sid\":1,\"fc\":\"news.getNotice\",\"mid\":\"1610961\",\"api\":16822784,\"t\":1552392495,\"v\":\"1.7.0\",\"l\":1}","s":"d68313dbf06a47a0a3014ce838d3dd00"}
03-12 20:08:15.339: D/cocos2d-x debug info(20794): [LUA-print] DEBUG -- [Client]:[**HallController: executeHallLoginSocket**] ##登录大厅成功后 ## 按次数请求初始化请求
03-12 20:08:15.340: D/cocos2d-x debug info(20794): [LUA-print] DEBUG -- [Http]:调用接口:member.getConInfo
03-12 20:08:15.340: D/cocos2d-x debug info(20794): [LUA-print] DEBUG -- [Http]:准备md5的参数值:WZEO{"sid":1,"fc":"member.getConInfo","mid":"1610961","api":16822784,"t":1552392495,"v":"1.7.0","l":1}
03-12 20:08:15.340: I/System.out(20794): [socket] connection yourfungame.com/119.81.94.228:80;LocalPort=33575(10000)
03-12 20:08:15.341: D/cocos2d-x debug info(20794): [LUA-print] DEBUG -- [Http]:加密md5值:2a24a04e084b7ea57c9d13e6a1fdd407
03-12 20:08:15.345: D/cocos2d-x debug info(20794): [LUA-print] DEBUG -- HttpService : [ 21 ]  POST url =  http://yourfungame.com/api.php  params =  {
03-12 20:08:15.345: D/cocos2d-x debug info(20794):   d = '{"sid":1,"fc":"member.getConInfo","mid":"1610961","api":16822784,"t":1552392495,"v":"1.7.0","l":1}',
03-12 20:08:15.345: D/cocos2d-x debug info(20794):   s = "2a24a04e084b7ea57c9d13e6a1fdd407"
03-12 20:08:15.345: D/cocos2d-x debug info(20794): }
03-12 20:08:15.346: D/cocos2d-x debug info(20794): [LUA-print] DEBUG -- [Http]:[21][POST][http://yourfungame.com/api.php] {"d":"{\"sid\":1,\"fc\":\"member.getConInfo\",\"mid\":\"1610961\",\"api\":16822784,\"t\":1552392495,\"v\":\"1.7.0\",\"l\":1}","s":"2a24a04e084b7ea57c9d13e6a1fdd407"}
03-12 20:08:15.349: I/System.out(20794): [socket] connection yourfungame.com/119.81.94.228:80;LocalPort=50994(10000)
03-12 20:08:15.421: D/JniHelper(20794): JniHelper::getJavaVM(), pthread_self() = 547069236288
03-12 20:08:15.422: D/JniHelper(20794): JniHelper::getJavaVM(), pthread_self() = 547069236288
03-12 20:08:15.431: D/JniHelper(20794): JniHelper::getJavaVM(), pthread_self() = 547068191808
03-12 20:08:15.432: D/JniHelper(20794): JniHelper::getJavaVM(), pthread_self() = 547068191808
03-12 20:08:15.458: D/cocos2d-x debug info(20794): [LUA-print] DEBUG -- HttpService response :[ 8 ] from    data =  {
03-12 20:08:15.458: D/cocos2d-x debug info(20794):   data = { {
03-12 20:08:15.458: D/cocos2d-x debug info(20794):       btn = 1,
03-12 20:08:15.458: D/cocos2d-x debug info(20794):       btnText = "立即领取",
03-12 20:08:15.458: D/cocos2d-x debug info(20794):       complete = 1,
03-12 20:08:15.458: D/cocos2d-x debug info(20794):       content = "获得系统赠送回归奖励",
03-12 20:08:15.458: D/cocos2d-x debug info(20794):       money = 10000,
03-12 20:08:15.458: D/cocos2d-x debug info(20794):       need = 1,
03-12 20:08:15.458: D/cocos2d-x debug info(20794):       other = 0,
03-12 20:08:15.458: D/cocos2d-x debug info(20794):       type = 0
03-12 20:08:15.458: D/cocos2d-x debug info(20794):     } },
03-12 20:08:15.458: D/cocos2d-x debug info(20794):   msg = "",
03-12 20:08:15.458: D/cocos2d-x debug info(20794):   ret = 1,
03-12 20:08:15.458: D/cocos2d-x debug info(20794):   time = 1552392568
03-12 20:08:15.458: D/cocos2d-x debug info(20794): }
03-12 20:08:15.459: D/cocos2d-x debug info(20794): [LUA-print] DEBUG -- [Http]:[8] response={"ret":1,"msg":"","time":1552392568,"data":[{"type":0,"btn":1,"other":0,"btnText":"\u7acb\u5373\u9886\u53d6","content":"\u83b7\u5f97\u7cfb\u7edf\u8d60\u9001\u56de\u5f52\u5956\u52b1","money":10000,"need":1,"complete":1}]}
03-12 20:08:15.462: D/cocos2d-x debug info(20794): [LUA-print] DEBUG -- HttpService response :[ 9 ] from    data =  {
03-12 20:08:15.462: D/cocos2d-x debug info(20794):   data = {
03-12 20:08:15.462: D/cocos2d-x debug info(20794):     freeTimes = 0
03-12 20:08:15.462: D/cocos2d-x debug info(20794):   },
03-12 20:08:15.462: D/cocos2d-x debug info(20794):   msg = "",
03-12 20:08:15.462: D/cocos2d-x debug info(20794):   ret = 1,
03-12 20:08:15.462: D/cocos2d-x debug info(20794):   time = 1552392568
03-12 20:08:15.462: D/cocos2d-x debug info(20794): }
03-12 20:08:15.463: D/cocos2d-x debug info(20794): [LUA-print] DEBUG -- [Http]:[9] response={"ret":1,"msg":"","time":1552392568,"data":{"freeTimes":0}}
03-12 20:08:15.479: D/JniHelper(20794): JniHelper::getJavaVM(), pthread_self() = 547064013888
03-12 20:08:15.480: D/JniHelper(20794): JniHelper::getJavaVM(), pthread_self() = 547064013888
03-12 20:08:15.488: D/JniHelper(20794): JniHelper::getJavaVM(), pthread_self() = 547062969408
03-12 20:08:15.488: D/cocos2d-x debug info(20794): [LUA-print] DEBUG -- HttpService response :[ 13 ] from    data =  {
03-12 20:08:15.488: D/cocos2d-x debug info(20794):   data = {},
03-12 20:08:15.488: D/cocos2d-x debug info(20794):   msg = "",
03-12 20:08:15.488: D/cocos2d-x debug info(20794):   ret = 1,
03-12 20:08:15.488: D/cocos2d-x debug info(20794):   time = 1552392568
03-12 20:08:15.488: D/cocos2d-x debug info(20794): }
03-12 20:08:15.489: D/JniHelper(20794): JniHelper::getJavaVM(), pthread_self() = 547062969408
03-12 20:08:15.489: D/cocos2d-x debug info(20794): [LUA-print] DEBUG -- [Http]:[13] response={"ret":1,"msg":"","time":1552392568,"data":[]}
03-12 20:08:15.492: D/cocos2d-x debug info(20794): [LUA-print] DEBUG -- HttpService response :[ 14 ] from    data =  {
03-12 20:08:15.492: D/cocos2d-x debug info(20794):   data = {
03-12 20:08:15.492: D/cocos2d-x debug info(20794):     needTime = 120
03-12 20:08:15.492: D/cocos2d-x debug info(20794):   },
03-12 20:08:15.492: D/cocos2d-x debug info(20794):   msg = "",
03-12 20:08:15.492: D/cocos2d-x debug info(20794):   ret = 1,
03-12 20:08:15.492: D/cocos2d-x debug info(20794):   time = 1552392568
03-12 20:08:15.492: D/cocos2d-x debug info(20794): }
03-12 20:08:15.493: D/cocos2d-x debug info(20794): [LUA-print] DEBUG -- [Http]:[14] response={"ret":1,"msg":"","time":1552392568,"data":{"needTime":120}}
03-12 20:08:15.686: D/JniHelper(20794): JniHelper::getJavaVM(), pthread_self() = 547061924928
03-12 20:08:15.687: D/JniHelper(20794): JniHelper::getJavaVM(), pthread_self() = 547061924928
03-12 20:08:15.703: D/JniHelper(20794): JniHelper::getJavaVM(), pthread_self() = 547060880448
03-12 20:08:15.704: D/JniHelper(20794): JniHelper::getJavaVM(), pthread_self() = 547060880448
03-12 20:08:15.708: D/JniHelper(20794): JniHelper::getJavaVM(), pthread_self() = 547058791488
03-12 20:08:15.708: D/JniHelper(20794): JniHelper::getJavaVM(), pthread_self() = 547058791488
03-12 20:08:15.806: D/cocos2d-x debug info(20794): [LUA-print] DEBUG -- HttpService response :[ 15 ] from    data =  {
03-12 20:08:15.806: D/cocos2d-x debug info(20794):   data = {
03-12 20:08:15.806: D/cocos2d-x debug info(20794):     aType = { 0 },
03-12 20:08:15.806: D/cocos2d-x debug info(20794):     list = { {
03-12 20:08:15.806: D/cocos2d-x debug info(20794):         give = 0,
03-12 20:08:15.806: D/cocos2d-x debug info(20794):         giveType = 0,
03-12 20:08:15.806: D/cocos2d-x debug info(20794):         id = 101,
03-12 20:08:15.806: D/cocos2d-x debug info(20794):         paymode = 26,
03-12 20:08:15.806: D/cocos2d-x debug info(20794):         price = 10,
03-12 20:08:15.806: D/cocos2d-x debug info(20794):         type = 0,
03-12 20:08:15.806: D/cocos2d-x debug info(20794):         value = 640000
03-12 20:08:15.806: D/cocos2d-x debug info(20794):       }, {
03-12 20:08:15.806: D/cocos2d-x debug info(20794):         give = 0,
03-12 20:08:15.806: D/cocos2d-x debug info(20794):         giveType = 0,
03-12 20:08:15.806: D/cocos2d-x debug info(20794):         id = 102,
03-12 20:08:15.806: D/cocos2d-x debug info(20794):         paymode = 26,
03-12 20:08:15.806: D/cocos2d-x debug info(20794):         price = 25,
03-12 20:08:15.806: D/cocos2d-x debug info(20794):         type = 0,
03-12 20:08:15.806: D/cocos2d-x debug info(20794):         value = 1750000
03-12 20:08:15.806: D/cocos2d-x debug info(20794):       }, {
03-12 20:08:15.806: D/cocos2d-x debug info(20794):         give = 0,
03-12 20:08:15.806: D/cocos2d-x debug info(20794):         giveType = 0,
03-12 20:08:15.806: D/cocos2d-x debug info(20794):         id = 104,
03-12 20:08:15.806: D/cocos2d-x debug info(20794):         paymode = 26,
03-12 20:08:15.806: D/cocos2d-x debug info(20794):         price = 50,
03-12 20:08:15.806: D/cocos2d-x debug info(20794):         type = 0,
03-12 20:08:15.806: D/cocos2d-x debug info(20794):         value = 3750000
03-12 20:08:15.806: D/cocos2d-x debug info(20794):       }, {
03-12 20:08:15.806: D/cocos2d-x debug info(20794):         give = 0,
03-12 20:08:15.806: D/cocos2d-x debug info(20794):         giveType = 0,
03-12 20:08:15.806: D/cocos2d-x debug info(20794):         id = 106,
03-12 20:08:15.806: D/cocos2d-x debug info(20794):         paymode = 26,
03-12 20:08:15.806: D/cocos2d-x debug info(20794):         price = 100,
03-12 20:08:15.806: D/cocos2d-x debug info(20794):         type = 0,
03-12 20:08:15.806: D/cocos2d-x debug info(20794):         value = 8000000
03-12 20:08:15.806: D/cocos2d-x debug info(20794):       }, {
03-12 20:08:15.806: D/cocos2d-x debug info(20794):         give = 0,
03-12 20:08:15.806: D/cocos2d-x debug info(20794):         giveType = 0,
03-12 20:08:15.806: D/cocos2d-x debug info(20794):         id = 107,
03-12 20:08:15.806: D/cocos2d-x debug info(20794):         paymode = 26,
03-12 20:08:15.806: D/cocos2d-x debug info(20794):         price = 150,
03-12 20:08:15.806: D/cocos2d-x debug info(20794):         type = 0,
03-12 20:08:15.806: D/cocos2d-x debug info(20794):         value = 12750000
03-12 20:08:15.806: D/cocos2d-x debug info(20794):       }, {
03-12 20:08:15.806: D/cocos2d-x debug info(20794):         give = 0,
03-12 20:08:15.806: D/cocos2d-x debug info(20794):         giveType = 0,
03-12 20:08:15.806: D/cocos2d-x debug info(20794):         id = 109,
03-12 20:08:15.806: D/cocos2d-x debug info(20794):         paymode = 26,
03-12 20:08:15.806: D/cocos2d-x debug info(20794):         price = 250,
03-12 20:08:15.806: D/cocos2d-x debug info(20794):         type = 0,
03-12 20:08:15.806: D/cocos2d-x debug info(20794):         value = 23000000
03-12 20:08:15.807: D/cocos2d-x debug info(20794): [LUA-print] DEBUG -- [Http]:[15] response={"ret":1,"msg":"","time":1552392568,"data":{"aType":[0],"nextVip":{"level":1,"payRebate":0,"pay":50,"invalid":1},"webpayHelp":1,"list":[{"id":101,"paymode":26,"type":0,"price":10,"value":640000,"give":0,"giveType":0},{"id":102,"paymode":26,"type":0,"price":25,"value":1750000,"give":0,"giveType":0},{"id":104,"paymode":26,"type":0,"price":50,"value":3750000,"give":0,"giveType":0},{"id":106,"paymode":26,"type":0,"price":100,"value":8000000,"give":0,"giveType":0},{"id":107,"paymode":26,"type":0,"price":150,"value":12750000,"give":0,"giveType":0},{"id":109,"paymode":26,"type":0,"price":250,"value":23000000,"give":0,"giveType":0},{"id":104,"paymode":5,"type":0,"price":50,"value":3750000,"give":0,"giveType":0},{"id":105,"paymode":5,"type":0,"price":90,"value":7200000,"give":0,"giveType":0},{"id":107,"paymode":5,"type":0,"price":150,"value":12750000,"give":0,"giveType":0},{"id":110,"paymode":5,"type":0,"price":300,"value":28200000,"give":0,"giveType":0},{"id":111,"paymode":5
03-12 20:08:15.808: D/audio_hw_primary(760): disable_audio_route: reset and update mixer path: low-latency-playback quat-mi2s
03-12 20:08:15.809: D/soundtrigger(760): audio_extn_sound_trigger_update_stream_status: uc_id 1 of type 0 for Event 2, with Raise=0
03-12 20:08:15.809: D/hardware_info(760): hw_info_append_hw_type : device_name = speaker
03-12 20:08:15.809: D/audio_hw_primary(760): out_standby: exit
03-12 20:08:15.842: D/CCFileUtils-android.cpp(20794): relative path = src/app/module/product/GameCoin.lua
03-12 20:08:15.909: D/cocos2d-x debug info(20794): [LUA-print] DEBUG -- [Http]:调用接口:pay.recommend
03-12 20:08:15.909: D/cocos2d-x debug info(20794): [LUA-print] DEBUG -- [Http]:准备md5的参数值:WZEO{"sid":1,"fc":"pay.recommend","mid":"1610961","api":16822784,"t":1552392495,"v":"1.7.0","l":1,"param":{"aSupportMode":[27,26,13,14,4,10,5,11,25,8,12,2,15]}}
03-12 20:08:15.910: D/cocos2d-x debug info(20794): [LUA-print] DEBUG -- [Http]:加密md5值:cdaa83038fe419ced361fff46f59c8f5
03-12 20:08:15.912: D/JniHelper(20794): JniHelper::getJavaVM(), pthread_self() = 547057747008
03-12 20:08:15.912: D/cocos2d-x debug info(20794): [LUA-print] DEBUG -- HttpService : [ 22 ]  POST url =  http://yourfungame.com/api.php  params =  {
03-12 20:08:15.912: D/cocos2d-x debug info(20794):   d = '{"sid":1,"fc":"pay.recommend","mid":"1610961","api":16822784,"t":1552392495,"v":"1.7.0","l":1,"param":{"aSupportMode":[27,26,13,14,4,10,5,11,25,8,12,2,15]}}',
03-12 20:08:15.912: D/cocos2d-x debug info(20794):   s = "cdaa83038fe419ced361fff46f59c8f5"
03-12 20:08:15.912: D/cocos2d-x debug info(20794): }
03-12 20:08:15.912: D/JniHelper(20794): JniHelper::getJavaVM(), pthread_self() = 547057747008
03-12 20:08:15.912: D/cocos2d-x debug info(20794): [LUA-print] DEBUG -- [Http]:[22][POST][http://yourfungame.com/api.php] {"d":"{\"sid\":1,\"fc\":\"pay.recommend\",\"mid\":\"1610961\",\"api\":16822784,\"t\":1552392495,\"v\":\"1.7.0\",\"l\":1,\"param\":{\"aSupportMode\":[27,26,13,14,4,10,5,11,25,8,12,2,15]}}","s":"cdaa83038fe419ced361fff46f59c8f5"}
03-12 20:08:15.914: D/cocos2d-x debug info(20794): [LUA-print] DEBUG -- [Http]:调用接口:pay.sale
03-12 20:08:15.915: D/cocos2d-x debug info(20794): [LUA-print] DEBUG -- [Http]:准备md5的参数值:WZEO{"sid":1,"fc":"pay.sale","mid":"1610961","api":16822784,"t":1552392495,"v":"1.7.0","l":1,"param":{"aSupportMode":[27,26,13,14,4,10,5,11,25,8,12,2,15]}}
03-12 20:08:15.915: D/cocos2d-x debug info(20794): [LUA-print] DEBUG -- [Http]:加密md5值:3b1fe6e29a82702abea3803c7e693f9a
03-12 20:08:15.917: D/cocos2d-x debug info(20794): [LUA-print] DEBUG -- HttpService : [ 23 ]  POST url =  http://yourfungame.com/api.php  params =  {
03-12 20:08:15.917: D/cocos2d-x debug info(20794):   d = '{"sid":1,"fc":"pay.sale","mid":"1610961","api":16822784,"t":1552392495,"v":"1.7.0","l":1,"param":{"aSupportMode":[27,26,13,14,4,10,5,11,25,8,12,2,15]}}',
03-12 20:08:15.917: D/cocos2d-x debug info(20794):   s = "3b1fe6e29a82702abea3803c7e693f9a"
03-12 20:08:15.917: D/cocos2d-x debug info(20794): }
03-12 20:08:15.917: D/cocos2d-x debug info(20794): [LUA-print] DEBUG -- [Http]:[23][POST][http://yourfungame.com/api.php] {"d":"{\"sid\":1,\"fc\":\"pay.sale\",\"mid\":\"1610961\",\"api\":16822784,\"t\":1552392495,\"v\":\"1.7.0\",\"l\":1,\"param\":{\"aSupportMode\":[27,26,13,14,4,10,5,11,25,8,12,2,15]}}","s":"3b1fe6e29a82702abea3803c7e693f9a"}
03-12 20:08:15.923: D/luajc(20794): LuaJavaBridge::callJavaStaticMethod(lua_State *L)
03-12 20:08:15.923: D/luajc(20794): LuaJavaBridge::callJavaStaticMethod("com/game/th/core/iab/InAppBillingBridge", "isSetupComplete", args, "()Z") CHECK FAILURE
03-12 20:08:15.924: D/JniHelper(20794): JniHelper::getJavaVM(), pthread_self() = 547514479680
03-12 20:08:15.924: D/InAppBillingBridge(20794): isSetupComplete iab not null
03-12 20:08:15.924: D/InAppBillingBridge(20794): isSetupComplete true
03-12 20:08:15.924: D/luajc(20794): LuaJavaBridge::callJavaStaticMethod("com/game/th/core/iab/InAppBillingBridge", "isSetupComplete", args, "()Z") SUCCESS
03-12 20:08:15.926: D/cocos2d-x debug info(20794): [LUA-print] DEBUG -- GooglePlugin:loadProductList :skuList =  { "", "", "", "", "", "", "", "", "", "" } goodType =  0
03-12 20:08:15.927: D/luajc(20794): LuaJavaBridge::callJavaStaticMethod(lua_State *L)
03-12 20:08:15.927: D/luajc(20794): LuaJavaBridge::callJavaStaticMethod("com/game/th/core/iab/InAppBillingBridge", "loadProductList", args, "(Ljava/lang/String;)V") CHECK FAILURE
03-12 20:08:15.927: D/JniHelper(20794): JniHelper::getJavaVM(), pthread_self() = 547514479680
03-12 20:08:15.927: D/InAppBillingBridge(20794): loadProductList
03-12 20:08:15.927: D/luajc(20794): LuaJavaBridge::callJavaStaticMethod("com/game/th/core/iab/InAppBillingBridge", "loadProductList", args, "(Ljava/lang/String;)V") SUCCESS
03-12 20:08:15.930: I/Finsky(14065): [70359] eku.b(46): com.yourfun.kings: Account from first account - [f3AJuMoL86_DzTUGES4d7sS6xuY]
03-12 20:08:15.932: I/Finsky(14065): [70311] eku.b(46): com.yourfun.kings: Account from first account - [f3AJuMoL86_DzTUGES4d7sS6xuY]
03-12 20:08:15.941: W/Finsky(14065): [70311] ejr.a(82): Input Error: skusBundle array associated with key ITEM_ID_LIST contains an empty/null sku at index 0.
